******************************************************************************
                  TI ARM Linker PC v16.9.3                     
******************************************************************************
>> Linked Thu Aug 24 21:58:59 2017

OUTPUT FILE NAME:   <TreeArm.out>
ENTRY POINT SYMBOL: "_c_int00"  address: 000040d5


MEMORY CONFIGURATION

         name            origin    length      used     unused   attr    fill
----------------------  --------  ---------  --------  --------  ----  --------
  FLASH                 00000000   00040000  0000526c  0003ad94  R  X
  SRAM                  20000000   00008000  00000d94  0000726c  RW X


SEGMENT ALLOCATION MAP

run origin  load origin   length   init length attrs members
----------  ----------- ---------- ----------- ----- -------
00000000    00000000    00005270   00005270    r-x
  00000000    00000000    0000026c   0000026c    r-- .intvecs
  0000026c    0000026c    000046d8   000046d8    r-x .text
  00004944    00004944    000008d0   000008d0    r-- .const
  00005218    00005218    00000058   00000058    r-- .cinit
20000000    20000000    00000d94   00000000    rw-
  20000000    20000000    00000800   00000000    rw- .stack
  20000800    20000800    00000550   00000000    rw- .bss
  20000d50    20000d50    00000044   00000000    rw- .data


SECTION ALLOCATION MAP

 output                                  attributes/
section   page    origin      length       input sections
--------  ----  ----------  ----------   ----------------
.intvecs   0    00000000    0000026c     
                  00000000    0000026c     tm4c123gh6pge_startup_ccs.obj (.intvecs)

.text      0    0000026c    000046d8     
                  0000026c    00001354     main.obj (.text)
                  000015c0    0000113e     rtsv7M4_T_le_v4SPD16_eabi.lib : _printfi.obj (.text)
                  000026fe    00000002                                   : i_div0.obj (.text)
                  00002700    0000067c     cfal96x64x16.obj (.text)
                  00002d7c    00000254     grlib.lib : string.obj (.text:GrFontGlyphRender)
                  00002fd0    000001f4     rtsv7M4_T_le_v4SPD16_eabi.lib : ull_div_t2.obj (.text)
                  000031c4    000001b6                                   : fd_add_t2.obj (.text)
                  0000337a    00000136                                   : fd_div_t2.obj (.text)
                  000034b0    00000132     driverlib.lib : gpio.obj (.text:GPIOPadConfigSet)
                  000035e2    00000002     rtsv7M4_T_le_v4SPD16_eabi.lib : mpu_init.obj (.text)
                  000035e4    00000110     driverlib.lib : sysctl.obj (.text:SysCtlClockGet)
                  000036f4    000000fc     rtsv7M4_T_le_v4SPD16_eabi.lib : fd_mul_t2.obj (.text)
                  000037f0    000000fc                                   : s_scalbn.obj (.text)
                  000038ec    000000f4     driverlib.lib : sysctl.obj (.text:SysCtlClockSet)
                  000039e0    000000c0     grlib.lib : string.obj (.text:GrDefaultStringRenderer)
                  00003aa0    0000009c     rtsv7M4_T_le_v4SPD16_eabi.lib : memcpy_t2.obj (.text)
                  00003b3c    00000086                                   : fd_cmp_t2.obj (.text:__aeabi_cdcmple)
                  00003bc2    00000086                                   : fd_cmp_t2.obj (.text:__aeabi_cdrcmple)
                  00003c48    00000080     driverlib.lib : udma.obj (.text:uDMAChannelTransferSet)
                  00003cc8    0000007a     rtsv7M4_T_le_v4SPD16_eabi.lib : memset_t2.obj (.text)
                  00003d42    00000002                                   : startup.obj (.text)
                  00003d44    00000070                                   : autoinit.obj (.text)
                  00003db4    00000068     grlib.lib : context.obj (.text:GrContextInit)
                  00003e1c    00000068               : string.obj (.text:GrStringWidthGet)
                  00003e84    00000068     driverlib.lib : interrupt.obj (.text:IntEnable)
                  00003eec    00000068     rtsv7M4_T_le_v4SPD16_eabi.lib : copy_decompress_lzss.obj (.text:decompress:lzss)
                  00003f54    00000064                                   : s_frexp.obj (.text)
                  00003fb8    00000060     driverlib.lib : timer.obj (.text:TimerConfigure)
                  00004018    00000060     rtsv7M4_T_le_v4SPD16_eabi.lib : sprintf.obj (.text)
                  00004078    0000005a     grlib.lib : string.obj (.text:FontWideGlyphDataGet)
                  000040d2    00000002     --HOLE-- [fill = 0]
                  000040d4    00000054     rtsv7M4_T_le_v4SPD16_eabi.lib : boot.obj (.text)
                  00004128    00000054                                   : exit.obj (.text)
                  0000417c    00000054                                   : ltoa.obj (.text)
                  000041d0    0000004c     driverlib.lib : gpio.obj (.text:GPIOPinConfigure)
                  0000421c    0000004c     rtsv7M4_T_le_v4SPD16_eabi.lib : atoi.obj (.text)
                  00004268    0000004c                                   : cpy_tbl.obj (.text)
                  000042b4    0000004a     grlib.lib : string.obj (.text:UpdateContextCharMapping)
                  000042fe    00000002     --HOLE-- [fill = 0]
                  00004300    00000048     driverlib.lib : sysctl.obj (.text:SysCtlPeripheralClockGating)
                  00004348    00000048     rtsv7M4_T_le_v4SPD16_eabi.lib : fd_toi_t2.obj (.text)
                  00004390    00000048     driverlib.lib : udma.obj (.text:uDMAChannelAttributeDisable)
                  000043d8    00000046                   : uart.obj (.text:UARTConfigSetExpClk)
                  0000441e    00000002     --HOLE-- [fill = 0]
                  00004420    00000044                   : udma.obj (.text:uDMAChannelAttributeEnable)
                  00004464    00000040     rtsv7M4_T_le_v4SPD16_eabi.lib : u_divt2.obj (.text)
                  000044a4    0000003a     grlib.lib : string.obj (.text:FontGlyphDataGet)
                  000044de    00000002     --HOLE-- [fill = 0]
                  000044e0    00000038     driverlib.lib : sysctl.obj (.text:SysCtlPeripheralReady)
                  00004518    00000034                   : sysctl.obj (.text:SysCtlPeripheralEnable)
                  0000454c    00000034                   : sysctl.obj (.text:SysCtlPeripheralSleepEnable)
                  00004580    0000002e     grlib.lib : string.obj (.text:GrStringNextCharGet)
                  000045ae    0000002e     rtsv7M4_T_le_v4SPD16_eabi.lib : i_tofd_t2.obj (.text)
                  000045dc    0000002c     driverlib.lib : gpio.obj (.text:GPIODirModeSet)
                  00004608    0000002c     grlib.lib : string.obj (.text:GrFontBaselineGet)
                  00004634    0000002c     driverlib.lib : udma.obj (.text:uDMAChannelAssign)
                  00004660    00000028                   : udma.obj (.text:uDMAChannelModeGet)
                  00004688    00000026     grlib.lib : string.obj (.text:GrFontInfoGet)
                  000046ae    00000002     --HOLE-- [fill = 0]
                  000046b0    00000024     driverlib.lib : udma.obj (.text:uDMAChannelControlSet)
                  000046d4    00000022     grlib.lib : string.obj (.text:GrFontGlyphDataGet)
                  000046f6    00000002     --HOLE-- [fill = 0]
                  000046f8    00000020     driverlib.lib : uart.obj (.text:UARTDisable)
                  00004718    0000001e     grlib.lib : string.obj (.text:GrFontCodepageGet)
                  00004736    0000001c     rtsv7M4_T_le_v4SPD16_eabi.lib : memccpy.obj (.text)
                  00004752    00000002     --HOLE-- [fill = 0]
                  00004754    00000018                                   : args_main.obj (.text)
                  0000476c    00000018     driverlib.lib : udma.obj (.text:uDMAChannelEnable)
                  00004784    00000016                   : gpio.obj (.text:GPIOPinTypeUART)
                  0000479a    00000016     grlib.lib : string.obj (.text:GrStringDraw)
                  000047b0    00000016     rtsv7M4_T_le_v4SPD16_eabi.lib : strchr.obj (.text)
                  000047c6    00000002     --HOLE-- [fill = 0]
                  000047c8    00000014     driverlib.lib : systick.obj (.text:SysTickEnable)
                  000047dc    00000014                   : systick.obj (.text:SysTickIntEnable)
                  000047f0    00000014                   : uart.obj (.text:UARTEnable)
                  00004804    00000014     rtsv7M4_T_le_v4SPD16_eabi.lib : _lock.obj (.text)
                  00004818    00000014                                   : s_copysign.obj (.text)
                  0000482c    00000014                                   : strlen.obj (.text)
                  00004840    00000012     driverlib.lib : timer.obj (.text:TimerLoadSet)
                  00004852    00000010                   : interrupt.obj (.text:IntMasterDisable)
                  00004862    00000010                   : interrupt.obj (.text:IntMasterEnable)
                  00004872    00000002     --HOLE-- [fill = 0]
                  00004874    00000010                   : systick.obj (.text:SysTickPeriodSet)
                  00004884    00000010                   : udma.obj (.text:uDMAEnable)
                  00004894    0000000e                   : timer.obj (.text:TimerEnable)
                  000048a2    0000000e     rtsv7M4_T_le_v4SPD16_eabi.lib : copy_decompress_none.obj (.text:decompress:none)
                  000048b0    0000000c     driverlib.lib : cpu.obj (.text:CPUcpsid)
                  000048bc    0000000c                   : cpu.obj (.text:CPUcpsie)
                  000048c8    0000000c     rtsv7M4_T_le_v4SPD16_eabi.lib : copy_zero_init.obj (.text:decompress:ZI)
                  000048d4    0000000c     tm4c123gh6pge_startup_ccs.obj (.text)
                  000048e0    0000000c     driverlib.lib : udma.obj (.text:uDMAControlBaseSet)
                  000048ec    0000000c                   : udma.obj (.text:uDMAErrorStatusClear)
                  000048f8    0000000c                   : udma.obj (.text:uDMAErrorStatusGet)
                  00004904    0000000a                   : uart.obj (.text:UARTIntStatus)
                  0000490e    00000008     grlib.lib : charmap.obj (.text:GrMapISO8859_1_Unicode)
                  00004916    00000008     driverlib.lib : timer.obj (.text:TimerIntEnable)
                  0000491e    00000008                   : uart.obj (.text:UARTDMAEnable)
                  00004926    00000006     grlib.lib : string.obj (.text:GrContextFontSet)
                  0000492c    00000006     driverlib.lib : sysctl.obj (.text:SysCtlDelay)
                  00004932    00000006                   : uart.obj (.text:UARTFIFOLevelSet)
                  00004938    00000004                   : timer.obj (.text:TimerIntClear)
                  0000493c    00000004                   : uart.obj (.text:UARTIntClear)
                  00004940    00000004     rtsv7M4_T_le_v4SPD16_eabi.lib : pre_init.obj (.text)

.const     0    00004944    000008d0     
                  00004944    0000055f     grlib.lib : fontcm12.obj (.const:.string:g_pui8Cm12Data)
                  00004ea3    00000101     rtsv7M4_T_le_v4SPD16_eabi.lib : ctype.obj (.const:.string:_ctypes_)
                  00004fa4    000000c8     grlib.lib : fontcm12.obj (.const:g_sFontCm12)
                  0000506c    00000090     driverlib.lib : gpio.obj (.const:g_pui32GPIOBaseAddrs)
                  000050fc    0000006c                   : sysctl.obj (.const:g_pui32Xtals)
                  00005168    00000030     main.obj (.const:g_psDaysToMonth)
                  00005198    00000028     cfal96x64x16.obj (.const:g_sCFAL96x64x16)
                  000051c0    00000018     main.obj (.const:g_pfExponents)
                  000051d8    00000014     driverlib.lib : interrupt.obj (.const:g_pui32EnRegs)
                  000051ec    00000012     main.obj (.const:.string)
                  000051fe    00000002     --HOLE-- [fill = 0]
                  00005200    00000010     grlib.lib : context.obj (.const)
                  00005210    00000004     main.obj (.const)

.cinit     0    00005218    00000058     
                  00005218    00000032     (.cinit..data.load) [load image, compression = lzss]
                  0000524a    00000002     --HOLE-- [fill = 0]
                  0000524c    0000000c     (__TI_handler_table)
                  00005258    00000008     (.cinit..bss.load) [load image, compression = zero_init]
                  00005260    00000010     (__TI_cinit_table)

.init_array 
*          0    00000000    00000000     UNINITIALIZED

.stack     0    20000000    00000800     UNINITIALIZED
                  20000000    00000800     --HOLE--

.bss       0    20000800    00000550     UNINITIALIZED
                  20000800    00000400     (.common:ui8ControlTable)
                  20000c00    00000060     main.obj (.bss:TxBufA)
                  20000c60    00000060     main.obj (.bss:TxBufB)
                  20000cc0    00000040     main.obj (.bss:g_pui32RandomEntropy)
                  20000d00    0000002c     main.obj (.bss:sContext)
                  20000d2c    00000020     main.obj (.bss:str)
                  20000d4c    00000004     (.common:g_psGrLibDefaults)

.data      0    20000d50    00000044     UNINITIALIZED
                  20000d50    00000014     main.obj (.data)
                  20000d64    00000013     cfal96x64x16.obj (.data:g_ui8DisplayInitCommands)
                  20000d77    00000001     --HOLE--
                  20000d78    0000000c     rtsv7M4_T_le_v4SPD16_eabi.lib : exit.obj (.data:$O1$$)
                  20000d84    00000008                                   : _lock.obj (.data:$O1$$)
                  20000d8c    00000004                                   : errno.obj (.data)
                  20000d90    00000004                                   : stkdepth_vars.obj (.data)

MODULE SUMMARY

       Module                          code    ro data   rw data
       ------                          ----    -------   -------
    .\
       main.obj                        4948    94        1376   
       tm4c123gh6pge_startup_ccs.obj   12      620       0      
    +--+-------------------------------+-------+---------+---------+
       Total:                          4960    714       1376   
                                                                
    .\drivers\
       cfal96x64x16.obj                1660    40        19     
    +--+-------------------------------+-------+---------+---------+
       Total:                          1660    40        19     
                                                                
    C:/ti/TivaWare_C_Series-2.1.4.178/driverlib/ccs/Debug/driverlib.lib
       sysctl.obj                      754     108       0      
       gpio.obj                        448     144       0      
       udma.obj                        464     0         0      
       interrupt.obj                   136     20        0      
       uart.obj                        150     0         0      
       timer.obj                       140     0         0      
       systick.obj                     56      0         0      
       cpu.obj                         24      0         0      
    +--+-------------------------------+-------+---------+---------+
       Total:                          2172    272       0      
                                                                
    C:/ti/TivaWare_C_Series-2.1.4.178/grlib/ccs/Debug/grlib.lib
       fontcm12.obj                    0       1575      0      
       string.obj                      1334    0         0      
       context.obj                     104     16        4      
       charmap.obj                     8       0         0      
    +--+-------------------------------+-------+---------+---------+
       Total:                          1446    1591      4      
                                                                
    C:\ti\ccsv7\tools\compiler\ti-cgt-arm_16.9.3.LTS\lib\rtsv7M4_T_le_v4SPD16_eabi.lib
       _printfi.obj                    4414    0         0      
       ull_div_t2.obj                  500     0         0      
       fd_add_t2.obj                   438     0         0      
       fd_div_t2.obj                   310     0         0      
       fd_cmp_t2.obj                   268     0         0      
       ctype.obj                       0       257       0      
       fd_mul_t2.obj                   252     0         0      
       s_scalbn.obj                    252     0         0      
       memcpy_t2.obj                   156     0         0      
       memset_t2.obj                   122     0         0      
       autoinit.obj                    112     0         0      
       copy_decompress_lzss.obj        104     0         0      
       s_frexp.obj                     100     0         0      
       exit.obj                        84      0         12     
       sprintf.obj                     96      0         0      
       boot.obj                        84      0         0      
       ltoa.obj                        84      0         0      
       atoi.obj                        76      0         0      
       cpy_tbl.obj                     76      0         0      
       fd_toi_t2.obj                   72      0         0      
       u_divt2.obj                     64      0         0      
       i_tofd_t2.obj                   46      0         0      
       _lock.obj                       20      0         8      
       memccpy.obj                     28      0         0      
       args_main.obj                   24      0         0      
       strchr.obj                      22      0         0      
       s_copysign.obj                  20      0         0      
       strlen.obj                      20      0         0      
       copy_decompress_none.obj        14      0         0      
       copy_zero_init.obj              12      0         0      
       errno.obj                       0       0         4      
       pre_init.obj                    4       0         0      
       stkdepth_vars.obj               0       0         4      
       i_div0.obj                      2       0         0      
       mpu_init.obj                    2       0         0      
       startup.obj                     2       0         0      
    +--+-------------------------------+-------+---------+---------+
       Total:                          7880    257       28     
                                                                
       Stack:                          0       0         2048   
       Linker Generated:               0       86        0      
    +--+-------------------------------+-------+---------+---------+
       Grand Total:                    18118   2960      3475   


LINKER GENERATED COPY TABLES

__TI_cinit_table @ 00005260 records: 2, size/record: 8, table size: 16
	.data: load addr=00005218, load size=00000032 bytes, run addr=20000d50, run size=00000044 bytes, compression=lzss
	.bss: load addr=00005258, load size=00000008 bytes, run addr=20000800, run size=00000550 bytes, compression=zero_init


LINKER GENERATED HANDLER TABLE

__TI_handler_table @ 0000524c records: 3, size/record: 4, table size: 12
	index: 0, handler: __TI_decompress_lzss
	index: 1, handler: __TI_decompress_none
	index: 2, handler: __TI_zero_init


GLOBAL SYMBOLS: SORTED ALPHABETICALLY BY Name 

address   name                           
-------   ----                           
00004129  C$$EXIT                        
00002bc3  CFAL96x64x16Init               
000048b1  CPUcpsid                       
000048bd  CPUcpsie                       
000045dd  GPIODirModeSet                 
000034b1  GPIOPadConfigSet               
000041d1  GPIOPinConfigure               
00004785  GPIOPinTypeUART                
00004927  GrContextFontSet               
00003db5  GrContextInit                  
000039e1  GrDefaultStringRenderer        
00004609  GrFontBaselineGet              
00004719  GrFontCodepageGet              
000046d5  GrFontGlyphDataGet             
00002d7d  GrFontGlyphRender              
00004689  GrFontInfoGet                  
0000490f  GrMapISO8859_1_Unicode         
0000479b  GrStringDraw                   
00004581  GrStringNextCharGet            
00003e1d  GrStringWidthGet               
00003e85  IntEnable                      
00004853  IntMasterDisable               
00004863  IntMasterEnable                
0000026d  RandomAddEntropy               
00000299  RandomSeed                     
000048d5  ResetISR                       
UNDEFED   SHT$$INIT_ARRAY$$Base          
UNDEFED   SHT$$INIT_ARRAY$$Limit         
20000d58  Service_Timer0                 
000035e5  SysCtlClockGet                 
000038ed  SysCtlClockSet                 
0000492d  SysCtlDelay                    
00004301  SysCtlPeripheralClockGating    
00004519  SysCtlPeripheralEnable         
000044e1  SysCtlPeripheralReady          
0000454d  SysCtlPeripheralSleepEnable    
000047c9  SysTickEnable                  
000011f1  SysTickHandler                 
000047dd  SysTickIntEnable               
00004875  SysTickPeriodSet               
000011d7  Timer0IntHandler               
00003fb9  TimerConfigure                 
00004895  TimerEnable                    
00004939  TimerIntClear                  
00004917  TimerIntEnable                 
00004841  TimerLoadSet                   
00001211  UART4IntHandler                
000043d9  UARTConfigSetExpClk            
0000491f  UARTDMAEnable                  
000046f9  UARTDisable                    
000047f1  UARTEnable                     
00004933  UARTFIFOLevelSet               
0000493d  UARTIntClear                   
00004905  UARTIntStatus                  
20000800  __STACK_END                    
00000800  __STACK_SIZE                   
20000200  __STACK_TOP                    
00005260  __TI_CINIT_Base                
00005270  __TI_CINIT_Limit               
0000524c  __TI_Handler_Table_Base        
00005258  __TI_Handler_Table_Limit       
00003d45  __TI_auto_init                 
20000d78  __TI_cleanup_ptr               
00003eed  __TI_decompress_lzss           
000048a3  __TI_decompress_none           
20000d7c  __TI_dtors_ptr                 
20000d80  __TI_enable_exit_profile_output
ffffffff  __TI_pprof_out_hndl            
00001e05  __TI_printfi                   
ffffffff  __TI_prof_data_size            
ffffffff  __TI_prof_data_start           
00000000  __TI_static_base__             
000048c9  __TI_zero_init                 
00003b3d  __aeabi_cdcmpeq                
00003b3d  __aeabi_cdcmple                
00003bc3  __aeabi_cdrcmple               
00004349  __aeabi_d2iz                   
000031cf  __aeabi_dadd                   
0000337b  __aeabi_ddiv                   
000036f5  __aeabi_dmul                   
000031c5  __aeabi_dsub                   
000045af  __aeabi_i2d                    
000026ff  __aeabi_idiv0                  
00003cc9  __aeabi_memclr                 
00003cc9  __aeabi_memclr4                
00003cc9  __aeabi_memclr8                
00003aa1  __aeabi_memcpy                 
00003aa1  __aeabi_memcpy4                
00003aa1  __aeabi_memcpy8                
00003ccb  __aeabi_memset                 
00003ccb  __aeabi_memset4                
00003ccb  __aeabi_memset8                
00004465  __aeabi_uidiv                  
00004465  __aeabi_uidivmod               
00002fd1  __aeabi_uldivmod               
ffffffff  __binit__                      
ffffffff  __c_args__                     
000035e3  __mpu_init                     
20000000  __stack                        
00004755  _args_main                     
000040d5  _c_int00                       
00004ea3  _ctypes_                       
20000d84  _lock                          
00004813  _nop                           
0000480b  _register_lock                 
00004805  _register_unlock               
00003d43  _system_post_cinit             
00004941  _system_pre_init               
20000d88  _unlock                        
0000412d  abort                          
0000421d  atoi                           
ffffffff  binit                          
00004269  copy_in                        
00004819  copysign                       
00004819  copysignl                      
20000d8c  errno                          
00004135  exit                           
00003f55  frexp                          
00003f55  frexpl                         
00000000  g_pfnVectors                   
00005200  g_psDefaultCodePointMapTable   
00005198  g_sCFAL96x64x16                
00004fa4  g_sFontCm12                    
00001321  init_UART                      
0000129f  init_clock                     
000012c5  init_display                   
000012f9  init_gpo                       
000013b9  init_timer                     
00001369  init_uDMA                      
000037f1  ldexp                          
000037f1  ldexpl                         
0000417d  ltoa                           
00001411  main                           
20000d90  main_func_sp                   
00004737  memccpy                        
00003aa1  memcpy                         
00003cd1  memset                         
000037f1  scalbn                         
000037f1  scalbnl                        
00004019  sprintf                        
000047b1  strchr                         
0000482d  strlen                         
00004635  uDMAChannelAssign              
00004391  uDMAChannelAttributeDisable    
00004421  uDMAChannelAttributeEnable     
000046b1  uDMAChannelControlSet          
0000476d  uDMAChannelEnable              
00004661  uDMAChannelModeGet             
00003c49  uDMAChannelTransferSet         
000048e1  uDMAControlBaseSet             
00004885  uDMAEnable                     
000011f3  uDMAErrorHandler               
000048ed  uDMAErrorStatusClear           
000048f9  uDMAErrorStatusGet             
20000800  ui8ControlTable                
00000a49  ulocaltime                     
00000c47  umktime                        
000011c1  urand                          
00000a19  usnprintf                      
000009e7  usprintf                       
000011b1  usrand                         
00001129  ustrcasecmp                    
0000119d  ustrcmp                        
0000102d  ustrlen                        
00001085  ustrncasecmp                   
0000113d  ustrncmp                       
00000559  ustrncpy                       
0000104f  ustrstr                        
00000df5  ustrtof                        
00000cbd  ustrtoul                       
000005bd  uvsnprintf                     


GLOBAL SYMBOLS: SORTED BY Symbol Address 

address   name                           
-------   ----                           
00000000  __TI_static_base__             
00000000  g_pfnVectors                   
0000026d  RandomAddEntropy               
00000299  RandomSeed                     
00000559  ustrncpy                       
000005bd  uvsnprintf                     
00000800  __STACK_SIZE                   
000009e7  usprintf                       
00000a19  usnprintf                      
00000a49  ulocaltime                     
00000c47  umktime                        
00000cbd  ustrtoul                       
00000df5  ustrtof                        
0000102d  ustrlen                        
0000104f  ustrstr                        
00001085  ustrncasecmp                   
00001129  ustrcasecmp                    
0000113d  ustrncmp                       
0000119d  ustrcmp                        
000011b1  usrand                         
000011c1  urand                          
000011d7  Timer0IntHandler               
000011f1  SysTickHandler                 
000011f3  uDMAErrorHandler               
00001211  UART4IntHandler                
0000129f  init_clock                     
000012c5  init_display                   
000012f9  init_gpo                       
00001321  init_UART                      
00001369  init_uDMA                      
000013b9  init_timer                     
00001411  main                           
00001e05  __TI_printfi                   
000026ff  __aeabi_idiv0                  
00002bc3  CFAL96x64x16Init               
00002d7d  GrFontGlyphRender              
00002fd1  __aeabi_uldivmod               
000031c5  __aeabi_dsub                   
000031cf  __aeabi_dadd                   
0000337b  __aeabi_ddiv                   
000034b1  GPIOPadConfigSet               
000035e3  __mpu_init                     
000035e5  SysCtlClockGet                 
000036f5  __aeabi_dmul                   
000037f1  ldexp                          
000037f1  ldexpl                         
000037f1  scalbn                         
000037f1  scalbnl                        
000038ed  SysCtlClockSet                 
000039e1  GrDefaultStringRenderer        
00003aa1  __aeabi_memcpy                 
00003aa1  __aeabi_memcpy4                
00003aa1  __aeabi_memcpy8                
00003aa1  memcpy                         
00003b3d  __aeabi_cdcmpeq                
00003b3d  __aeabi_cdcmple                
00003bc3  __aeabi_cdrcmple               
00003c49  uDMAChannelTransferSet         
00003cc9  __aeabi_memclr                 
00003cc9  __aeabi_memclr4                
00003cc9  __aeabi_memclr8                
00003ccb  __aeabi_memset                 
00003ccb  __aeabi_memset4                
00003ccb  __aeabi_memset8                
00003cd1  memset                         
00003d43  _system_post_cinit             
00003d45  __TI_auto_init                 
00003db5  GrContextInit                  
00003e1d  GrStringWidthGet               
00003e85  IntEnable                      
00003eed  __TI_decompress_lzss           
00003f55  frexp                          
00003f55  frexpl                         
00003fb9  TimerConfigure                 
00004019  sprintf                        
000040d5  _c_int00                       
00004129  C$$EXIT                        
0000412d  abort                          
00004135  exit                           
0000417d  ltoa                           
000041d1  GPIOPinConfigure               
0000421d  atoi                           
00004269  copy_in                        
00004301  SysCtlPeripheralClockGating    
00004349  __aeabi_d2iz                   
00004391  uDMAChannelAttributeDisable    
000043d9  UARTConfigSetExpClk            
00004421  uDMAChannelAttributeEnable     
00004465  __aeabi_uidiv                  
00004465  __aeabi_uidivmod               
000044e1  SysCtlPeripheralReady          
00004519  SysCtlPeripheralEnable         
0000454d  SysCtlPeripheralSleepEnable    
00004581  GrStringNextCharGet            
000045af  __aeabi_i2d                    
000045dd  GPIODirModeSet                 
00004609  GrFontBaselineGet              
00004635  uDMAChannelAssign              
00004661  uDMAChannelModeGet             
00004689  GrFontInfoGet                  
000046b1  uDMAChannelControlSet          
000046d5  GrFontGlyphDataGet             
000046f9  UARTDisable                    
00004719  GrFontCodepageGet              
00004737  memccpy                        
00004755  _args_main                     
0000476d  uDMAChannelEnable              
00004785  GPIOPinTypeUART                
0000479b  GrStringDraw                   
000047b1  strchr                         
000047c9  SysTickEnable                  
000047dd  SysTickIntEnable               
000047f1  UARTEnable                     
00004805  _register_unlock               
0000480b  _register_lock                 
00004813  _nop                           
00004819  copysign                       
00004819  copysignl                      
0000482d  strlen                         
00004841  TimerLoadSet                   
00004853  IntMasterDisable               
00004863  IntMasterEnable                
00004875  SysTickPeriodSet               
00004885  uDMAEnable                     
00004895  TimerEnable                    
000048a3  __TI_decompress_none           
000048b1  CPUcpsid                       
000048bd  CPUcpsie                       
000048c9  __TI_zero_init                 
000048d5  ResetISR                       
000048e1  uDMAControlBaseSet             
000048ed  uDMAErrorStatusClear           
000048f9  uDMAErrorStatusGet             
00004905  UARTIntStatus                  
0000490f  GrMapISO8859_1_Unicode         
00004917  TimerIntEnable                 
0000491f  UARTDMAEnable                  
00004927  GrContextFontSet               
0000492d  SysCtlDelay                    
00004933  UARTFIFOLevelSet               
00004939  TimerIntClear                  
0000493d  UARTIntClear                   
00004941  _system_pre_init               
00004ea3  _ctypes_                       
00004fa4  g_sFontCm12                    
00005198  g_sCFAL96x64x16                
00005200  g_psDefaultCodePointMapTable   
0000524c  __TI_Handler_Table_Base        
00005258  __TI_Handler_Table_Limit       
00005260  __TI_CINIT_Base                
00005270  __TI_CINIT_Limit               
20000000  __stack                        
20000200  __STACK_TOP                    
20000800  __STACK_END                    
20000800  ui8ControlTable                
20000d58  Service_Timer0                 
20000d78  __TI_cleanup_ptr               
20000d7c  __TI_dtors_ptr                 
20000d80  __TI_enable_exit_profile_output
20000d84  _lock                          
20000d88  _unlock                        
20000d8c  errno                          
20000d90  main_func_sp                   
ffffffff  __TI_pprof_out_hndl            
ffffffff  __TI_prof_data_size            
ffffffff  __TI_prof_data_start           
ffffffff  __binit__                      
ffffffff  __c_args__                     
ffffffff  binit                          
UNDEFED   SHT$$INIT_ARRAY$$Base          
UNDEFED   SHT$$INIT_ARRAY$$Limit         

[171 symbols]
