******************************************************************************
                  TI ARM Linker PC v16.9.3                     
******************************************************************************
>> Linked Thu Aug 24 10:23:36 2017

OUTPUT FILE NAME:   <TreeArm.out>
ENTRY POINT SYMBOL: "_c_int00"  address: 00003e81


MEMORY CONFIGURATION

         name            origin    length      used     unused   attr    fill
----------------------  --------  ---------  --------  --------  ----  --------
  FLASH                 00000000   00040000  00004df4  0003b20c  R  X
  SRAM                  20000000   00008000  00000880  00007780  RW X


SEGMENT ALLOCATION MAP

run origin  load origin   length   init length attrs members
----------  ----------- ---------- ----------- ----- -------
00000000    00000000    00004df8   00004df8    r-x
  00000000    00000000    0000026c   0000026c    r-- .intvecs
  0000026c    0000026c    00004268   00004268    r-x .text
  000044d4    000044d4    000008d0   000008d0    r-- .const
  00004da8    00004da8    00000050   00000050    r-- .cinit
20000000    20000000    00000880   00000000    rw-
  20000000    20000000    00000800   00000000    rw- .stack
  20000800    20000800    00000044   00000000    rw- .bss
  20000844    20000844    0000003c   00000000    rw- .data


SECTION ALLOCATION MAP

 output                                  attributes/
section   page    origin      length       input sections
--------  ----  ----------  ----------   ----------------
.intvecs   0    00000000    0000026c     
                  00000000    0000026c     tm4c123gh6pge_startup_ccs.obj (.intvecs)

.text      0    0000026c    00004268     
                  0000026c    00001180     main.obj (.text)
                  000013ec    0000113e     rtsv7M4_T_le_v4SPD16_eabi.lib : _printfi.obj (.text)
                  0000252a    00000002                                   : i_div0.obj (.text)
                  0000252c    0000067c     cfal96x64x16.obj (.text)
                  00002ba8    00000254     grlib.lib : string.obj (.text:GrFontGlyphRender)
                  00002dfc    000001f4     rtsv7M4_T_le_v4SPD16_eabi.lib : ull_div_t2.obj (.text)
                  00002ff0    000001b6                                   : fd_add_t2.obj (.text)
                  000031a6    00000136                                   : fd_div_t2.obj (.text)
                  000032dc    00000132     driverlib.lib : gpio.obj (.text:GPIOPadConfigSet)
                  0000340e    00000002     rtsv7M4_T_le_v4SPD16_eabi.lib : mpu_init.obj (.text)
                  00003410    00000110     driverlib.lib : sysctl.obj (.text:SysCtlClockGet)
                  00003520    000000fc     rtsv7M4_T_le_v4SPD16_eabi.lib : fd_mul_t2.obj (.text)
                  0000361c    000000fc                                   : s_scalbn.obj (.text)
                  00003718    000000f4     driverlib.lib : sysctl.obj (.text:SysCtlClockSet)
                  0000380c    000000c0     grlib.lib : string.obj (.text:GrDefaultStringRenderer)
                  000038cc    0000009c     rtsv7M4_T_le_v4SPD16_eabi.lib : memcpy_t2.obj (.text)
                  00003968    00000086                                   : fd_cmp_t2.obj (.text:__aeabi_cdcmple)
                  000039ee    00000086                                   : fd_cmp_t2.obj (.text:__aeabi_cdrcmple)
                  00003a74    0000007a                                   : memset_t2.obj (.text)
                  00003aee    00000002                                   : startup.obj (.text)
                  00003af0    00000070                                   : autoinit.obj (.text)
                  00003b60    00000068     grlib.lib : context.obj (.text:GrContextInit)
                  00003bc8    00000068               : string.obj (.text:GrStringWidthGet)
                  00003c30    00000068     driverlib.lib : interrupt.obj (.text:IntEnable)
                  00003c98    00000068     rtsv7M4_T_le_v4SPD16_eabi.lib : copy_decompress_lzss.obj (.text:decompress:lzss)
                  00003d00    00000064                                   : s_frexp.obj (.text)
                  00003d64    00000060     driverlib.lib : timer.obj (.text:TimerConfigure)
                  00003dc4    00000060     rtsv7M4_T_le_v4SPD16_eabi.lib : sprintf.obj (.text)
                  00003e24    0000005a     grlib.lib : string.obj (.text:FontWideGlyphDataGet)
                  00003e7e    00000002     --HOLE-- [fill = 0]
                  00003e80    00000054     rtsv7M4_T_le_v4SPD16_eabi.lib : boot.obj (.text)
                  00003ed4    00000054                                   : exit.obj (.text)
                  00003f28    00000054                                   : ltoa.obj (.text)
                  00003f7c    0000004c     driverlib.lib : gpio.obj (.text:GPIOPinConfigure)
                  00003fc8    0000004c     rtsv7M4_T_le_v4SPD16_eabi.lib : atoi.obj (.text)
                  00004014    0000004c                                   : cpy_tbl.obj (.text)
                  00004060    0000004a     grlib.lib : string.obj (.text:UpdateContextCharMapping)
                  000040aa    00000048     rtsv7M4_T_le_v4SPD16_eabi.lib : fd_toi_t2.obj (.text)
                  000040f2    00000046     driverlib.lib : uart.obj (.text:UARTConfigSetExpClk)
                  00004138    00000040     rtsv7M4_T_le_v4SPD16_eabi.lib : u_divt2.obj (.text)
                  00004178    0000003a     grlib.lib : string.obj (.text:FontGlyphDataGet)
                  000041b2    00000002     --HOLE-- [fill = 0]
                  000041b4    00000038     driverlib.lib : sysctl.obj (.text:SysCtlPeripheralReady)
                  000041ec    00000034                   : sysctl.obj (.text:SysCtlPeripheralEnable)
                  00004220    0000002e     grlib.lib : string.obj (.text:GrStringNextCharGet)
                  0000424e    0000002e     rtsv7M4_T_le_v4SPD16_eabi.lib : i_tofd_t2.obj (.text)
                  0000427c    0000002c     driverlib.lib : gpio.obj (.text:GPIODirModeSet)
                  000042a8    0000002c     grlib.lib : string.obj (.text:GrFontBaselineGet)
                  000042d4    00000026               : string.obj (.text:GrFontInfoGet)
                  000042fa    00000022               : string.obj (.text:GrFontGlyphDataGet)
                  0000431c    00000020     driverlib.lib : uart.obj (.text:UARTDisable)
                  0000433c    0000001e     grlib.lib : string.obj (.text:GrFontCodepageGet)
                  0000435a    0000001c     rtsv7M4_T_le_v4SPD16_eabi.lib : memccpy.obj (.text)
                  00004376    00000002     --HOLE-- [fill = 0]
                  00004378    00000018                                   : args_main.obj (.text)
                  00004390    00000016     driverlib.lib : gpio.obj (.text:GPIOPinTypeUART)
                  000043a6    00000016     grlib.lib : string.obj (.text:GrStringDraw)
                  000043bc    00000016     rtsv7M4_T_le_v4SPD16_eabi.lib : strchr.obj (.text)
                  000043d2    00000014     driverlib.lib : uart.obj (.text:UARTEnable)
                  000043e6    00000002     --HOLE-- [fill = 0]
                  000043e8    00000014     rtsv7M4_T_le_v4SPD16_eabi.lib : _lock.obj (.text)
                  000043fc    00000014                                   : s_copysign.obj (.text)
                  00004410    00000014                                   : strlen.obj (.text)
                  00004424    00000012     driverlib.lib : timer.obj (.text:TimerLoadSet)
                  00004436    00000010                   : interrupt.obj (.text:IntMasterDisable)
                  00004446    00000010                   : interrupt.obj (.text:IntMasterEnable)
                  00004456    0000000e                   : timer.obj (.text:TimerEnable)
                  00004464    0000000e                   : uart.obj (.text:UARTCharPutNonBlocking)
                  00004472    0000000e     rtsv7M4_T_le_v4SPD16_eabi.lib : copy_decompress_none.obj (.text:decompress:none)
                  00004480    0000000c     driverlib.lib : cpu.obj (.text:CPUcpsid)
                  0000448c    0000000c                   : cpu.obj (.text:CPUcpsie)
                  00004498    0000000c     rtsv7M4_T_le_v4SPD16_eabi.lib : copy_zero_init.obj (.text:decompress:ZI)
                  000044a4    0000000c     tm4c123gh6pge_startup_ccs.obj (.text)
                  000044b0    00000008     grlib.lib : charmap.obj (.text:GrMapISO8859_1_Unicode)
                  000044b8    00000008     driverlib.lib : timer.obj (.text:TimerIntEnable)
                  000044c0    00000006     grlib.lib : string.obj (.text:GrContextFontSet)
                  000044c6    00000006     driverlib.lib : sysctl.obj (.text:SysCtlDelay)
                  000044cc    00000004                   : timer.obj (.text:TimerIntClear)
                  000044d0    00000004     rtsv7M4_T_le_v4SPD16_eabi.lib : pre_init.obj (.text)

.const     0    000044d4    000008d0     
                  000044d4    0000055f     grlib.lib : fontcm12.obj (.const:.string:g_pui8Cm12Data)
                  00004a33    00000101     rtsv7M4_T_le_v4SPD16_eabi.lib : ctype.obj (.const:.string:_ctypes_)
                  00004b34    000000c8     grlib.lib : fontcm12.obj (.const:g_sFontCm12)
                  00004bfc    00000090     driverlib.lib : gpio.obj (.const:g_pui32GPIOBaseAddrs)
                  00004c8c    0000006c                   : sysctl.obj (.const:g_pui32Xtals)
                  00004cf8    00000030     main.obj (.const:g_psDaysToMonth)
                  00004d28    00000028     cfal96x64x16.obj (.const:g_sCFAL96x64x16)
                  00004d50    00000018     main.obj (.const:g_pfExponents)
                  00004d68    00000014     driverlib.lib : interrupt.obj (.const:g_pui32EnRegs)
                  00004d7c    00000012     main.obj (.const:.string)
                  00004d8e    00000002     --HOLE-- [fill = 0]
                  00004d90    00000010     grlib.lib : context.obj (.const)
                  00004da0    00000004     main.obj (.const)

.cinit     0    00004da8    00000050     
                  00004da8    00000026     (.cinit..data.load) [load image, compression = lzss]
                  00004dce    00000002     --HOLE-- [fill = 0]
                  00004dd0    0000000c     (__TI_handler_table)
                  00004ddc    00000004     --HOLE-- [fill = 0]
                  00004de0    00000008     (.cinit..bss.load) [load image, compression = zero_init]
                  00004de8    00000010     (__TI_cinit_table)

.init_array 
*          0    00000000    00000000     UNINITIALIZED

.stack     0    20000000    00000800     UNINITIALIZED
                  20000000    00000800     --HOLE--

.bss       0    20000800    00000044     UNINITIALIZED
                  20000800    00000040     main.obj (.bss:g_pui32RandomEntropy)
                  20000840    00000004     (.common:g_psGrLibDefaults)

.data      0    20000844    0000003c     UNINITIALIZED
                  20000844    00000013     cfal96x64x16.obj (.data:g_ui8DisplayInitCommands)
                  20000857    00000001     --HOLE--
                  20000858    0000000c     rtsv7M4_T_le_v4SPD16_eabi.lib : exit.obj (.data:$O1$$)
                  20000864    00000009     main.obj (.data)
                  2000086d    00000003     --HOLE--
                  20000870    00000008     rtsv7M4_T_le_v4SPD16_eabi.lib : _lock.obj (.data:$O1$$)
                  20000878    00000004                                   : errno.obj (.data)
                  2000087c    00000004                                   : stkdepth_vars.obj (.data)

MODULE SUMMARY

       Module                          code    ro data   rw data
       ------                          ----    -------   -------
    .\
       main.obj                        4480    94        73     
       tm4c123gh6pge_startup_ccs.obj   12      620       0      
    +--+-------------------------------+-------+---------+---------+
       Total:                          4492    714       73     
                                                                
    .\drivers\
       cfal96x64x16.obj                1660    40        19     
    +--+-------------------------------+-------+---------+---------+
       Total:                          1660    40        19     
                                                                
    C:/ti/TivaWare_C_Series-2.1.4.178/driverlib/ccs/Debug/driverlib.lib
       sysctl.obj                      630     108       0      
       gpio.obj                        448     144       0      
       interrupt.obj                   136     20        0      
       timer.obj                       140     0         0      
       uart.obj                        136     0         0      
       cpu.obj                         24      0         0      
    +--+-------------------------------+-------+---------+---------+
       Total:                          1514    272       0      
                                                                
    C:/ti/TivaWare_C_Series-2.1.4.178/grlib/ccs/Debug/grlib.lib
       fontcm12.obj                    0       1575      0      
       string.obj                      1334    0         0      
       context.obj                     104     16        4      
       charmap.obj                     8       0         0      
    +--+-------------------------------+-------+---------+---------+
       Total:                          1446    1591      4      
                                                                
    C:\ti\ccsv7\tools\compiler\ti-cgt-arm_16.9.3.LTS\lib\rtsv7M4_T_le_v4SPD16_eabi.lib
       _printfi.obj                    4414    0         0      
       ull_div_t2.obj                  500     0         0      
       fd_add_t2.obj                   438     0         0      
       fd_div_t2.obj                   310     0         0      
       fd_cmp_t2.obj                   268     0         0      
       ctype.obj                       0       257       0      
       fd_mul_t2.obj                   252     0         0      
       s_scalbn.obj                    252     0         0      
       memcpy_t2.obj                   156     0         0      
       memset_t2.obj                   122     0         0      
       autoinit.obj                    112     0         0      
       copy_decompress_lzss.obj        104     0         0      
       s_frexp.obj                     100     0         0      
       exit.obj                        84      0         12     
       sprintf.obj                     96      0         0      
       boot.obj                        84      0         0      
       ltoa.obj                        84      0         0      
       atoi.obj                        76      0         0      
       cpy_tbl.obj                     76      0         0      
       fd_toi_t2.obj                   72      0         0      
       u_divt2.obj                     64      0         0      
       i_tofd_t2.obj                   46      0         0      
       _lock.obj                       20      0         8      
       memccpy.obj                     28      0         0      
       args_main.obj                   24      0         0      
       strchr.obj                      22      0         0      
       s_copysign.obj                  20      0         0      
       strlen.obj                      20      0         0      
       copy_decompress_none.obj        14      0         0      
       copy_zero_init.obj              12      0         0      
       errno.obj                       0       0         4      
       pre_init.obj                    4       0         0      
       stkdepth_vars.obj               0       0         4      
       i_div0.obj                      2       0         0      
       mpu_init.obj                    2       0         0      
       startup.obj                     2       0         0      
    +--+-------------------------------+-------+---------+---------+
       Total:                          7880    257       28     
                                                                
       Stack:                          0       0         2048   
       Linker Generated:               0       74        0      
    +--+-------------------------------+-------+---------+---------+
       Grand Total:                    16992   2948      2172   


LINKER GENERATED COPY TABLES

__TI_cinit_table @ 00004de8 records: 2, size/record: 8, table size: 16
	.data: load addr=00004da8, load size=00000026 bytes, run addr=20000844, run size=0000003c bytes, compression=lzss
	.bss: load addr=00004de0, load size=00000008 bytes, run addr=20000800, run size=00000044 bytes, compression=zero_init


LINKER GENERATED HANDLER TABLE

__TI_handler_table @ 00004dd0 records: 3, size/record: 4, table size: 12
	index: 0, handler: __TI_decompress_lzss
	index: 1, handler: __TI_decompress_none
	index: 2, handler: __TI_zero_init


GLOBAL SYMBOLS: SORTED ALPHABETICALLY BY Name 

address   name                           
-------   ----                           
00003ed5  C$$EXIT                        
000029ef  CFAL96x64x16Init               
00004481  CPUcpsid                       
0000448d  CPUcpsie                       
0000427d  GPIODirModeSet                 
000032dd  GPIOPadConfigSet               
00003f7d  GPIOPinConfigure               
00004391  GPIOPinTypeUART                
000044c1  GrContextFontSet               
00003b61  GrContextInit                  
0000380d  GrDefaultStringRenderer        
000042a9  GrFontBaselineGet              
0000433d  GrFontCodepageGet              
000042fb  GrFontGlyphDataGet             
00002ba9  GrFontGlyphRender              
000042d5  GrFontInfoGet                  
000044b1  GrMapISO8859_1_Unicode         
000043a7  GrStringDraw                   
00004221  GrStringNextCharGet            
00003bc9  GrStringWidthGet               
00003c31  IntEnable                      
00004437  IntMasterDisable               
00004447  IntMasterEnable                
0000026d  RandomAddEntropy               
00000299  RandomSeed                     
000044a5  ResetISR                       
UNDEFED   SHT$$INIT_ARRAY$$Base          
UNDEFED   SHT$$INIT_ARRAY$$Limit         
2000086c  Service_Timer0                 
00003411  SysCtlClockGet                 
00003719  SysCtlClockSet                 
000044c7  SysCtlDelay                    
000041ed  SysCtlPeripheralEnable         
000041b5  SysCtlPeripheralReady          
000011d7  Timer0IntHandler               
00003d65  TimerConfigure                 
00004457  TimerEnable                    
000044cd  TimerIntClear                  
000044b9  TimerIntEnable                 
00004425  TimerLoadSet                   
00004465  UARTCharPutNonBlocking         
000040f3  UARTConfigSetExpClk            
0000431d  UARTDisable                    
000043d3  UARTEnable                     
20000800  __STACK_END                    
00000800  __STACK_SIZE                   
20000200  __STACK_TOP                    
00004de8  __TI_CINIT_Base                
00004df8  __TI_CINIT_Limit               
00004dd0  __TI_Handler_Table_Base        
00004ddc  __TI_Handler_Table_Limit       
00003af1  __TI_auto_init                 
20000858  __TI_cleanup_ptr               
00003c99  __TI_decompress_lzss           
00004473  __TI_decompress_none           
2000085c  __TI_dtors_ptr                 
20000860  __TI_enable_exit_profile_output
ffffffff  __TI_pprof_out_hndl            
00001c31  __TI_printfi                   
ffffffff  __TI_prof_data_size            
ffffffff  __TI_prof_data_start           
00000000  __TI_static_base__             
00004499  __TI_zero_init                 
00003969  __aeabi_cdcmpeq                
00003969  __aeabi_cdcmple                
000039ef  __aeabi_cdrcmple               
000040ab  __aeabi_d2iz                   
00002ffb  __aeabi_dadd                   
000031a7  __aeabi_ddiv                   
00003521  __aeabi_dmul                   
00002ff1  __aeabi_dsub                   
0000424f  __aeabi_i2d                    
0000252b  __aeabi_idiv0                  
00003a75  __aeabi_memclr                 
00003a75  __aeabi_memclr4                
00003a75  __aeabi_memclr8                
000038cd  __aeabi_memcpy                 
000038cd  __aeabi_memcpy4                
000038cd  __aeabi_memcpy8                
00003a77  __aeabi_memset                 
00003a77  __aeabi_memset4                
00003a77  __aeabi_memset8                
00004139  __aeabi_uidiv                  
00004139  __aeabi_uidivmod               
00002dfd  __aeabi_uldivmod               
ffffffff  __binit__                      
ffffffff  __c_args__                     
0000340f  __mpu_init                     
20000000  __stack                        
00004379  _args_main                     
00003e81  _c_int00                       
00004a33  _ctypes_                       
20000870  _lock                          
000043f7  _nop                           
000043ef  _register_lock                 
000043e9  _register_unlock               
00003aef  _system_post_cinit             
000044d1  _system_pre_init               
20000874  _unlock                        
00003ed9  abort                          
00003fc9  atoi                           
ffffffff  binit                          
00004015  copy_in                        
000043fd  copysign                       
000043fd  copysignl                      
20000878  errno                          
00003ee1  exit                           
00003d01  frexp                          
00003d01  frexpl                         
00000000  g_pfnVectors                   
00004d90  g_psDefaultCodePointMapTable   
00004d28  g_sCFAL96x64x16                
00004b34  g_sFontCm12                    
0000361d  ldexp                          
0000361d  ldexpl                         
00003f29  ltoa                           
000011f5  main                           
2000087c  main_func_sp                   
0000435b  memccpy                        
000038cd  memcpy                         
00003a7d  memset                         
0000361d  scalbn                         
0000361d  scalbnl                        
00003dc5  sprintf                        
000043bd  strchr                         
00004411  strlen                         
00000a49  ulocaltime                     
00000c47  umktime                        
000011c1  urand                          
00000a19  usnprintf                      
000009e7  usprintf                       
000011b1  usrand                         
00001129  ustrcasecmp                    
0000119d  ustrcmp                        
0000102d  ustrlen                        
00001085  ustrncasecmp                   
0000113d  ustrncmp                       
00000559  ustrncpy                       
0000104f  ustrstr                        
00000df5  ustrtof                        
00000cbd  ustrtoul                       
000005bd  uvsnprintf                     


GLOBAL SYMBOLS: SORTED BY Symbol Address 

address   name                           
-------   ----                           
00000000  __TI_static_base__             
00000000  g_pfnVectors                   
0000026d  RandomAddEntropy               
00000299  RandomSeed                     
00000559  ustrncpy                       
000005bd  uvsnprintf                     
00000800  __STACK_SIZE                   
000009e7  usprintf                       
00000a19  usnprintf                      
00000a49  ulocaltime                     
00000c47  umktime                        
00000cbd  ustrtoul                       
00000df5  ustrtof                        
0000102d  ustrlen                        
0000104f  ustrstr                        
00001085  ustrncasecmp                   
00001129  ustrcasecmp                    
0000113d  ustrncmp                       
0000119d  ustrcmp                        
000011b1  usrand                         
000011c1  urand                          
000011d7  Timer0IntHandler               
000011f5  main                           
00001c31  __TI_printfi                   
0000252b  __aeabi_idiv0                  
000029ef  CFAL96x64x16Init               
00002ba9  GrFontGlyphRender              
00002dfd  __aeabi_uldivmod               
00002ff1  __aeabi_dsub                   
00002ffb  __aeabi_dadd                   
000031a7  __aeabi_ddiv                   
000032dd  GPIOPadConfigSet               
0000340f  __mpu_init                     
00003411  SysCtlClockGet                 
00003521  __aeabi_dmul                   
0000361d  ldexp                          
0000361d  ldexpl                         
0000361d  scalbn                         
0000361d  scalbnl                        
00003719  SysCtlClockSet                 
0000380d  GrDefaultStringRenderer        
000038cd  __aeabi_memcpy                 
000038cd  __aeabi_memcpy4                
000038cd  __aeabi_memcpy8                
000038cd  memcpy                         
00003969  __aeabi_cdcmpeq                
00003969  __aeabi_cdcmple                
000039ef  __aeabi_cdrcmple               
00003a75  __aeabi_memclr                 
00003a75  __aeabi_memclr4                
00003a75  __aeabi_memclr8                
00003a77  __aeabi_memset                 
00003a77  __aeabi_memset4                
00003a77  __aeabi_memset8                
00003a7d  memset                         
00003aef  _system_post_cinit             
00003af1  __TI_auto_init                 
00003b61  GrContextInit                  
00003bc9  GrStringWidthGet               
00003c31  IntEnable                      
00003c99  __TI_decompress_lzss           
00003d01  frexp                          
00003d01  frexpl                         
00003d65  TimerConfigure                 
00003dc5  sprintf                        
00003e81  _c_int00                       
00003ed5  C$$EXIT                        
00003ed9  abort                          
00003ee1  exit                           
00003f29  ltoa                           
00003f7d  GPIOPinConfigure               
00003fc9  atoi                           
00004015  copy_in                        
000040ab  __aeabi_d2iz                   
000040f3  UARTConfigSetExpClk            
00004139  __aeabi_uidiv                  
00004139  __aeabi_uidivmod               
000041b5  SysCtlPeripheralReady          
000041ed  SysCtlPeripheralEnable         
00004221  GrStringNextCharGet            
0000424f  __aeabi_i2d                    
0000427d  GPIODirModeSet                 
000042a9  GrFontBaselineGet              
000042d5  GrFontInfoGet                  
000042fb  GrFontGlyphDataGet             
0000431d  UARTDisable                    
0000433d  GrFontCodepageGet              
0000435b  memccpy                        
00004379  _args_main                     
00004391  GPIOPinTypeUART                
000043a7  GrStringDraw                   
000043bd  strchr                         
000043d3  UARTEnable                     
000043e9  _register_unlock               
000043ef  _register_lock                 
000043f7  _nop                           
000043fd  copysign                       
000043fd  copysignl                      
00004411  strlen                         
00004425  TimerLoadSet                   
00004437  IntMasterDisable               
00004447  IntMasterEnable                
00004457  TimerEnable                    
00004465  UARTCharPutNonBlocking         
00004473  __TI_decompress_none           
00004481  CPUcpsid                       
0000448d  CPUcpsie                       
00004499  __TI_zero_init                 
000044a5  ResetISR                       
000044b1  GrMapISO8859_1_Unicode         
000044b9  TimerIntEnable                 
000044c1  GrContextFontSet               
000044c7  SysCtlDelay                    
000044cd  TimerIntClear                  
000044d1  _system_pre_init               
00004a33  _ctypes_                       
00004b34  g_sFontCm12                    
00004d28  g_sCFAL96x64x16                
00004d90  g_psDefaultCodePointMapTable   
00004dd0  __TI_Handler_Table_Base        
00004ddc  __TI_Handler_Table_Limit       
00004de8  __TI_CINIT_Base                
00004df8  __TI_CINIT_Limit               
20000000  __stack                        
20000200  __STACK_TOP                    
20000800  __STACK_END                    
20000858  __TI_cleanup_ptr               
2000085c  __TI_dtors_ptr                 
20000860  __TI_enable_exit_profile_output
2000086c  Service_Timer0                 
20000870  _lock                          
20000874  _unlock                        
20000878  errno                          
2000087c  main_func_sp                   
ffffffff  __TI_pprof_out_hndl            
ffffffff  __TI_prof_data_size            
ffffffff  __TI_prof_data_start           
ffffffff  __binit__                      
ffffffff  __c_args__                     
ffffffff  binit                          
UNDEFED   SHT$$INIT_ARRAY$$Base          
UNDEFED   SHT$$INIT_ARRAY$$Limit         

[142 symbols]
