******************************************************************************
                  TI ARM Linker PC v16.9.3                     
******************************************************************************
>> Linked Tue Sep 05 18:51:01 2017

OUTPUT FILE NAME:   <TreeArm.out>
ENTRY POINT SYMBOL: "_c_int00"  address: 00004645


MEMORY CONFIGURATION

         name            origin    length      used     unused   attr    fill
----------------------  --------  ---------  --------  --------  ----  --------
  FLASH                 00000000   00040000  00005a0c  0003a5f4  R  X
  SRAM                  20000000   00008000  00000ec7  00007139  RW X


SEGMENT ALLOCATION MAP

run origin  load origin   length   init length attrs members
----------  ----------- ---------- ----------- ----- -------
00000000    00000000    00005a10   00005a10    r-x
  00000000    00000000    0000026c   0000026c    r-- .intvecs
  0000026c    0000026c    00004c70   00004c70    r-x .text
  00004edc    00004edc    00000ad0   00000ad0    r-- .const
  000059b0    000059b0    00000060   00000060    r-- .cinit
20000000    20000000    00000ec7   00000000    rw-
  20000000    20000000    00000800   00000000    rw- .stack
  20000800    20000800    0000067c   00000000    rw- .bss
  20000e7c    20000e7c    0000004b   00000000    rw- .data


SECTION ALLOCATION MAP

 output                                  attributes/
section   page    origin      length       input sections
--------  ----  ----------  ----------   ----------------
.intvecs   0    00000000    0000026c     
                  00000000    0000026c     tm4c123gh6pge_startup_ccs.obj (.intvecs)

.text      0    0000026c    00004c70     
                  0000026c    000016fc     main.obj (.text)
                  00001968    0000113e     rtsv7M4_T_le_v4SPD16_eabi.lib : _printfi.obj (.text)
                  00002aa6    00000002                                   : i_div0.obj (.text)
                  00002aa8    0000067c     cfal96x64x16.obj (.text)
                  00003124    00000254     grlib.lib : string.obj (.text:GrFontGlyphRender)
                  00003378    000001f4     rtsv7M4_T_le_v4SPD16_eabi.lib : ull_div_t2.obj (.text)
                  0000356c    000001b6                                   : fd_add_t2.obj (.text)
                  00003722    00000136                                   : fd_div_t2.obj (.text)
                  00003858    00000132     driverlib.lib : gpio.obj (.text:GPIOPadConfigSet)
                  0000398a    00000002     rtsv7M4_T_le_v4SPD16_eabi.lib : mpu_init.obj (.text)
                  0000398c    00000110     driverlib.lib : sysctl.obj (.text:SysCtlClockGet)
                  00003a9c    000000fc     rtsv7M4_T_le_v4SPD16_eabi.lib : fd_mul_t2.obj (.text)
                  00003b98    000000fc                                   : s_scalbn.obj (.text)
                  00003c94    000000f4     driverlib.lib : sysctl.obj (.text:SysCtlClockSet)
                  00003d88    000000e8     load_buffer.obj (.text)
                  00003e70    000000e0     buttons.obj (.text)
                  00003f50    000000c0     grlib.lib : string.obj (.text:GrDefaultStringRenderer)
                  00004010    0000009c     rtsv7M4_T_le_v4SPD16_eabi.lib : memcpy_t2.obj (.text)
                  000040ac    00000086                                   : fd_cmp_t2.obj (.text:__aeabi_cdcmple)
                  00004132    00000086                                   : fd_cmp_t2.obj (.text:__aeabi_cdrcmple)
                  000041b8    00000080     driverlib.lib : udma.obj (.text:uDMAChannelTransferSet)
                  00004238    0000007a     rtsv7M4_T_le_v4SPD16_eabi.lib : memset_t2.obj (.text)
                  000042b2    00000002                                   : startup.obj (.text)
                  000042b4    00000070                                   : autoinit.obj (.text)
                  00004324    00000068     grlib.lib : context.obj (.text:GrContextInit)
                  0000438c    00000068               : string.obj (.text:GrStringWidthGet)
                  000043f4    00000068     driverlib.lib : interrupt.obj (.text:IntEnable)
                  0000445c    00000068     rtsv7M4_T_le_v4SPD16_eabi.lib : copy_decompress_lzss.obj (.text:decompress:lzss)
                  000044c4    00000064                                   : s_frexp.obj (.text)
                  00004528    00000060     driverlib.lib : timer.obj (.text:TimerConfigure)
                  00004588    00000060     rtsv7M4_T_le_v4SPD16_eabi.lib : sprintf.obj (.text)
                  000045e8    0000005a     grlib.lib : string.obj (.text:FontWideGlyphDataGet)
                  00004642    00000002     --HOLE-- [fill = 0]
                  00004644    00000054     rtsv7M4_T_le_v4SPD16_eabi.lib : boot.obj (.text)
                  00004698    00000054                                   : exit.obj (.text)
                  000046ec    00000054                                   : ltoa.obj (.text)
                  00004740    0000004c     driverlib.lib : gpio.obj (.text:GPIOPinConfigure)
                  0000478c    0000004c     rtsv7M4_T_le_v4SPD16_eabi.lib : atoi.obj (.text)
                  000047d8    0000004c                                   : cpy_tbl.obj (.text)
                  00004824    0000004a     grlib.lib : string.obj (.text:UpdateContextCharMapping)
                  0000486e    00000002     --HOLE-- [fill = 0]
                  00004870    00000048     driverlib.lib : sysctl.obj (.text:SysCtlPeripheralClockGating)
                  000048b8    00000048     rtsv7M4_T_le_v4SPD16_eabi.lib : fd_toi_t2.obj (.text)
                  00004900    00000048     driverlib.lib : udma.obj (.text:uDMAChannelAttributeDisable)
                  00004948    00000046                   : uart.obj (.text:UARTConfigSetExpClk)
                  0000498e    00000002     --HOLE-- [fill = 0]
                  00004990    00000044                   : udma.obj (.text:uDMAChannelAttributeEnable)
                  000049d4    00000040     rtsv7M4_T_le_v4SPD16_eabi.lib : u_divt2.obj (.text)
                  00004a14    0000003a     grlib.lib : string.obj (.text:FontGlyphDataGet)
                  00004a4e    00000002     --HOLE-- [fill = 0]
                  00004a50    00000038     driverlib.lib : sysctl.obj (.text:SysCtlPeripheralReady)
                  00004a88    00000034                   : sysctl.obj (.text:SysCtlPeripheralEnable)
                  00004abc    00000034                   : sysctl.obj (.text:SysCtlPeripheralSleepEnable)
                  00004af0    0000002e     grlib.lib : string.obj (.text:GrStringNextCharGet)
                  00004b1e    0000002e     rtsv7M4_T_le_v4SPD16_eabi.lib : i_tofd_t2.obj (.text)
                  00004b4c    0000002c     driverlib.lib : gpio.obj (.text:GPIODirModeSet)
                  00004b78    0000002c     grlib.lib : string.obj (.text:GrFontBaselineGet)
                  00004ba4    0000002c     driverlib.lib : udma.obj (.text:uDMAChannelAssign)
                  00004bd0    00000028                   : udma.obj (.text:uDMAChannelModeGet)
                  00004bf8    00000026     grlib.lib : string.obj (.text:GrFontInfoGet)
                  00004c1e    00000002     --HOLE-- [fill = 0]
                  00004c20    00000024     driverlib.lib : udma.obj (.text:uDMAChannelControlSet)
                  00004c44    00000022     grlib.lib : string.obj (.text:GrFontGlyphDataGet)
                  00004c66    00000002     --HOLE-- [fill = 0]
                  00004c68    00000020     driverlib.lib : uart.obj (.text:UARTDisable)
                  00004c88    0000001e     grlib.lib : string.obj (.text:GrFontCodepageGet)
                  00004ca6    0000001c     rtsv7M4_T_le_v4SPD16_eabi.lib : memccpy.obj (.text)
                  00004cc2    00000002     --HOLE-- [fill = 0]
                  00004cc4    00000018                                   : args_main.obj (.text)
                  00004cdc    00000018     driverlib.lib : udma.obj (.text:uDMAChannelDisable)
                  00004cf4    00000018                   : udma.obj (.text:uDMAChannelEnable)
                  00004d0c    00000016                   : gpio.obj (.text:GPIOPinTypeUART)
                  00004d22    00000016     grlib.lib : string.obj (.text:GrStringDraw)
                  00004d38    00000016     rtsv7M4_T_le_v4SPD16_eabi.lib : strchr.obj (.text)
                  00004d4e    00000002     --HOLE-- [fill = 0]
                  00004d50    00000014     driverlib.lib : systick.obj (.text:SysTickEnable)
                  00004d64    00000014                   : systick.obj (.text:SysTickIntEnable)
                  00004d78    00000014                   : uart.obj (.text:UARTEnable)
                  00004d8c    00000014     rtsv7M4_T_le_v4SPD16_eabi.lib : _lock.obj (.text)
                  00004da0    00000014                                   : s_copysign.obj (.text)
                  00004db4    00000014                                   : strlen.obj (.text)
                  00004dc8    00000012     driverlib.lib : timer.obj (.text:TimerLoadSet)
                  00004dda    00000010                   : interrupt.obj (.text:IntMasterDisable)
                  00004dea    00000010                   : interrupt.obj (.text:IntMasterEnable)
                  00004dfa    00000002     --HOLE-- [fill = 0]
                  00004dfc    00000010                   : systick.obj (.text:SysTickPeriodSet)
                  00004e0c    00000010                   : udma.obj (.text:uDMAEnable)
                  00004e1c    0000000e                   : timer.obj (.text:TimerEnable)
                  00004e2a    0000000e     rtsv7M4_T_le_v4SPD16_eabi.lib : copy_decompress_none.obj (.text:decompress:none)
                  00004e38    0000000c     driverlib.lib : cpu.obj (.text:CPUcpsid)
                  00004e44    0000000c                   : cpu.obj (.text:CPUcpsie)
                  00004e50    0000000c     rtsv7M4_T_le_v4SPD16_eabi.lib : copy_zero_init.obj (.text:decompress:ZI)
                  00004e5c    0000000c     tm4c123gh6pge_startup_ccs.obj (.text)
                  00004e68    0000000c     driverlib.lib : udma.obj (.text:uDMAControlBaseSet)
                  00004e74    0000000c                   : udma.obj (.text:uDMAErrorStatusClear)
                  00004e80    0000000c                   : udma.obj (.text:uDMAErrorStatusGet)
                  00004e8c    0000000a                   : uart.obj (.text:UARTFIFOEnable)
                  00004e96    0000000a                   : uart.obj (.text:UARTIntStatus)
                  00004ea0    00000008     grlib.lib : charmap.obj (.text:GrMapISO8859_1_Unicode)
                  00004ea8    00000008     driverlib.lib : timer.obj (.text:TimerIntEnable)
                  00004eb0    00000008                   : uart.obj (.text:UARTDMAEnable)
                  00004eb8    00000006                   : gpio.obj (.text:GPIOPinRead)
                  00004ebe    00000006     grlib.lib : string.obj (.text:GrContextFontSet)
                  00004ec4    00000006     driverlib.lib : sysctl.obj (.text:SysCtlDelay)
                  00004eca    00000006                   : uart.obj (.text:UARTFIFOLevelSet)
                  00004ed0    00000004                   : timer.obj (.text:TimerIntClear)
                  00004ed4    00000004                   : uart.obj (.text:UARTIntClear)
                  00004ed8    00000004     rtsv7M4_T_le_v4SPD16_eabi.lib : pre_init.obj (.text)

.const     0    00004edc    00000ad0     
                  00004edc    0000055f     grlib.lib : fontcm12.obj (.const:.string:g_pui8Cm12Data)
                  0000543b    00000101     rtsv7M4_T_le_v4SPD16_eabi.lib : ctype.obj (.const:.string:_ctypes_)
                  0000553c    00000100     main.obj (.const:.string:gamma)
                  0000563c    00000100     main.obj (.const:.string:sine_wave)
                  0000573c    000000c8     grlib.lib : fontcm12.obj (.const:g_sFontCm12)
                  00005804    00000090     driverlib.lib : gpio.obj (.const:g_pui32GPIOBaseAddrs)
                  00005894    0000006c                   : sysctl.obj (.const:g_pui32Xtals)
                  00005900    00000030     main.obj (.const:g_psDaysToMonth)
                  00005930    00000028     cfal96x64x16.obj (.const:g_sCFAL96x64x16)
                  00005958    00000018     main.obj (.const:g_pfExponents)
                  00005970    00000014     driverlib.lib : interrupt.obj (.const:g_pui32EnRegs)
                  00005984    00000012     main.obj (.const:.string)
                  00005996    00000002     --HOLE-- [fill = 0]
                  00005998    00000010     grlib.lib : context.obj (.const:g_psDefaultCodePointMapTable)
                  000059a8    00000004     main.obj (.const)

.cinit     0    000059b0    00000060     
                  000059b0    00000035     (.cinit..data.load) [load image, compression = lzss]
                  000059e5    00000003     --HOLE-- [fill = 0]
                  000059e8    0000000c     (__TI_handler_table)
                  000059f4    00000004     --HOLE-- [fill = 0]
                  000059f8    00000008     (.cinit..bss.load) [load image, compression = zero_init]
                  00005a00    00000010     (__TI_cinit_table)

.init_array 
*          0    00000000    00000000     UNINITIALIZED

.stack     0    20000000    00000800     UNINITIALIZED
                  20000000    00000800     --HOLE--

.bss       0    20000800    0000067c     UNINITIALIZED
                  20000800    00000400     (.common:ui8ControlTable)
                  20000c00    0000012c     main.obj (.bss:LEDBufA)
                  20000d2c    00000060     main.obj (.bss:TxBufA)
                  20000d8c    00000060     main.obj (.bss:TxBufB)
                  20000dec    00000040     main.obj (.bss:g_pui32RandomEntropy)
                  20000e2c    0000002c     main.obj (.bss:sContext)
                  20000e58    00000020     main.obj (.bss:str)
                  20000e78    00000004     grlib.lib : context.obj (.bss)

.data      0    20000e7c    0000004b     UNINITIALIZED
                  20000e7c    00000018     main.obj (.data)
                  20000e94    00000013     cfal96x64x16.obj (.data:g_ui8DisplayInitCommands)
                  20000ea7    00000001     --HOLE--
                  20000ea8    0000000c     rtsv7M4_T_le_v4SPD16_eabi.lib : exit.obj (.data:$O1$$)
                  20000eb4    00000008                                   : _lock.obj (.data:$O1$$)
                  20000ebc    00000004                                   : errno.obj (.data)
                  20000ec0    00000004                                   : stkdepth_vars.obj (.data)
                  20000ec4    00000003     buttons.obj (.data)

MODULE SUMMARY

       Module                          code    ro data   rw data
       ------                          ----    -------   -------
    .\
       main.obj                        5884    606       1680   
       tm4c123gh6pge_startup_ccs.obj   12      620       0      
       load_buffer.obj                 232     0         0      
    +--+-------------------------------+-------+---------+---------+
       Total:                          6128    1226      1680   
                                                                
    .\drivers\
       cfal96x64x16.obj                1660    40        19     
       buttons.obj                     224     0         3      
    +--+-------------------------------+-------+---------+---------+
       Total:                          1884    40        22     
                                                                
    C:/ti/TivaWare_C_Series-2.1.4.178/driverlib/ccs/Debug/driverlib.lib
       sysctl.obj                      754     108       0      
       gpio.obj                        454     144       0      
       udma.obj                        488     0         0      
       uart.obj                        160     0         0      
       interrupt.obj                   136     20        0      
       timer.obj                       140     0         0      
       systick.obj                     56      0         0      
       cpu.obj                         24      0         0      
    +--+-------------------------------+-------+---------+---------+
       Total:                          2212    272       0      
                                                                
    C:/ti/TivaWare_C_Series-2.1.4.178/grlib/ccs/Debug/grlib.lib
       fontcm12.obj                    0       1575      0      
       string.obj                      1334    0         0      
       context.obj                     104     16        4      
       charmap.obj                     8       0         0      
    +--+-------------------------------+-------+---------+---------+
       Total:                          1446    1591      4      
                                                                
    C:\ti\ccsv7\tools\compiler\ti-cgt-arm_16.9.3.LTS\lib\rtsv7M4_T_le_v4SPD16_eabi.lib
       _printfi.obj                    4414    0         0      
       ull_div_t2.obj                  500     0         0      
       fd_add_t2.obj                   438     0         0      
       fd_div_t2.obj                   310     0         0      
       fd_cmp_t2.obj                   268     0         0      
       ctype.obj                       0       257       0      
       fd_mul_t2.obj                   252     0         0      
       s_scalbn.obj                    252     0         0      
       memcpy_t2.obj                   156     0         0      
       memset_t2.obj                   122     0         0      
       autoinit.obj                    112     0         0      
       copy_decompress_lzss.obj        104     0         0      
       s_frexp.obj                     100     0         0      
       exit.obj                        84      0         12     
       sprintf.obj                     96      0         0      
       boot.obj                        84      0         0      
       ltoa.obj                        84      0         0      
       atoi.obj                        76      0         0      
       cpy_tbl.obj                     76      0         0      
       fd_toi_t2.obj                   72      0         0      
       u_divt2.obj                     64      0         0      
       i_tofd_t2.obj                   46      0         0      
       _lock.obj                       20      0         8      
       memccpy.obj                     28      0         0      
       args_main.obj                   24      0         0      
       strchr.obj                      22      0         0      
       s_copysign.obj                  20      0         0      
       strlen.obj                      20      0         0      
       copy_decompress_none.obj        14      0         0      
       copy_zero_init.obj              12      0         0      
       errno.obj                       0       0         4      
       pre_init.obj                    4       0         0      
       stkdepth_vars.obj               0       0         4      
       i_div0.obj                      2       0         0      
       mpu_init.obj                    2       0         0      
       startup.obj                     2       0         0      
    +--+-------------------------------+-------+---------+---------+
       Total:                          7880    257       28     
                                                                
       Stack:                          0       0         2048   
       Linker Generated:               0       89        0      
    +--+-------------------------------+-------+---------+---------+
       Grand Total:                    19550   3475      3782   


LINKER GENERATED COPY TABLES

__TI_cinit_table @ 00005a00 records: 2, size/record: 8, table size: 16
	.data: load addr=000059b0, load size=00000035 bytes, run addr=20000e7c, run size=0000004b bytes, compression=lzss
	.bss: load addr=000059f8, load size=00000008 bytes, run addr=20000800, run size=0000067c bytes, compression=zero_init


LINKER GENERATED HANDLER TABLE

__TI_handler_table @ 000059e8 records: 3, size/record: 4, table size: 12
	index: 0, handler: __TI_decompress_lzss
	index: 1, handler: __TI_decompress_none
	index: 2, handler: __TI_zero_init


GLOBAL SYMBOLS: SORTED ALPHABETICALLY BY Name 

address   name                           
-------   ----                           
00003f11  ButtonsInit                    
00003e71  ButtonsPoll                    
00004699  C$$EXIT                        
00002f6b  CFAL96x64x16Init               
00004e39  CPUcpsid                       
00004e45  CPUcpsie                       
00004b4d  GPIODirModeSet                 
00003859  GPIOPadConfigSet               
00004741  GPIOPinConfigure               
00004eb9  GPIOPinRead                    
00004d0d  GPIOPinTypeUART                
00004ebf  GrContextFontSet               
00004325  GrContextInit                  
00003f51  GrDefaultStringRenderer        
00004b79  GrFontBaselineGet              
00004c89  GrFontCodepageGet              
00004c45  GrFontGlyphDataGet             
00003125  GrFontGlyphRender              
00004bf9  GrFontInfoGet                  
00004ea1  GrMapISO8859_1_Unicode         
00004d23  GrStringDraw                   
00004af1  GrStringNextCharGet            
0000438d  GrStringWidthGet               
000043f5  IntEnable                      
00004ddb  IntMasterDisable               
00004deb  IntMasterEnable                
0000026d  RandomAddEntropy               
00000299  RandomSeed                     
00004e5d  ResetISR                       
UNDEFED   SHT$$INIT_ARRAY$$Base          
UNDEFED   SHT$$INIT_ARRAY$$Limit         
20000e84  Service_SysTick                
20000e85  Service_Timer0                 
20000e86  Service_Timer1                 
0000398d  SysCtlClockGet                 
00003c95  SysCtlClockSet                 
00004ec5  SysCtlDelay                    
00004871  SysCtlPeripheralClockGating    
00004a89  SysCtlPeripheralEnable         
00004a51  SysCtlPeripheralReady          
00004abd  SysCtlPeripheralSleepEnable    
00004d51  SysTickEnable                  
0000120b  SysTickHandler                 
00004d65  SysTickIntEnable               
00004dfd  SysTickPeriodSet               
000011d7  Timer0IntHandler               
000011f1  Timer1IntHandler               
00004529  TimerConfigure                 
00004e1d  TimerEnable                    
00004ed1  TimerIntClear                  
00004ea9  TimerIntEnable                 
00004dc9  TimerLoadSet                   
00001245  UART4IntHandler                
00004949  UARTConfigSetExpClk            
00004eb1  UARTDMAEnable                  
00004c69  UARTDisable                    
00004d79  UARTEnable                     
00004e8d  UARTFIFOEnable                 
00004ecb  UARTFIFOLevelSet               
00004ed5  UARTIntClear                   
00004e97  UARTIntStatus                  
20000800  __STACK_END                    
00000800  __STACK_SIZE                   
20000200  __STACK_TOP                    
00005a00  __TI_CINIT_Base                
00005a10  __TI_CINIT_Limit               
000059e8  __TI_Handler_Table_Base        
000059f4  __TI_Handler_Table_Limit       
000042b5  __TI_auto_init                 
20000ea8  __TI_cleanup_ptr               
0000445d  __TI_decompress_lzss           
00004e2b  __TI_decompress_none           
20000eac  __TI_dtors_ptr                 
20000eb0  __TI_enable_exit_profile_output
ffffffff  __TI_pprof_out_hndl            
000021ad  __TI_printfi                   
ffffffff  __TI_prof_data_size            
ffffffff  __TI_prof_data_start           
00000000  __TI_static_base__             
00004e51  __TI_zero_init                 
000040ad  __aeabi_cdcmpeq                
000040ad  __aeabi_cdcmple                
00004133  __aeabi_cdrcmple               
000048b9  __aeabi_d2iz                   
00003577  __aeabi_dadd                   
00003723  __aeabi_ddiv                   
00003a9d  __aeabi_dmul                   
0000356d  __aeabi_dsub                   
00004b1f  __aeabi_i2d                    
00002aa7  __aeabi_idiv0                  
00004239  __aeabi_memclr                 
00004239  __aeabi_memclr4                
00004239  __aeabi_memclr8                
00004011  __aeabi_memcpy                 
00004011  __aeabi_memcpy4                
00004011  __aeabi_memcpy8                
0000423b  __aeabi_memset                 
0000423b  __aeabi_memset4                
0000423b  __aeabi_memset8                
000049d5  __aeabi_uidiv                  
000049d5  __aeabi_uidivmod               
00003379  __aeabi_uldivmod               
ffffffff  __binit__                      
ffffffff  __c_args__                     
00003d89  __load_buffer                  
0000398b  __mpu_init                     
20000000  __stack                        
00004cc5  _args_main                     
00004645  _c_int00                       
0000543b  _ctypes_                       
20000eb4  _lock                          
00004d9b  _nop                           
00004d93  _register_lock                 
00004d8d  _register_unlock               
000042b3  _system_post_cinit             
00004ed9  _system_pre_init               
20000eb8  _unlock                        
0000469d  abort                          
0000478d  atoi                           
ffffffff  binit                          
000047d9  copy_in                        
00004da1  copysign                       
00004da1  copysignl                      
20000ebc  errno                          
000046a5  exit                           
000044c5  frexp                          
000044c5  frexpl                         
00000000  g_pfnVectors                   
00005998  g_psDefaultCodePointMapTable   
00005930  g_sCFAL96x64x16                
0000573c  g_sFontCm12                    
0000553c  gamma                          
00001417  init_UART                      
00001391  init_clock                     
000013b7  init_display                   
000013eb  init_gpio                      
000014cd  init_timer                     
00001465  init_uDMA                      
00003b99  ldexp                          
00003b99  ldexpl                         
000046ed  ltoa                           
00001579  main                           
20000ec0  main_func_sp                   
00004ca7  memccpy                        
00004011  memcpy                         
00004241  memset                         
00003b99  scalbn                         
00003b99  scalbnl                        
00001315  send_frame                     
0000563c  sine_wave                      
00004589  sprintf                        
00004d39  strchr                         
00004db5  strlen                         
00004ba5  uDMAChannelAssign              
00004901  uDMAChannelAttributeDisable    
00004991  uDMAChannelAttributeEnable     
00004c21  uDMAChannelControlSet          
00004cdd  uDMAChannelDisable             
00004cf5  uDMAChannelEnable              
00004bd1  uDMAChannelModeGet             
000041b9  uDMAChannelTransferSet         
00004e69  uDMAControlBaseSet             
00004e0d  uDMAEnable                     
00001225  uDMAErrorHandler               
00004e75  uDMAErrorStatusClear           
00004e81  uDMAErrorStatusGet             
20000800  ui8ControlTable                
00000a49  ulocaltime                     
00000c47  umktime                        
000011c1  urand                          
00000a19  usnprintf                      
000009e7  usprintf                       
000011b1  usrand                         
00001129  ustrcasecmp                    
0000119d  ustrcmp                        
0000102d  ustrlen                        
00001085  ustrncasecmp                   
0000113d  ustrncmp                       
00000559  ustrncpy                       
0000104f  ustrstr                        
00000df5  ustrtof                        
00000cbd  ustrtoul                       
000005bd  uvsnprintf                     


GLOBAL SYMBOLS: SORTED BY Symbol Address 

address   name                           
-------   ----                           
00000000  __TI_static_base__             
00000000  g_pfnVectors                   
0000026d  RandomAddEntropy               
00000299  RandomSeed                     
00000559  ustrncpy                       
000005bd  uvsnprintf                     
00000800  __STACK_SIZE                   
000009e7  usprintf                       
00000a19  usnprintf                      
00000a49  ulocaltime                     
00000c47  umktime                        
00000cbd  ustrtoul                       
00000df5  ustrtof                        
0000102d  ustrlen                        
0000104f  ustrstr                        
00001085  ustrncasecmp                   
00001129  ustrcasecmp                    
0000113d  ustrncmp                       
0000119d  ustrcmp                        
000011b1  usrand                         
000011c1  urand                          
000011d7  Timer0IntHandler               
000011f1  Timer1IntHandler               
0000120b  SysTickHandler                 
00001225  uDMAErrorHandler               
00001245  UART4IntHandler                
00001315  send_frame                     
00001391  init_clock                     
000013b7  init_display                   
000013eb  init_gpio                      
00001417  init_UART                      
00001465  init_uDMA                      
000014cd  init_timer                     
00001579  main                           
000021ad  __TI_printfi                   
00002aa7  __aeabi_idiv0                  
00002f6b  CFAL96x64x16Init               
00003125  GrFontGlyphRender              
00003379  __aeabi_uldivmod               
0000356d  __aeabi_dsub                   
00003577  __aeabi_dadd                   
00003723  __aeabi_ddiv                   
00003859  GPIOPadConfigSet               
0000398b  __mpu_init                     
0000398d  SysCtlClockGet                 
00003a9d  __aeabi_dmul                   
00003b99  ldexp                          
00003b99  ldexpl                         
00003b99  scalbn                         
00003b99  scalbnl                        
00003c95  SysCtlClockSet                 
00003d89  __load_buffer                  
00003e71  ButtonsPoll                    
00003f11  ButtonsInit                    
00003f51  GrDefaultStringRenderer        
00004011  __aeabi_memcpy                 
00004011  __aeabi_memcpy4                
00004011  __aeabi_memcpy8                
00004011  memcpy                         
000040ad  __aeabi_cdcmpeq                
000040ad  __aeabi_cdcmple                
00004133  __aeabi_cdrcmple               
000041b9  uDMAChannelTransferSet         
00004239  __aeabi_memclr                 
00004239  __aeabi_memclr4                
00004239  __aeabi_memclr8                
0000423b  __aeabi_memset                 
0000423b  __aeabi_memset4                
0000423b  __aeabi_memset8                
00004241  memset                         
000042b3  _system_post_cinit             
000042b5  __TI_auto_init                 
00004325  GrContextInit                  
0000438d  GrStringWidthGet               
000043f5  IntEnable                      
0000445d  __TI_decompress_lzss           
000044c5  frexp                          
000044c5  frexpl                         
00004529  TimerConfigure                 
00004589  sprintf                        
00004645  _c_int00                       
00004699  C$$EXIT                        
0000469d  abort                          
000046a5  exit                           
000046ed  ltoa                           
00004741  GPIOPinConfigure               
0000478d  atoi                           
000047d9  copy_in                        
00004871  SysCtlPeripheralClockGating    
000048b9  __aeabi_d2iz                   
00004901  uDMAChannelAttributeDisable    
00004949  UARTConfigSetExpClk            
00004991  uDMAChannelAttributeEnable     
000049d5  __aeabi_uidiv                  
000049d5  __aeabi_uidivmod               
00004a51  SysCtlPeripheralReady          
00004a89  SysCtlPeripheralEnable         
00004abd  SysCtlPeripheralSleepEnable    
00004af1  GrStringNextCharGet            
00004b1f  __aeabi_i2d                    
00004b4d  GPIODirModeSet                 
00004b79  GrFontBaselineGet              
00004ba5  uDMAChannelAssign              
00004bd1  uDMAChannelModeGet             
00004bf9  GrFontInfoGet                  
00004c21  uDMAChannelControlSet          
00004c45  GrFontGlyphDataGet             
00004c69  UARTDisable                    
00004c89  GrFontCodepageGet              
00004ca7  memccpy                        
00004cc5  _args_main                     
00004cdd  uDMAChannelDisable             
00004cf5  uDMAChannelEnable              
00004d0d  GPIOPinTypeUART                
00004d23  GrStringDraw                   
00004d39  strchr                         
00004d51  SysTickEnable                  
00004d65  SysTickIntEnable               
00004d79  UARTEnable                     
00004d8d  _register_unlock               
00004d93  _register_lock                 
00004d9b  _nop                           
00004da1  copysign                       
00004da1  copysignl                      
00004db5  strlen                         
00004dc9  TimerLoadSet                   
00004ddb  IntMasterDisable               
00004deb  IntMasterEnable                
00004dfd  SysTickPeriodSet               
00004e0d  uDMAEnable                     
00004e1d  TimerEnable                    
00004e2b  __TI_decompress_none           
00004e39  CPUcpsid                       
00004e45  CPUcpsie                       
00004e51  __TI_zero_init                 
00004e5d  ResetISR                       
00004e69  uDMAControlBaseSet             
00004e75  uDMAErrorStatusClear           
00004e81  uDMAErrorStatusGet             
00004e8d  UARTFIFOEnable                 
00004e97  UARTIntStatus                  
00004ea1  GrMapISO8859_1_Unicode         
00004ea9  TimerIntEnable                 
00004eb1  UARTDMAEnable                  
00004eb9  GPIOPinRead                    
00004ebf  GrContextFontSet               
00004ec5  SysCtlDelay                    
00004ecb  UARTFIFOLevelSet               
00004ed1  TimerIntClear                  
00004ed5  UARTIntClear                   
00004ed9  _system_pre_init               
0000543b  _ctypes_                       
0000553c  gamma                          
0000563c  sine_wave                      
0000573c  g_sFontCm12                    
00005930  g_sCFAL96x64x16                
00005998  g_psDefaultCodePointMapTable   
000059e8  __TI_Handler_Table_Base        
000059f4  __TI_Handler_Table_Limit       
00005a00  __TI_CINIT_Base                
00005a10  __TI_CINIT_Limit               
20000000  __stack                        
20000200  __STACK_TOP                    
20000800  __STACK_END                    
20000800  ui8ControlTable                
20000e84  Service_SysTick                
20000e85  Service_Timer0                 
20000e86  Service_Timer1                 
20000ea8  __TI_cleanup_ptr               
20000eac  __TI_dtors_ptr                 
20000eb0  __TI_enable_exit_profile_output
20000eb4  _lock                          
20000eb8  _unlock                        
20000ebc  errno                          
20000ec0  main_func_sp                   
ffffffff  __TI_pprof_out_hndl            
ffffffff  __TI_prof_data_size            
ffffffff  __TI_prof_data_start           
ffffffff  __binit__                      
ffffffff  __c_args__                     
ffffffff  binit                          
UNDEFED   SHT$$INIT_ARRAY$$Base          
UNDEFED   SHT$$INIT_ARRAY$$Limit         

[183 symbols]
