<?xml version="1.0"?>
<link_info>
   <banner>TI ARM Linker PC v16.9.3.LTS</banner>
   <copyright>Copyright (c) 1996-2017 Texas Instruments Incorporated</copyright>
   <link_time>0x59af3dcd</link_time>
   <link_errors>0x0</link_errors>
   <output_file>TreeArm.out</output_file>
   <entry_point>
      <name>_c_int00</name>
      <address>0x4645</address>
   </entry_point>
   <input_file_list>
      <input_file id="fl-2">
         <path>.\</path>
         <kind>object</kind>
         <file>load_buffer.obj</file>
         <name>load_buffer.obj</name>
      </input_file>
      <input_file id="fl-3">
         <path>.\</path>
         <kind>object</kind>
         <file>main.obj</file>
         <name>main.obj</name>
      </input_file>
      <input_file id="fl-4">
         <path>.\</path>
         <kind>object</kind>
         <file>tm4c123gh6pge_startup_ccs.obj</file>
         <name>tm4c123gh6pge_startup_ccs.obj</name>
      </input_file>
      <input_file id="fl-5">
         <path>.\drivers\</path>
         <kind>object</kind>
         <file>buttons.obj</file>
         <name>buttons.obj</name>
      </input_file>
      <input_file id="fl-6">
         <path>.\drivers\</path>
         <kind>object</kind>
         <file>cfal96x64x16.obj</file>
         <name>cfal96x64x16.obj</name>
      </input_file>
      <input_file id="fl-7">
         <path>.\drivers\</path>
         <kind>object</kind>
         <file>slidemenuwidget.obj</file>
         <name>slidemenuwidget.obj</name>
      </input_file>
      <input_file id="fl-8">
         <path>.\drivers\</path>
         <kind>object</kind>
         <file>stripchartwidget.obj</file>
         <name>stripchartwidget.obj</name>
      </input_file>
      <input_file id="fl-9">
         <path>.\drivers\</path>
         <kind>object</kind>
         <file>usb_sound.obj</file>
         <name>usb_sound.obj</name>
      </input_file>
      <input_file id="fl-f">
         <kind>object</kind>
         <file>&lt;internal&gt;</file>
         <name>&lt;internal&gt;</name>
      </input_file>
      <input_file id="fl-c5">
         <path>C:\ti\ccsv7\tools\compiler\ti-cgt-arm_16.9.3.LTS\lib\</path>
         <kind>archive</kind>
         <file>rtsv7M4_T_le_v4SPD16_eabi.lib</file>
         <name>boot.obj</name>
      </input_file>
      <input_file id="fl-c6">
         <path>C:\ti\ccsv7\tools\compiler\ti-cgt-arm_16.9.3.LTS\lib\</path>
         <kind>archive</kind>
         <file>rtsv7M4_T_le_v4SPD16_eabi.lib</file>
         <name>copy_decompress_lzss.obj</name>
      </input_file>
      <input_file id="fl-c7">
         <path>C:\ti\ccsv7\tools\compiler\ti-cgt-arm_16.9.3.LTS\lib\</path>
         <kind>archive</kind>
         <file>rtsv7M4_T_le_v4SPD16_eabi.lib</file>
         <name>copy_decompress_none.obj</name>
      </input_file>
      <input_file id="fl-c8">
         <path>C:\ti\ccsv7\tools\compiler\ti-cgt-arm_16.9.3.LTS\lib\</path>
         <kind>archive</kind>
         <file>rtsv7M4_T_le_v4SPD16_eabi.lib</file>
         <name>copy_zero_init.obj</name>
      </input_file>
      <input_file id="fl-c9">
         <path>C:\ti\ccsv7\tools\compiler\ti-cgt-arm_16.9.3.LTS\lib\</path>
         <kind>archive</kind>
         <file>rtsv7M4_T_le_v4SPD16_eabi.lib</file>
         <name>exit.obj</name>
      </input_file>
      <input_file id="fl-ca">
         <path>C:\ti\ccsv7\tools\compiler\ti-cgt-arm_16.9.3.LTS\lib\</path>
         <kind>archive</kind>
         <file>rtsv7M4_T_le_v4SPD16_eabi.lib</file>
         <name>memcpy_t2.obj</name>
      </input_file>
      <input_file id="fl-cb">
         <path>C:\ti\ccsv7\tools\compiler\ti-cgt-arm_16.9.3.LTS\lib\</path>
         <kind>archive</kind>
         <file>rtsv7M4_T_le_v4SPD16_eabi.lib</file>
         <name>memset_t2.obj</name>
      </input_file>
      <input_file id="fl-cc">
         <path>C:\ti\ccsv7\tools\compiler\ti-cgt-arm_16.9.3.LTS\lib\</path>
         <kind>archive</kind>
         <file>rtsv7M4_T_le_v4SPD16_eabi.lib</file>
         <name>mpu_init.obj</name>
      </input_file>
      <input_file id="fl-cd">
         <path>C:\ti\ccsv7\tools\compiler\ti-cgt-arm_16.9.3.LTS\lib\</path>
         <kind>archive</kind>
         <file>rtsv7M4_T_le_v4SPD16_eabi.lib</file>
         <name>pre_init.obj</name>
      </input_file>
      <input_file id="fl-ce">
         <path>C:\ti\ccsv7\tools\compiler\ti-cgt-arm_16.9.3.LTS\lib\</path>
         <kind>archive</kind>
         <file>rtsv7M4_T_le_v4SPD16_eabi.lib</file>
         <name>sprintf.obj</name>
      </input_file>
      <input_file id="fl-cf">
         <path>C:\ti\ccsv7\tools\compiler\ti-cgt-arm_16.9.3.LTS\lib\</path>
         <kind>archive</kind>
         <file>rtsv7M4_T_le_v4SPD16_eabi.lib</file>
         <name>stkdepth_vars.obj</name>
      </input_file>
      <input_file id="fl-d0">
         <path>C:\ti\ccsv7\tools\compiler\ti-cgt-arm_16.9.3.LTS\lib\</path>
         <kind>archive</kind>
         <file>rtsv7M4_T_le_v4SPD16_eabi.lib</file>
         <name>u_divt2.obj</name>
      </input_file>
      <input_file id="fl-d1">
         <path>C:\ti\ccsv7\tools\compiler\ti-cgt-arm_16.9.3.LTS\lib\</path>
         <kind>archive</kind>
         <file>rtsv7M4_T_le_v4SPD16_eabi.lib</file>
         <name>_lock.obj</name>
      </input_file>
      <input_file id="fl-d2">
         <path>C:\ti\ccsv7\tools\compiler\ti-cgt-arm_16.9.3.LTS\lib\</path>
         <kind>archive</kind>
         <file>rtsv7M4_T_le_v4SPD16_eabi.lib</file>
         <name>_printfi.obj</name>
      </input_file>
      <input_file id="fl-d3">
         <path>C:\ti\ccsv7\tools\compiler\ti-cgt-arm_16.9.3.LTS\lib\</path>
         <kind>archive</kind>
         <file>rtsv7M4_T_le_v4SPD16_eabi.lib</file>
         <name>args_main.obj</name>
      </input_file>
      <input_file id="fl-d4">
         <path>C:\ti\ccsv7\tools\compiler\ti-cgt-arm_16.9.3.LTS\lib\</path>
         <kind>archive</kind>
         <file>rtsv7M4_T_le_v4SPD16_eabi.lib</file>
         <name>atoi.obj</name>
      </input_file>
      <input_file id="fl-d5">
         <path>C:\ti\ccsv7\tools\compiler\ti-cgt-arm_16.9.3.LTS\lib\</path>
         <kind>archive</kind>
         <file>rtsv7M4_T_le_v4SPD16_eabi.lib</file>
         <name>autoinit.obj</name>
      </input_file>
      <input_file id="fl-d6">
         <path>C:\ti\ccsv7\tools\compiler\ti-cgt-arm_16.9.3.LTS\lib\</path>
         <kind>archive</kind>
         <file>rtsv7M4_T_le_v4SPD16_eabi.lib</file>
         <name>cpy_tbl.obj</name>
      </input_file>
      <input_file id="fl-d7">
         <path>C:\ti\ccsv7\tools\compiler\ti-cgt-arm_16.9.3.LTS\lib\</path>
         <kind>archive</kind>
         <file>rtsv7M4_T_le_v4SPD16_eabi.lib</file>
         <name>ctype.obj</name>
      </input_file>
      <input_file id="fl-d8">
         <path>C:\ti\ccsv7\tools\compiler\ti-cgt-arm_16.9.3.LTS\lib\</path>
         <kind>archive</kind>
         <file>rtsv7M4_T_le_v4SPD16_eabi.lib</file>
         <name>fd_add_t2.obj</name>
      </input_file>
      <input_file id="fl-d9">
         <path>C:\ti\ccsv7\tools\compiler\ti-cgt-arm_16.9.3.LTS\lib\</path>
         <kind>archive</kind>
         <file>rtsv7M4_T_le_v4SPD16_eabi.lib</file>
         <name>fd_cmp_t2.obj</name>
      </input_file>
      <input_file id="fl-da">
         <path>C:\ti\ccsv7\tools\compiler\ti-cgt-arm_16.9.3.LTS\lib\</path>
         <kind>archive</kind>
         <file>rtsv7M4_T_le_v4SPD16_eabi.lib</file>
         <name>fd_div_t2.obj</name>
      </input_file>
      <input_file id="fl-db">
         <path>C:\ti\ccsv7\tools\compiler\ti-cgt-arm_16.9.3.LTS\lib\</path>
         <kind>archive</kind>
         <file>rtsv7M4_T_le_v4SPD16_eabi.lib</file>
         <name>fd_mul_t2.obj</name>
      </input_file>
      <input_file id="fl-dc">
         <path>C:\ti\ccsv7\tools\compiler\ti-cgt-arm_16.9.3.LTS\lib\</path>
         <kind>archive</kind>
         <file>rtsv7M4_T_le_v4SPD16_eabi.lib</file>
         <name>fd_toi_t2.obj</name>
      </input_file>
      <input_file id="fl-dd">
         <path>C:\ti\ccsv7\tools\compiler\ti-cgt-arm_16.9.3.LTS\lib\</path>
         <kind>archive</kind>
         <file>rtsv7M4_T_le_v4SPD16_eabi.lib</file>
         <name>i_div0.obj</name>
      </input_file>
      <input_file id="fl-de">
         <path>C:\ti\ccsv7\tools\compiler\ti-cgt-arm_16.9.3.LTS\lib\</path>
         <kind>archive</kind>
         <file>rtsv7M4_T_le_v4SPD16_eabi.lib</file>
         <name>i_tofd_t2.obj</name>
      </input_file>
      <input_file id="fl-df">
         <path>C:\ti\ccsv7\tools\compiler\ti-cgt-arm_16.9.3.LTS\lib\</path>
         <kind>archive</kind>
         <file>rtsv7M4_T_le_v4SPD16_eabi.lib</file>
         <name>ltoa.obj</name>
      </input_file>
      <input_file id="fl-e0">
         <path>C:\ti\ccsv7\tools\compiler\ti-cgt-arm_16.9.3.LTS\lib\</path>
         <kind>archive</kind>
         <file>rtsv7M4_T_le_v4SPD16_eabi.lib</file>
         <name>memccpy.obj</name>
      </input_file>
      <input_file id="fl-e1">
         <path>C:\ti\ccsv7\tools\compiler\ti-cgt-arm_16.9.3.LTS\lib\</path>
         <kind>archive</kind>
         <file>rtsv7M4_T_le_v4SPD16_eabi.lib</file>
         <name>s_frexp.obj</name>
      </input_file>
      <input_file id="fl-e2">
         <path>C:\ti\ccsv7\tools\compiler\ti-cgt-arm_16.9.3.LTS\lib\</path>
         <kind>archive</kind>
         <file>rtsv7M4_T_le_v4SPD16_eabi.lib</file>
         <name>s_scalbn.obj</name>
      </input_file>
      <input_file id="fl-e3">
         <path>C:\ti\ccsv7\tools\compiler\ti-cgt-arm_16.9.3.LTS\lib\</path>
         <kind>archive</kind>
         <file>rtsv7M4_T_le_v4SPD16_eabi.lib</file>
         <name>startup.obj</name>
      </input_file>
      <input_file id="fl-e4">
         <path>C:\ti\ccsv7\tools\compiler\ti-cgt-arm_16.9.3.LTS\lib\</path>
         <kind>archive</kind>
         <file>rtsv7M4_T_le_v4SPD16_eabi.lib</file>
         <name>strchr.obj</name>
      </input_file>
      <input_file id="fl-e5">
         <path>C:\ti\ccsv7\tools\compiler\ti-cgt-arm_16.9.3.LTS\lib\</path>
         <kind>archive</kind>
         <file>rtsv7M4_T_le_v4SPD16_eabi.lib</file>
         <name>strlen.obj</name>
      </input_file>
      <input_file id="fl-e6">
         <path>C:\ti\ccsv7\tools\compiler\ti-cgt-arm_16.9.3.LTS\lib\</path>
         <kind>archive</kind>
         <file>rtsv7M4_T_le_v4SPD16_eabi.lib</file>
         <name>ull_div_t2.obj</name>
      </input_file>
      <input_file id="fl-e7">
         <path>C:\ti\ccsv7\tools\compiler\ti-cgt-arm_16.9.3.LTS\lib\</path>
         <kind>archive</kind>
         <file>rtsv7M4_T_le_v4SPD16_eabi.lib</file>
         <name>errno.obj</name>
      </input_file>
      <input_file id="fl-e8">
         <path>C:\ti\ccsv7\tools\compiler\ti-cgt-arm_16.9.3.LTS\lib\</path>
         <kind>archive</kind>
         <file>rtsv7M4_T_le_v4SPD16_eabi.lib</file>
         <name>s_copysign.obj</name>
      </input_file>
      <input_file id="fl-e9">
         <path>C:\ti\TivaWare_C_Series-2.1.4.178\grlib\ccs\Debug\</path>
         <kind>archive</kind>
         <file>grlib.lib</file>
         <name>context.obj</name>
      </input_file>
      <input_file id="fl-ea">
         <path>C:\ti\TivaWare_C_Series-2.1.4.178\grlib\ccs\Debug\</path>
         <kind>archive</kind>
         <file>grlib.lib</file>
         <name>image.obj</name>
      </input_file>
      <input_file id="fl-eb">
         <path>C:\ti\TivaWare_C_Series-2.1.4.178\grlib\ccs\Debug\</path>
         <kind>archive</kind>
         <file>grlib.lib</file>
         <name>line.obj</name>
      </input_file>
      <input_file id="fl-ec">
         <path>C:\ti\TivaWare_C_Series-2.1.4.178\grlib\ccs\Debug\</path>
         <kind>archive</kind>
         <file>grlib.lib</file>
         <name>rectangle.obj</name>
      </input_file>
      <input_file id="fl-ed">
         <path>C:\ti\TivaWare_C_Series-2.1.4.178\grlib\ccs\Debug\</path>
         <kind>archive</kind>
         <file>grlib.lib</file>
         <name>string.obj</name>
      </input_file>
      <input_file id="fl-ee">
         <path>C:\ti\TivaWare_C_Series-2.1.4.178\grlib\ccs\Debug\</path>
         <kind>archive</kind>
         <file>grlib.lib</file>
         <name>widget.obj</name>
      </input_file>
      <input_file id="fl-ef">
         <path>C:\ti\TivaWare_C_Series-2.1.4.178\grlib\ccs\Debug\</path>
         <kind>archive</kind>
         <file>grlib.lib</file>
         <name>fontcm12.obj</name>
      </input_file>
      <input_file id="fl-f0">
         <path>C:\ti\TivaWare_C_Series-2.1.4.178\grlib\ccs\Debug\</path>
         <kind>archive</kind>
         <file>grlib.lib</file>
         <name>charmap.obj</name>
      </input_file>
      <input_file id="fl-f1">
         <path>C:\ti\TivaWare_C_Series-2.1.4.178\driverlib\ccs\Debug\</path>
         <kind>archive</kind>
         <file>driverlib.lib</file>
         <name>gpio.obj</name>
      </input_file>
      <input_file id="fl-f2">
         <path>C:\ti\TivaWare_C_Series-2.1.4.178\driverlib\ccs\Debug\</path>
         <kind>archive</kind>
         <file>driverlib.lib</file>
         <name>interrupt.obj</name>
      </input_file>
      <input_file id="fl-f3">
         <path>C:\ti\TivaWare_C_Series-2.1.4.178\driverlib\ccs\Debug\</path>
         <kind>archive</kind>
         <file>driverlib.lib</file>
         <name>sysctl.obj</name>
      </input_file>
      <input_file id="fl-f4">
         <path>C:\ti\TivaWare_C_Series-2.1.4.178\driverlib\ccs\Debug\</path>
         <kind>archive</kind>
         <file>driverlib.lib</file>
         <name>systick.obj</name>
      </input_file>
      <input_file id="fl-f5">
         <path>C:\ti\TivaWare_C_Series-2.1.4.178\driverlib\ccs\Debug\</path>
         <kind>archive</kind>
         <file>driverlib.lib</file>
         <name>timer.obj</name>
      </input_file>
      <input_file id="fl-f6">
         <path>C:\ti\TivaWare_C_Series-2.1.4.178\driverlib\ccs\Debug\</path>
         <kind>archive</kind>
         <file>driverlib.lib</file>
         <name>uart.obj</name>
      </input_file>
      <input_file id="fl-f7">
         <path>C:\ti\TivaWare_C_Series-2.1.4.178\driverlib\ccs\Debug\</path>
         <kind>archive</kind>
         <file>driverlib.lib</file>
         <name>udma.obj</name>
      </input_file>
      <input_file id="fl-f8">
         <path>C:\ti\TivaWare_C_Series-2.1.4.178\driverlib\ccs\Debug\</path>
         <kind>archive</kind>
         <file>driverlib.lib</file>
         <name>cpu.obj</name>
      </input_file>
   </input_file_list>
   <object_component_list>
      <object_component id="oc-f">
         <name>.intvecs</name>
         <load_address>0x0</load_address>
         <run_address>0x0</run_address>
         <size>0x26c</size>
         <input_file_ref idref="fl-4"/>
      </object_component>
      <object_component id="oc-31">
         <name>.text</name>
         <load_address>0x26c</load_address>
         <run_address>0x26c</run_address>
         <size>0x16fc</size>
         <input_file_ref idref="fl-3"/>
      </object_component>
      <object_component id="oc-2bd">
         <name>.text</name>
         <load_address>0x1968</load_address>
         <run_address>0x1968</run_address>
         <size>0x113e</size>
         <input_file_ref idref="fl-d2"/>
      </object_component>
      <object_component id="oc-21e">
         <name>.text</name>
         <load_address>0x2aa6</load_address>
         <run_address>0x2aa6</run_address>
         <size>0x2</size>
         <input_file_ref idref="fl-dd"/>
      </object_component>
      <object_component id="oc-ff">
         <name>.text</name>
         <load_address>0x2aa8</load_address>
         <run_address>0x2aa8</run_address>
         <size>0x67c</size>
         <input_file_ref idref="fl-6"/>
      </object_component>
      <object_component id="oc-324">
         <name>.text:GrFontGlyphRender</name>
         <load_address>0x3124</load_address>
         <run_address>0x3124</run_address>
         <size>0x254</size>
         <input_file_ref idref="fl-ed"/>
      </object_component>
      <object_component id="oc-354">
         <name>.text</name>
         <load_address>0x3378</load_address>
         <run_address>0x3378</run_address>
         <size>0x1f4</size>
         <input_file_ref idref="fl-e6"/>
      </object_component>
      <object_component id="oc-383">
         <name>.text</name>
         <load_address>0x356c</load_address>
         <run_address>0x356c</run_address>
         <size>0x1b6</size>
         <input_file_ref idref="fl-d8"/>
      </object_component>
      <object_component id="oc-369">
         <name>.text</name>
         <load_address>0x3722</load_address>
         <run_address>0x3722</run_address>
         <size>0x136</size>
         <input_file_ref idref="fl-da"/>
      </object_component>
      <object_component id="oc-27c">
         <name>.text:GPIOPadConfigSet</name>
         <load_address>0x3858</load_address>
         <run_address>0x3858</run_address>
         <size>0x132</size>
         <input_file_ref idref="fl-f1"/>
      </object_component>
      <object_component id="oc-5d">
         <name>.text</name>
         <load_address>0x398a</load_address>
         <run_address>0x398a</run_address>
         <size>0x2</size>
         <input_file_ref idref="fl-cc"/>
      </object_component>
      <object_component id="oc-e7">
         <name>.text:SysCtlClockGet</name>
         <load_address>0x398c</load_address>
         <run_address>0x398c</run_address>
         <size>0x110</size>
         <input_file_ref idref="fl-f3"/>
      </object_component>
      <object_component id="oc-364">
         <name>.text</name>
         <load_address>0x3a9c</load_address>
         <run_address>0x3a9c</run_address>
         <size>0xfc</size>
         <input_file_ref idref="fl-db"/>
      </object_component>
      <object_component id="oc-38e">
         <name>.text</name>
         <load_address>0x3b98</load_address>
         <run_address>0x3b98</run_address>
         <size>0xfc</size>
         <input_file_ref idref="fl-e2"/>
      </object_component>
      <object_component id="oc-db">
         <name>.text:SysCtlClockSet</name>
         <load_address>0x3c94</load_address>
         <run_address>0x3c94</run_address>
         <size>0xf4</size>
         <input_file_ref idref="fl-f3"/>
      </object_component>
      <object_component id="oc-c4">
         <name>.text</name>
         <load_address>0x3d88</load_address>
         <run_address>0x3d88</run_address>
         <size>0xe8</size>
         <input_file_ref idref="fl-2"/>
      </object_component>
      <object_component id="oc-12f">
         <name>.text</name>
         <load_address>0x3e70</load_address>
         <run_address>0x3e70</run_address>
         <size>0xe0</size>
         <input_file_ref idref="fl-5"/>
      </object_component>
      <object_component id="oc-25d">
         <name>.text:GrDefaultStringRenderer</name>
         <load_address>0x3f50</load_address>
         <run_address>0x3f50</run_address>
         <size>0xc0</size>
         <input_file_ref idref="fl-ed"/>
      </object_component>
      <object_component id="oc-45">
         <name>.text</name>
         <load_address>0x4010</load_address>
         <run_address>0x4010</run_address>
         <size>0x9c</size>
         <input_file_ref idref="fl-ca"/>
      </object_component>
      <object_component id="oc-35f">
         <name>.text:__aeabi_cdcmple</name>
         <load_address>0x40ac</load_address>
         <run_address>0x40ac</run_address>
         <size>0x86</size>
         <input_file_ref idref="fl-d9"/>
      </object_component>
      <object_component id="oc-36e">
         <name>.text:__aeabi_cdrcmple</name>
         <load_address>0x4132</load_address>
         <run_address>0x4132</run_address>
         <size>0x86</size>
         <input_file_ref idref="fl-d9"/>
      </object_component>
      <object_component id="oc-c9">
         <name>.text:uDMAChannelTransferSet</name>
         <load_address>0x41b8</load_address>
         <run_address>0x41b8</run_address>
         <size>0x80</size>
         <input_file_ref idref="fl-f7"/>
      </object_component>
      <object_component id="oc-51">
         <name>.text</name>
         <load_address>0x4238</load_address>
         <run_address>0x4238</run_address>
         <size>0x7a</size>
         <input_file_ref idref="fl-cb"/>
      </object_component>
      <object_component id="oc-205">
         <name>.text</name>
         <load_address>0x42b2</load_address>
         <run_address>0x42b2</run_address>
         <size>0x2</size>
         <input_file_ref idref="fl-e3"/>
      </object_component>
      <object_component id="oc-69">
         <name>.text</name>
         <load_address>0x42b4</load_address>
         <run_address>0x42b4</run_address>
         <size>0x70</size>
         <input_file_ref idref="fl-d5"/>
      </object_component>
      <object_component id="oc-105">
         <name>.text:GrContextInit</name>
         <load_address>0x4324</load_address>
         <run_address>0x4324</run_address>
         <size>0x68</size>
         <input_file_ref idref="fl-e9"/>
      </object_component>
      <object_component id="oc-1ad">
         <name>.text:GrStringWidthGet</name>
         <load_address>0x438c</load_address>
         <run_address>0x438c</run_address>
         <size>0x68</size>
         <input_file_ref idref="fl-ed"/>
      </object_component>
      <object_component id="oc-153">
         <name>.text:IntEnable</name>
         <load_address>0x43f4</load_address>
         <run_address>0x43f4</run_address>
         <size>0x68</size>
         <input_file_ref idref="fl-f2"/>
      </object_component>
      <object_component id="oc-12">
         <name>.text:decompress:lzss</name>
         <load_address>0x445c</load_address>
         <run_address>0x445c</run_address>
         <size>0x68</size>
         <input_file_ref idref="fl-c6"/>
      </object_component>
      <object_component id="oc-388">
         <name>.text</name>
         <load_address>0x44c4</load_address>
         <run_address>0x44c4</run_address>
         <size>0x64</size>
         <input_file_ref idref="fl-e1"/>
      </object_component>
      <object_component id="oc-17d">
         <name>.text:TimerConfigure</name>
         <load_address>0x4528</load_address>
         <run_address>0x4528</run_address>
         <size>0x60</size>
         <input_file_ref idref="fl-f5"/>
      </object_component>
      <object_component id="oc-1a7">
         <name>.text</name>
         <load_address>0x4588</load_address>
         <run_address>0x4588</run_address>
         <size>0x60</size>
         <input_file_ref idref="fl-ce"/>
      </object_component>
      <object_component id="oc-3ba">
         <name>.text:FontWideGlyphDataGet</name>
         <load_address>0x45e8</load_address>
         <run_address>0x45e8</run_address>
         <size>0x5a</size>
         <input_file_ref idref="fl-ed"/>
      </object_component>
      <object_component id="oc-24">
         <name>.text</name>
         <load_address>0x4644</load_address>
         <run_address>0x4644</run_address>
         <size>0x54</size>
         <input_file_ref idref="fl-c5"/>
      </object_component>
      <object_component id="oc-75">
         <name>.text</name>
         <load_address>0x4698</load_address>
         <run_address>0x4698</run_address>
         <size>0x54</size>
         <input_file_ref idref="fl-c9"/>
      </object_component>
      <object_component id="oc-378">
         <name>.text</name>
         <load_address>0x46ec</load_address>
         <run_address>0x46ec</run_address>
         <size>0x54</size>
         <input_file_ref idref="fl-df"/>
      </object_component>
      <object_component id="oc-129">
         <name>.text:GPIOPinConfigure</name>
         <load_address>0x4740</load_address>
         <run_address>0x4740</run_address>
         <size>0x4c</size>
         <input_file_ref idref="fl-f1"/>
      </object_component>
      <object_component id="oc-39a">
         <name>.text</name>
         <load_address>0x478c</load_address>
         <run_address>0x478c</run_address>
         <size>0x4c</size>
         <input_file_ref idref="fl-d4"/>
      </object_component>
      <object_component id="oc-1ff">
         <name>.text</name>
         <load_address>0x47d8</load_address>
         <run_address>0x47d8</run_address>
         <size>0x4c</size>
         <input_file_ref idref="fl-d6"/>
      </object_component>
      <object_component id="oc-26b">
         <name>.text:UpdateContextCharMapping</name>
         <load_address>0x4824</load_address>
         <run_address>0x4824</run_address>
         <size>0x4a</size>
         <input_file_ref idref="fl-ed"/>
      </object_component>
      <object_component id="oc-e1">
         <name>.text:SysCtlPeripheralClockGating</name>
         <load_address>0x4870</load_address>
         <run_address>0x4870</run_address>
         <size>0x48</size>
         <input_file_ref idref="fl-f3"/>
      </object_component>
      <object_component id="oc-373">
         <name>.text</name>
         <load_address>0x48b8</load_address>
         <run_address>0x48b8</run_address>
         <size>0x48</size>
         <input_file_ref idref="fl-dc"/>
      </object_component>
      <object_component id="oc-16b">
         <name>.text:uDMAChannelAttributeDisable</name>
         <load_address>0x4900</load_address>
         <run_address>0x4900</run_address>
         <size>0x48</size>
         <input_file_ref idref="fl-f7"/>
      </object_component>
      <object_component id="oc-135">
         <name>.text:UARTConfigSetExpClk</name>
         <load_address>0x4948</load_address>
         <run_address>0x4948</run_address>
         <size>0x46</size>
         <input_file_ref idref="fl-f6"/>
      </object_component>
      <object_component id="oc-171">
         <name>.text:uDMAChannelAttributeEnable</name>
         <load_address>0x4990</load_address>
         <run_address>0x4990</run_address>
         <size>0x44</size>
         <input_file_ref idref="fl-f7"/>
      </object_component>
      <object_component id="oc-86">
         <name>.text</name>
         <load_address>0x49d4</load_address>
         <run_address>0x49d4</run_address>
         <size>0x40</size>
         <input_file_ref idref="fl-d0"/>
      </object_component>
      <object_component id="oc-3c0">
         <name>.text:FontGlyphDataGet</name>
         <load_address>0x4a14</load_address>
         <run_address>0x4a14</run_address>
         <size>0x3a</size>
         <input_file_ref idref="fl-ed"/>
      </object_component>
      <object_component id="oc-117">
         <name>.text:SysCtlPeripheralReady</name>
         <load_address>0x4a50</load_address>
         <run_address>0x4a50</run_address>
         <size>0x38</size>
         <input_file_ref idref="fl-f3"/>
      </object_component>
      <object_component id="oc-111">
         <name>.text:SysCtlPeripheralEnable</name>
         <load_address>0x4a88</load_address>
         <run_address>0x4a88</run_address>
         <size>0x34</size>
         <input_file_ref idref="fl-f3"/>
      </object_component>
      <object_component id="oc-11d">
         <name>.text:SysCtlPeripheralSleepEnable</name>
         <load_address>0x4abc</load_address>
         <run_address>0x4abc</run_address>
         <size>0x34</size>
         <input_file_ref idref="fl-f3"/>
      </object_component>
      <object_component id="oc-2c5">
         <name>.text:GrStringNextCharGet</name>
         <load_address>0x4af0</load_address>
         <run_address>0x4af0</run_address>
         <size>0x2e</size>
         <input_file_ref idref="fl-ed"/>
      </object_component>
      <object_component id="oc-37e">
         <name>.text</name>
         <load_address>0x4b1e</load_address>
         <run_address>0x4b1e</run_address>
         <size>0x2e</size>
         <input_file_ref idref="fl-de"/>
      </object_component>
      <object_component id="oc-276">
         <name>.text:GPIODirModeSet</name>
         <load_address>0x4b4c</load_address>
         <run_address>0x4b4c</run_address>
         <size>0x2c</size>
         <input_file_ref idref="fl-f1"/>
      </object_component>
      <object_component id="oc-1b3">
         <name>.text:GrFontBaselineGet</name>
         <load_address>0x4b78</load_address>
         <run_address>0x4b78</run_address>
         <size>0x2c</size>
         <input_file_ref idref="fl-ed"/>
      </object_component>
      <object_component id="oc-165">
         <name>.text:uDMAChannelAssign</name>
         <load_address>0x4ba4</load_address>
         <run_address>0x4ba4</run_address>
         <size>0x2c</size>
         <input_file_ref idref="fl-f7"/>
      </object_component>
      <object_component id="oc-be">
         <name>.text:uDMAChannelModeGet</name>
         <load_address>0x4bd0</load_address>
         <run_address>0x4bd0</run_address>
         <size>0x28</size>
         <input_file_ref idref="fl-f7"/>
      </object_component>
      <object_component id="oc-2d1">
         <name>.text:GrFontInfoGet</name>
         <load_address>0x4bf8</load_address>
         <run_address>0x4bf8</run_address>
         <size>0x26</size>
         <input_file_ref idref="fl-ed"/>
      </object_component>
      <object_component id="oc-177">
         <name>.text:uDMAChannelControlSet</name>
         <load_address>0x4c20</load_address>
         <run_address>0x4c20</run_address>
         <size>0x24</size>
         <input_file_ref idref="fl-f7"/>
      </object_component>
      <object_component id="oc-2cb">
         <name>.text:GrFontGlyphDataGet</name>
         <load_address>0x4c44</load_address>
         <run_address>0x4c44</run_address>
         <size>0x22</size>
         <input_file_ref idref="fl-ed"/>
      </object_component>
      <object_component id="oc-293">
         <name>.text:UARTDisable</name>
         <load_address>0x4c68</load_address>
         <run_address>0x4c68</run_address>
         <size>0x20</size>
         <input_file_ref idref="fl-f6"/>
      </object_component>
      <object_component id="oc-337">
         <name>.text:GrFontCodepageGet</name>
         <load_address>0x4c88</load_address>
         <run_address>0x4c88</run_address>
         <size>0x1e</size>
         <input_file_ref idref="fl-ed"/>
      </object_component>
      <object_component id="oc-3a0">
         <name>.text</name>
         <load_address>0x4ca6</load_address>
         <run_address>0x4ca6</run_address>
         <size>0x1c</size>
         <input_file_ref idref="fl-e0"/>
      </object_component>
      <object_component id="oc-6f">
         <name>.text</name>
         <load_address>0x4cc4</load_address>
         <run_address>0x4cc4</run_address>
         <size>0x18</size>
         <input_file_ref idref="fl-d3"/>
      </object_component>
      <object_component id="oc-cf">
         <name>.text:uDMAChannelDisable</name>
         <load_address>0x4cdc</load_address>
         <run_address>0x4cdc</run_address>
         <size>0x18</size>
         <input_file_ref idref="fl-f7"/>
      </object_component>
      <object_component id="oc-d5">
         <name>.text:uDMAChannelEnable</name>
         <load_address>0x4cf4</load_address>
         <run_address>0x4cf4</run_address>
         <size>0x18</size>
         <input_file_ref idref="fl-f7"/>
      </object_component>
      <object_component id="oc-123">
         <name>.text:GPIOPinTypeUART</name>
         <load_address>0x4d0c</load_address>
         <run_address>0x4d0c</run_address>
         <size>0x16</size>
         <input_file_ref idref="fl-f1"/>
      </object_component>
      <object_component id="oc-1b9">
         <name>.text:GrStringDraw</name>
         <load_address>0x4d22</load_address>
         <run_address>0x4d22</run_address>
         <size>0x16</size>
         <input_file_ref idref="fl-ed"/>
      </object_component>
      <object_component id="oc-394">
         <name>.text</name>
         <load_address>0x4d38</load_address>
         <run_address>0x4d38</run_address>
         <size>0x16</size>
         <input_file_ref idref="fl-e4"/>
      </object_component>
      <object_component id="oc-f9">
         <name>.text:SysTickEnable</name>
         <load_address>0x4d50</load_address>
         <run_address>0x4d50</run_address>
         <size>0x14</size>
         <input_file_ref idref="fl-f4"/>
      </object_component>
      <object_component id="oc-f3">
         <name>.text:SysTickIntEnable</name>
         <load_address>0x4d64</load_address>
         <run_address>0x4d64</run_address>
         <size>0x14</size>
         <input_file_ref idref="fl-f4"/>
      </object_component>
      <object_component id="oc-147">
         <name>.text:UARTEnable</name>
         <load_address>0x4d78</load_address>
         <run_address>0x4d78</run_address>
         <size>0x14</size>
         <input_file_ref idref="fl-f6"/>
      </object_component>
      <object_component id="oc-2fc">
         <name>.text</name>
         <load_address>0x4d8c</load_address>
         <run_address>0x4d8c</run_address>
         <size>0x14</size>
         <input_file_ref idref="fl-d1"/>
      </object_component>
      <object_component id="oc-3ee">
         <name>.text</name>
         <load_address>0x4da0</load_address>
         <run_address>0x4da0</run_address>
         <size>0x14</size>
         <input_file_ref idref="fl-e8"/>
      </object_component>
      <object_component id="oc-359">
         <name>.text</name>
         <load_address>0x4db4</load_address>
         <run_address>0x4db4</run_address>
         <size>0x14</size>
         <input_file_ref idref="fl-e5"/>
      </object_component>
      <object_component id="oc-183">
         <name>.text:TimerLoadSet</name>
         <load_address>0x4dc8</load_address>
         <run_address>0x4dc8</run_address>
         <size>0x12</size>
         <input_file_ref idref="fl-f5"/>
      </object_component>
      <object_component id="oc-97">
         <name>.text:IntMasterDisable</name>
         <load_address>0x4dda</load_address>
         <run_address>0x4dda</run_address>
         <size>0x10</size>
         <input_file_ref idref="fl-f2"/>
      </object_component>
      <object_component id="oc-9d">
         <name>.text:IntMasterEnable</name>
         <load_address>0x4dea</load_address>
         <run_address>0x4dea</run_address>
         <size>0x10</size>
         <input_file_ref idref="fl-f2"/>
      </object_component>
      <object_component id="oc-ed">
         <name>.text:SysTickPeriodSet</name>
         <load_address>0x4dfc</load_address>
         <run_address>0x4dfc</run_address>
         <size>0x10</size>
         <input_file_ref idref="fl-f4"/>
      </object_component>
      <object_component id="oc-159">
         <name>.text:uDMAEnable</name>
         <load_address>0x4e0c</load_address>
         <run_address>0x4e0c</run_address>
         <size>0x10</size>
         <input_file_ref idref="fl-f7"/>
      </object_component>
      <object_component id="oc-18f">
         <name>.text:TimerEnable</name>
         <load_address>0x4e1c</load_address>
         <run_address>0x4e1c</run_address>
         <size>0xe</size>
         <input_file_ref idref="fl-f5"/>
      </object_component>
      <object_component id="oc-18">
         <name>.text:decompress:none</name>
         <load_address>0x4e2a</load_address>
         <run_address>0x4e2a</run_address>
         <size>0xe</size>
         <input_file_ref idref="fl-c7"/>
      </object_component>
      <object_component id="oc-22c">
         <name>.text:CPUcpsid</name>
         <load_address>0x4e38</load_address>
         <run_address>0x4e38</run_address>
         <size>0xc</size>
         <input_file_ref idref="fl-f8"/>
      </object_component>
      <object_component id="oc-233">
         <name>.text:CPUcpsie</name>
         <load_address>0x4e44</load_address>
         <run_address>0x4e44</run_address>
         <size>0xc</size>
         <input_file_ref idref="fl-f8"/>
      </object_component>
      <object_component id="oc-1e">
         <name>.text:decompress:ZI</name>
         <load_address>0x4e50</load_address>
         <run_address>0x4e50</run_address>
         <size>0xc</size>
         <input_file_ref idref="fl-c8"/>
      </object_component>
      <object_component id="oc-2b">
         <name>.text</name>
         <load_address>0x4e5c</load_address>
         <run_address>0x4e5c</run_address>
         <size>0xc</size>
         <input_file_ref idref="fl-4"/>
      </object_component>
      <object_component id="oc-15f">
         <name>.text:uDMAControlBaseSet</name>
         <load_address>0x4e68</load_address>
         <run_address>0x4e68</run_address>
         <size>0xc</size>
         <input_file_ref idref="fl-f7"/>
      </object_component>
      <object_component id="oc-a9">
         <name>.text:uDMAErrorStatusClear</name>
         <load_address>0x4e74</load_address>
         <run_address>0x4e74</run_address>
         <size>0xc</size>
         <input_file_ref idref="fl-f7"/>
      </object_component>
      <object_component id="oc-a3">
         <name>.text:uDMAErrorStatusGet</name>
         <load_address>0x4e80</load_address>
         <run_address>0x4e80</run_address>
         <size>0xc</size>
         <input_file_ref idref="fl-f7"/>
      </object_component>
      <object_component id="oc-141">
         <name>.text:UARTFIFOEnable</name>
         <load_address>0x4e8c</load_address>
         <run_address>0x4e8c</run_address>
         <size>0xa</size>
         <input_file_ref idref="fl-f6"/>
      </object_component>
      <object_component id="oc-b2">
         <name>.text:UARTIntStatus</name>
         <load_address>0x4e96</load_address>
         <run_address>0x4e96</run_address>
         <size>0xa</size>
         <input_file_ref idref="fl-f6"/>
      </object_component>
      <object_component id="oc-32b">
         <name>.text:GrMapISO8859_1_Unicode</name>
         <load_address>0x4ea0</load_address>
         <run_address>0x4ea0</run_address>
         <size>0x8</size>
         <input_file_ref idref="fl-f0"/>
      </object_component>
      <object_component id="oc-189">
         <name>.text:TimerIntEnable</name>
         <load_address>0x4ea8</load_address>
         <run_address>0x4ea8</run_address>
         <size>0x8</size>
         <input_file_ref idref="fl-f5"/>
      </object_component>
      <object_component id="oc-14d">
         <name>.text:UARTDMAEnable</name>
         <load_address>0x4eb0</load_address>
         <run_address>0x4eb0</run_address>
         <size>0x8</size>
         <input_file_ref idref="fl-f6"/>
      </object_component>
      <object_component id="oc-288">
         <name>.text:GPIOPinRead</name>
         <load_address>0x4eb8</load_address>
         <run_address>0x4eb8</run_address>
         <size>0x6</size>
         <input_file_ref idref="fl-f1"/>
      </object_component>
      <object_component id="oc-10b">
         <name>.text:GrContextFontSet</name>
         <load_address>0x4ebe</load_address>
         <run_address>0x4ebe</run_address>
         <size>0x6</size>
         <input_file_ref idref="fl-ed"/>
      </object_component>
      <object_component id="oc-247">
         <name>.text:SysCtlDelay</name>
         <load_address>0x4ec4</load_address>
         <run_address>0x4ec4</run_address>
         <size>0x6</size>
         <input_file_ref idref="fl-f3"/>
      </object_component>
      <object_component id="oc-13b">
         <name>.text:UARTFIFOLevelSet</name>
         <load_address>0x4eca</load_address>
         <run_address>0x4eca</run_address>
         <size>0x6</size>
         <input_file_ref idref="fl-f6"/>
      </object_component>
      <object_component id="oc-91">
         <name>.text:TimerIntClear</name>
         <load_address>0x4ed0</load_address>
         <run_address>0x4ed0</run_address>
         <size>0x4</size>
         <input_file_ref idref="fl-f5"/>
      </object_component>
      <object_component id="oc-b8">
         <name>.text:UARTIntClear</name>
         <load_address>0x4ed4</load_address>
         <run_address>0x4ed4</run_address>
         <size>0x4</size>
         <input_file_ref idref="fl-f6"/>
      </object_component>
      <object_component id="oc-63">
         <name>.text</name>
         <load_address>0x4ed8</load_address>
         <run_address>0x4ed8</run_address>
         <size>0x4</size>
         <input_file_ref idref="fl-cd"/>
      </object_component>
      <object_component id="oc-2b5">
         <name>.const:.string:g_pui8Cm12Data</name>
         <load_address>0x4edc</load_address>
         <run_address>0x4edc</run_address>
         <size>0x55f</size>
         <input_file_ref idref="fl-ef"/>
      </object_component>
      <object_component id="oc-3fb">
         <name>.const:.string:_ctypes_</name>
         <load_address>0x543b</load_address>
         <run_address>0x543b</run_address>
         <size>0x101</size>
         <input_file_ref idref="fl-d7"/>
      </object_component>
      <object_component id="oc-1c5">
         <name>.const:.string:gamma</name>
         <load_address>0x553c</load_address>
         <run_address>0x553c</run_address>
         <size>0x100</size>
         <input_file_ref idref="fl-3"/>
      </object_component>
      <object_component id="oc-1c8">
         <name>.const:.string:sine_wave</name>
         <load_address>0x563c</load_address>
         <run_address>0x563c</run_address>
         <size>0x100</size>
         <input_file_ref idref="fl-3"/>
      </object_component>
      <object_component id="oc-1a1">
         <name>.const:g_sFontCm12</name>
         <load_address>0x573c</load_address>
         <run_address>0x573c</run_address>
         <size>0xc8</size>
         <input_file_ref idref="fl-ef"/>
      </object_component>
      <object_component id="oc-284">
         <name>.const:g_pui32GPIOBaseAddrs</name>
         <load_address>0x5804</load_address>
         <run_address>0x5804</run_address>
         <size>0x90</size>
         <input_file_ref idref="fl-f1"/>
      </object_component>
      <object_component id="oc-24b">
         <name>.const:g_pui32Xtals</name>
         <load_address>0x5894</load_address>
         <run_address>0x5894</run_address>
         <size>0x6c</size>
         <input_file_ref idref="fl-f3"/>
      </object_component>
      <object_component id="oc-8e">
         <name>.const:g_psDaysToMonth</name>
         <load_address>0x5900</load_address>
         <run_address>0x5900</run_address>
         <size>0x30</size>
         <input_file_ref idref="fl-3"/>
      </object_component>
      <object_component id="oc-19e">
         <name>.const:g_sCFAL96x64x16</name>
         <load_address>0x5930</load_address>
         <run_address>0x5930</run_address>
         <size>0x28</size>
         <input_file_ref idref="fl-6"/>
      </object_component>
      <object_component id="oc-af">
         <name>.const:g_pfExponents</name>
         <load_address>0x5958</load_address>
         <run_address>0x5958</run_address>
         <size>0x18</size>
         <input_file_ref idref="fl-3"/>
      </object_component>
      <object_component id="oc-29e">
         <name>.const:g_pui32EnRegs</name>
         <load_address>0x5970</load_address>
         <run_address>0x5970</run_address>
         <size>0x14</size>
         <input_file_ref idref="fl-f2"/>
      </object_component>
      <object_component id="oc-225">
         <name>.const:.string</name>
         <load_address>0x5984</load_address>
         <run_address>0x5984</run_address>
         <size>0x12</size>
         <input_file_ref idref="fl-3"/>
      </object_component>
      <object_component id="oc-263">
         <name>.const:g_psDefaultCodePointMapTable</name>
         <load_address>0x5998</load_address>
         <run_address>0x5998</run_address>
         <size>0x10</size>
         <input_file_ref idref="fl-e9"/>
      </object_component>
      <object_component id="oc-8b">
         <name>.const</name>
         <load_address>0x59a8</load_address>
         <run_address>0x59a8</run_address>
         <size>0x4</size>
         <input_file_ref idref="fl-3"/>
      </object_component>
      <object_component id="oc-444">
         <name>.cinit..data.load</name>
         <load_address>0x59b0</load_address>
         <run_address>0x59b0</run_address>
         <size>0x35</size>
      </object_component>
      <object_component id="oc-442">
         <name>__TI_handler_table</name>
         <load_address>0x59e8</load_address>
         <run_address>0x59e8</run_address>
         <size>0xc</size>
      </object_component>
      <object_component id="oc-445">
         <name>.cinit..bss.load</name>
         <load_address>0x59f8</load_address>
         <run_address>0x59f8</run_address>
         <size>0x8</size>
      </object_component>
      <object_component id="oc-443">
         <name>__TI_cinit_table</name>
         <load_address>0x5a00</load_address>
         <run_address>0x5a00</run_address>
         <size>0x10</size>
      </object_component>
      <object_component id="oc-80">
         <name>.data</name>
         <load_address>0x20000e7c</load_address>
         <run_address>0x20000e7c</run_address>
         <size>0x18</size>
         <input_file_ref idref="fl-3"/>
      </object_component>
      <object_component id="oc-28e">
         <name>.data</name>
         <load_address>0x20000ec4</load_address>
         <run_address>0x20000ec4</run_address>
         <size>0x3</size>
         <input_file_ref idref="fl-5"/>
      </object_component>
      <object_component id="oc-253">
         <name>.data:g_ui8DisplayInitCommands</name>
         <load_address>0x20000e94</load_address>
         <run_address>0x20000e94</run_address>
         <size>0x13</size>
         <input_file_ref idref="fl-6"/>
      </object_component>
      <object_component id="oc-20f">
         <name>.data:$O1$$</name>
         <load_address>0x20000ea8</load_address>
         <run_address>0x20000ea8</run_address>
         <size>0xc</size>
         <input_file_ref idref="fl-c9"/>
      </object_component>
      <object_component id="oc-7b">
         <name>.data</name>
         <load_address>0x20000ec0</load_address>
         <run_address>0x20000ec0</run_address>
         <size>0x4</size>
         <input_file_ref idref="fl-cf"/>
      </object_component>
      <object_component id="oc-212">
         <name>.data:$O1$$</name>
         <load_address>0x20000eb4</load_address>
         <run_address>0x20000eb4</run_address>
         <size>0x8</size>
         <input_file_ref idref="fl-d1"/>
      </object_component>
      <object_component id="oc-3f4">
         <name>.data</name>
         <load_address>0x20000ebc</load_address>
         <run_address>0x20000ebc</run_address>
         <size>0x4</size>
         <input_file_ref idref="fl-e7"/>
      </object_component>
      <object_component id="oc-83">
         <name>.bss:g_pui32RandomEntropy</name>
         <uninitialized>true</uninitialized>
         <run_address>0x20000dec</run_address>
         <size>0x40</size>
         <input_file_ref idref="fl-3"/>
      </object_component>
      <object_component id="oc-195">
         <name>.bss:LEDBufA</name>
         <uninitialized>true</uninitialized>
         <run_address>0x20000c00</run_address>
         <size>0x12c</size>
         <input_file_ref idref="fl-3"/>
      </object_component>
      <object_component id="oc-198">
         <name>.bss:TxBufA</name>
         <uninitialized>true</uninitialized>
         <run_address>0x20000d2c</run_address>
         <size>0x60</size>
         <input_file_ref idref="fl-3"/>
      </object_component>
      <object_component id="oc-19b">
         <name>.bss:TxBufB</name>
         <uninitialized>true</uninitialized>
         <run_address>0x20000d8c</run_address>
         <size>0x60</size>
         <input_file_ref idref="fl-3"/>
      </object_component>
      <object_component id="oc-1c2">
         <name>.bss:str</name>
         <uninitialized>true</uninitialized>
         <run_address>0x20000e58</run_address>
         <size>0x20</size>
         <input_file_ref idref="fl-3"/>
      </object_component>
      <object_component id="oc-1bf">
         <name>.bss:sContext</name>
         <uninitialized>true</uninitialized>
         <run_address>0x20000e2c</run_address>
         <size>0x2c</size>
         <input_file_ref idref="fl-3"/>
      </object_component>
      <object_component id="oc-266">
         <name>.bss</name>
         <uninitialized>true</uninitialized>
         <run_address>0x20000e78</run_address>
         <size>0x4</size>
         <input_file_ref idref="fl-e9"/>
      </object_component>
      <object_component id="oc-1a4">
         <name>.common:ui8ControlTable</name>
         <uninitialized>true</uninitialized>
         <run_address>0x20000800</run_address>
         <size>0x400</size>
      </object_component>
      <object_component id="oc-2a">
         <name>.stack</name>
         <uninitialized>true</uninitialized>
         <run_address>0x20000000</run_address>
         <size>0x0</size>
         <input_file_ref idref="fl-c5"/>
      </object_component>
      <object_component id="oc-446">
         <name>.stack</name>
         <uninitialized>true</uninitialized>
         <run_address>0x20000000</run_address>
         <size>0x0</size>
      </object_component>
      <object_component id="oc-c5">
         <name>.debug_info</name>
         <load_address>0x0</load_address>
         <run_address>0x0</run_address>
         <size>0xf1</size>
         <input_file_ref idref="fl-2"/>
      </object_component>
      <object_component id="oc-1a5">
         <name>.debug_info</name>
         <load_address>0xf1</load_address>
         <run_address>0xf1</run_address>
         <size>0xff8</size>
         <input_file_ref idref="fl-3"/>
      </object_component>
      <object_component id="oc-84">
         <name>.debug_info</name>
         <load_address>0x10e9</load_address>
         <run_address>0x10e9</run_address>
         <size>0xed</size>
         <input_file_ref idref="fl-3"/>
      </object_component>
      <object_component id="oc-81">
         <name>.debug_info</name>
         <load_address>0x11d6</load_address>
         <run_address>0x11d6</run_address>
         <size>0x1fb</size>
         <input_file_ref idref="fl-3"/>
      </object_component>
      <object_component id="oc-8c">
         <name>.debug_info</name>
         <load_address>0x13d1</load_address>
         <run_address>0x13d1</run_address>
         <size>0xd3</size>
         <input_file_ref idref="fl-3"/>
      </object_component>
      <object_component id="oc-8f">
         <name>.debug_info</name>
         <load_address>0x14a4</load_address>
         <run_address>0x14a4</run_address>
         <size>0xe4</size>
         <input_file_ref idref="fl-3"/>
      </object_component>
      <object_component id="oc-b0">
         <name>.debug_info</name>
         <load_address>0x1588</load_address>
         <run_address>0x1588</run_address>
         <size>0xe0</size>
         <input_file_ref idref="fl-3"/>
      </object_component>
      <object_component id="oc-1c9">
         <name>.debug_info</name>
         <load_address>0x1668</load_address>
         <run_address>0x1668</run_address>
         <size>0xd8</size>
         <input_file_ref idref="fl-3"/>
      </object_component>
      <object_component id="oc-1c6">
         <name>.debug_info</name>
         <load_address>0x1740</load_address>
         <run_address>0x1740</run_address>
         <size>0xd0</size>
         <input_file_ref idref="fl-3"/>
      </object_component>
      <object_component id="oc-196">
         <name>.debug_info</name>
         <load_address>0x1810</load_address>
         <run_address>0x1810</run_address>
         <size>0xd3</size>
         <input_file_ref idref="fl-3"/>
      </object_component>
      <object_component id="oc-199">
         <name>.debug_info</name>
         <load_address>0x18e3</load_address>
         <run_address>0x18e3</run_address>
         <size>0xd1</size>
         <input_file_ref idref="fl-3"/>
      </object_component>
      <object_component id="oc-19c">
         <name>.debug_info</name>
         <load_address>0x19b4</load_address>
         <run_address>0x19b4</run_address>
         <size>0xd1</size>
         <input_file_ref idref="fl-3"/>
      </object_component>
      <object_component id="oc-1c3">
         <name>.debug_info</name>
         <load_address>0x1a85</load_address>
         <run_address>0x1a85</run_address>
         <size>0xcb</size>
         <input_file_ref idref="fl-3"/>
      </object_component>
      <object_component id="oc-1c0">
         <name>.debug_info</name>
         <load_address>0x1b50</load_address>
         <run_address>0x1b50</run_address>
         <size>0xd5</size>
         <input_file_ref idref="fl-3"/>
      </object_component>
      <object_component id="oc-32">
         <name>.debug_info</name>
         <load_address>0x1c25</load_address>
         <run_address>0x1c25</run_address>
         <size>0x2504</size>
         <input_file_ref idref="fl-3"/>
      </object_component>
      <object_component id="oc-258">
         <name>.debug_info</name>
         <load_address>0x4129</load_address>
         <run_address>0x4129</run_address>
         <size>0x6bd</size>
         <input_file_ref idref="fl-3"/>
      </object_component>
      <object_component id="oc-1d6">
         <name>.debug_info</name>
         <load_address>0x47e6</load_address>
         <run_address>0x47e6</run_address>
         <size>0x110</size>
         <input_file_ref idref="fl-3"/>
      </object_component>
      <object_component id="oc-311">
         <name>.debug_info</name>
         <load_address>0x48f6</load_address>
         <run_address>0x48f6</run_address>
         <size>0x86</size>
         <input_file_ref idref="fl-3"/>
      </object_component>
      <object_component id="oc-1e0">
         <name>.debug_info</name>
         <load_address>0x497c</load_address>
         <run_address>0x497c</run_address>
         <size>0x189</size>
         <input_file_ref idref="fl-3"/>
      </object_component>
      <object_component id="oc-1d1">
         <name>.debug_info</name>
         <load_address>0x4b05</load_address>
         <run_address>0x4b05</run_address>
         <size>0x8b</size>
         <input_file_ref idref="fl-3"/>
      </object_component>
      <object_component id="oc-1cc">
         <name>.debug_info</name>
         <load_address>0x4b90</load_address>
         <run_address>0x4b90</run_address>
         <size>0x18b</size>
         <input_file_ref idref="fl-3"/>
      </object_component>
      <object_component id="oc-1db">
         <name>.debug_info</name>
         <load_address>0x4d1b</load_address>
         <run_address>0x4d1b</run_address>
         <size>0x4e</size>
         <input_file_ref idref="fl-3"/>
      </object_component>
      <object_component id="oc-39">
         <name>.debug_info</name>
         <load_address>0x4d69</load_address>
         <run_address>0x4d69</run_address>
         <size>0x364</size>
         <input_file_ref idref="fl-4"/>
      </object_component>
      <object_component id="oc-10">
         <name>.debug_info</name>
         <load_address>0x50cd</load_address>
         <run_address>0x50cd</run_address>
         <size>0xf3</size>
         <input_file_ref idref="fl-4"/>
      </object_component>
      <object_component id="oc-2d">
         <name>.debug_info</name>
         <load_address>0x51c0</load_address>
         <run_address>0x51c0</run_address>
         <size>0x277</size>
         <input_file_ref idref="fl-4"/>
      </object_component>
      <object_component id="oc-40">
         <name>.debug_info</name>
         <load_address>0x5437</load_address>
         <run_address>0x5437</run_address>
         <size>0x84</size>
         <input_file_ref idref="fl-4"/>
      </object_component>
      <object_component id="oc-292">
         <name>.debug_info</name>
         <load_address>0x54bb</load_address>
         <run_address>0x54bb</run_address>
         <size>0x349</size>
         <input_file_ref idref="fl-5"/>
      </object_component>
      <object_component id="oc-28f">
         <name>.debug_info</name>
         <load_address>0x5804</load_address>
         <run_address>0x5804</run_address>
         <size>0xf2</size>
         <input_file_ref idref="fl-5"/>
      </object_component>
      <object_component id="oc-132">
         <name>.debug_info</name>
         <load_address>0x58f6</load_address>
         <run_address>0x58f6</run_address>
         <size>0x301</size>
         <input_file_ref idref="fl-5"/>
      </object_component>
      <object_component id="oc-257">
         <name>.debug_info</name>
         <load_address>0x5bf7</load_address>
         <run_address>0x5bf7</run_address>
         <size>0x4ac</size>
         <input_file_ref idref="fl-6"/>
      </object_component>
      <object_component id="oc-254">
         <name>.debug_info</name>
         <load_address>0x60a3</load_address>
         <run_address>0x60a3</run_address>
         <size>0x105</size>
         <input_file_ref idref="fl-6"/>
      </object_component>
      <object_component id="oc-19f">
         <name>.debug_info</name>
         <load_address>0x61a8</load_address>
         <run_address>0x61a8</run_address>
         <size>0xf5</size>
         <input_file_ref idref="fl-6"/>
      </object_component>
      <object_component id="oc-102">
         <name>.debug_info</name>
         <load_address>0x629d</load_address>
         <run_address>0x629d</run_address>
         <size>0xf4d</size>
         <input_file_ref idref="fl-6"/>
      </object_component>
      <object_component id="oc-26">
         <name>.debug_info</name>
         <load_address>0x71ea</load_address>
         <run_address>0x71ea</run_address>
         <size>0x160</size>
         <input_file_ref idref="fl-c5"/>
      </object_component>
      <object_component id="oc-1ec">
         <name>.debug_info</name>
         <load_address>0x734a</load_address>
         <run_address>0x734a</run_address>
         <size>0x293</size>
         <input_file_ref idref="fl-c6"/>
      </object_component>
      <object_component id="oc-15">
         <name>.debug_info</name>
         <load_address>0x75dd</load_address>
         <run_address>0x75dd</run_address>
         <size>0x245</size>
         <input_file_ref idref="fl-c6"/>
      </object_component>
      <object_component id="oc-3b">
         <name>.debug_info</name>
         <load_address>0x7822</load_address>
         <run_address>0x7822</run_address>
         <size>0x60</size>
         <input_file_ref idref="fl-c6"/>
      </object_component>
      <object_component id="oc-1e7">
         <name>.debug_info</name>
         <load_address>0x7882</load_address>
         <run_address>0x7882</run_address>
         <size>0x46</size>
         <input_file_ref idref="fl-c6"/>
      </object_component>
      <object_component id="oc-50">
         <name>.debug_info</name>
         <load_address>0x78c8</load_address>
         <run_address>0x78c8</run_address>
         <size>0x2da</size>
         <input_file_ref idref="fl-c7"/>
      </object_component>
      <object_component id="oc-19">
         <name>.debug_info</name>
         <load_address>0x7ba2</load_address>
         <run_address>0x7ba2</run_address>
         <size>0x1df</size>
         <input_file_ref idref="fl-c7"/>
      </object_component>
      <object_component id="oc-4b">
         <name>.debug_info</name>
         <load_address>0x7d81</load_address>
         <run_address>0x7d81</run_address>
         <size>0x46</size>
         <input_file_ref idref="fl-c7"/>
      </object_component>
      <object_component id="oc-1ee">
         <name>.debug_info</name>
         <load_address>0x7dc7</load_address>
         <run_address>0x7dc7</run_address>
         <size>0x2c</size>
         <input_file_ref idref="fl-c7"/>
      </object_component>
      <object_component id="oc-5c">
         <name>.debug_info</name>
         <load_address>0x7df3</load_address>
         <run_address>0x7df3</run_address>
         <size>0x2c9</size>
         <input_file_ref idref="fl-c8"/>
      </object_component>
      <object_component id="oc-1f">
         <name>.debug_info</name>
         <load_address>0x80bc</load_address>
         <run_address>0x80bc</run_address>
         <size>0x1aa</size>
         <input_file_ref idref="fl-c8"/>
      </object_component>
      <object_component id="oc-57">
         <name>.debug_info</name>
         <load_address>0x8266</load_address>
         <run_address>0x8266</run_address>
         <size>0x46</size>
         <input_file_ref idref="fl-c8"/>
      </object_component>
      <object_component id="oc-1f6">
         <name>.debug_info</name>
         <load_address>0x82ac</load_address>
         <run_address>0x82ac</run_address>
         <size>0x2c</size>
         <input_file_ref idref="fl-c8"/>
      </object_component>
      <object_component id="oc-216">
         <name>.debug_info</name>
         <load_address>0x82d8</load_address>
         <run_address>0x82d8</run_address>
         <size>0x3ce</size>
         <input_file_ref idref="fl-c9"/>
      </object_component>
      <object_component id="oc-210">
         <name>.debug_info</name>
         <load_address>0x86a6</load_address>
         <run_address>0x86a6</run_address>
         <size>0x185</size>
         <input_file_ref idref="fl-c9"/>
      </object_component>
      <object_component id="oc-77">
         <name>.debug_info</name>
         <load_address>0x882b</load_address>
         <run_address>0x882b</run_address>
         <size>0x214</size>
         <input_file_ref idref="fl-c9"/>
      </object_component>
      <object_component id="oc-48">
         <name>.debug_info</name>
         <load_address>0x8a3f</load_address>
         <run_address>0x8a3f</run_address>
         <size>0x111</size>
         <input_file_ref idref="fl-ca"/>
      </object_component>
      <object_component id="oc-53">
         <name>.debug_info</name>
         <load_address>0x8b50</load_address>
         <run_address>0x8b50</run_address>
         <size>0x13f</size>
         <input_file_ref idref="fl-cb"/>
      </object_component>
      <object_component id="oc-5e">
         <name>.debug_info</name>
         <load_address>0x8c8f</load_address>
         <run_address>0x8c8f</run_address>
         <size>0x138</size>
         <input_file_ref idref="fl-cc"/>
      </object_component>
      <object_component id="oc-66">
         <name>.debug_info</name>
         <load_address>0x8dc7</load_address>
         <run_address>0x8dc7</run_address>
         <size>0x148</size>
         <input_file_ref idref="fl-cd"/>
      </object_component>
      <object_component id="oc-2c4">
         <name>.debug_info</name>
         <load_address>0x8f0f</load_address>
         <run_address>0x8f0f</run_address>
         <size>0x355</size>
         <input_file_ref idref="fl-ce"/>
      </object_component>
      <object_component id="oc-1ab">
         <name>.debug_info</name>
         <load_address>0x9264</load_address>
         <run_address>0x9264</run_address>
         <size>0x2e4</size>
         <input_file_ref idref="fl-ce"/>
      </object_component>
      <object_component id="oc-3b2">
         <name>.debug_info</name>
         <load_address>0x9548</load_address>
         <run_address>0x9548</run_address>
         <size>0x2c</size>
         <input_file_ref idref="fl-ce"/>
      </object_component>
      <object_component id="oc-7c">
         <name>.debug_info</name>
         <load_address>0x9574</load_address>
         <run_address>0x9574</run_address>
         <size>0x109</size>
         <input_file_ref idref="fl-cf"/>
      </object_component>
      <object_component id="oc-87">
         <name>.debug_info</name>
         <load_address>0x967d</load_address>
         <run_address>0x967d</run_address>
         <size>0x13a</size>
         <input_file_ref idref="fl-d0"/>
      </object_component>
      <object_component id="oc-304">
         <name>.debug_info</name>
         <load_address>0x97b7</load_address>
         <run_address>0x97b7</run_address>
         <size>0x2be</size>
         <input_file_ref idref="fl-d1"/>
      </object_component>
      <object_component id="oc-213">
         <name>.debug_info</name>
         <load_address>0x9a75</load_address>
         <run_address>0x9a75</run_address>
         <size>0x113</size>
         <input_file_ref idref="fl-d1"/>
      </object_component>
      <object_component id="oc-2fd">
         <name>.debug_info</name>
         <load_address>0x9b88</load_address>
         <run_address>0x9b88</run_address>
         <size>0x21f</size>
         <input_file_ref idref="fl-d1"/>
      </object_component>
      <object_component id="oc-3a7">
         <name>.debug_info</name>
         <load_address>0x9da7</load_address>
         <run_address>0x9da7</run_address>
         <size>0x51f</size>
         <input_file_ref idref="fl-d2"/>
      </object_component>
      <object_component id="oc-2be">
         <name>.debug_info</name>
         <load_address>0xa2c6</load_address>
         <run_address>0xa2c6</run_address>
         <size>0x1543</size>
         <input_file_ref idref="fl-d2"/>
      </object_component>
      <object_component id="oc-3a8">
         <name>.debug_info</name>
         <load_address>0xb809</load_address>
         <run_address>0xb809</run_address>
         <size>0x86</size>
         <input_file_ref idref="fl-d2"/>
      </object_component>
      <object_component id="oc-404">
         <name>.debug_info</name>
         <load_address>0xb88f</load_address>
         <run_address>0xb88f</run_address>
         <size>0x46</size>
         <input_file_ref idref="fl-d2"/>
      </object_component>
      <object_component id="oc-3ad">
         <name>.debug_info</name>
         <load_address>0xb8d5</load_address>
         <run_address>0xb8d5</run_address>
         <size>0x39</size>
         <input_file_ref idref="fl-d2"/>
      </object_component>
      <object_component id="oc-20e">
         <name>.debug_info</name>
         <load_address>0xb90e</load_address>
         <run_address>0xb90e</run_address>
         <size>0x300</size>
         <input_file_ref idref="fl-d3"/>
      </object_component>
      <object_component id="oc-70">
         <name>.debug_info</name>
         <load_address>0xbc0e</load_address>
         <run_address>0xbc0e</run_address>
         <size>0x167</size>
         <input_file_ref idref="fl-d3"/>
      </object_component>
      <object_component id="oc-2f5">
         <name>.debug_info</name>
         <load_address>0xbd75</load_address>
         <run_address>0xbd75</run_address>
         <size>0x5e</size>
         <input_file_ref idref="fl-d3"/>
      </object_component>
      <object_component id="oc-3ff">
         <name>.debug_info</name>
         <load_address>0xbdd3</load_address>
         <run_address>0xbdd3</run_address>
         <size>0x2ae</size>
         <input_file_ref idref="fl-d4"/>
      </object_component>
      <object_component id="oc-39b">
         <name>.debug_info</name>
         <load_address>0xc081</load_address>
         <run_address>0xc081</run_address>
         <size>0x171</size>
         <input_file_ref idref="fl-d4"/>
      </object_component>
      <object_component id="oc-20c">
         <name>.debug_info</name>
         <load_address>0xc1f2</load_address>
         <run_address>0xc1f2</run_address>
         <size>0x483</size>
         <input_file_ref idref="fl-d5"/>
      </object_component>
      <object_component id="oc-6d">
         <name>.debug_info</name>
         <load_address>0xc675</load_address>
         <run_address>0xc675</run_address>
         <size>0x190</size>
         <input_file_ref idref="fl-d5"/>
      </object_component>
      <object_component id="oc-2e9">
         <name>.debug_info</name>
         <load_address>0xc805</load_address>
         <run_address>0xc805</run_address>
         <size>0x39</size>
         <input_file_ref idref="fl-d5"/>
      </object_component>
      <object_component id="oc-3cf">
         <name>.debug_info</name>
         <load_address>0xc83e</load_address>
         <run_address>0xc83e</run_address>
         <size>0x39</size>
         <input_file_ref idref="fl-d5"/>
      </object_component>
      <object_component id="oc-2ee">
         <name>.debug_info</name>
         <load_address>0xc877</load_address>
         <run_address>0xc877</run_address>
         <size>0xcd</size>
         <input_file_ref idref="fl-d5"/>
      </object_component>
      <object_component id="oc-2e5">
         <name>.debug_info</name>
         <load_address>0xc944</load_address>
         <run_address>0xc944</run_address>
         <size>0x37a</size>
         <input_file_ref idref="fl-d6"/>
      </object_component>
      <object_component id="oc-200">
         <name>.debug_info</name>
         <load_address>0xccbe</load_address>
         <run_address>0xccbe</run_address>
         <size>0x183</size>
         <input_file_ref idref="fl-d6"/>
      </object_component>
      <object_component id="oc-3ca">
         <name>.debug_info</name>
         <load_address>0xce41</load_address>
         <run_address>0xce41</run_address>
         <size>0x2c</size>
         <input_file_ref idref="fl-d6"/>
      </object_component>
      <object_component id="oc-41c">
         <name>.debug_info</name>
         <load_address>0xce6d</load_address>
         <run_address>0xce6d</run_address>
         <size>0xee</size>
         <input_file_ref idref="fl-d7"/>
      </object_component>
      <object_component id="oc-3fc">
         <name>.debug_info</name>
         <load_address>0xcf5b</load_address>
         <run_address>0xcf5b</run_address>
         <size>0xfa</size>
         <input_file_ref idref="fl-d7"/>
      </object_component>
      <object_component id="oc-384">
         <name>.debug_info</name>
         <load_address>0xd055</load_address>
         <run_address>0xd055</run_address>
         <size>0x144</size>
         <input_file_ref idref="fl-d8"/>
      </object_component>
      <object_component id="oc-361">
         <name>.debug_info</name>
         <load_address>0xd199</load_address>
         <run_address>0xd199</run_address>
         <size>0x120</size>
         <input_file_ref idref="fl-d9"/>
      </object_component>
      <object_component id="oc-371">
         <name>.debug_info</name>
         <load_address>0xd2b9</load_address>
         <run_address>0xd2b9</run_address>
         <size>0x122</size>
         <input_file_ref idref="fl-d9"/>
      </object_component>
      <object_component id="oc-36a">
         <name>.debug_info</name>
         <load_address>0xd3db</load_address>
         <run_address>0xd3db</run_address>
         <size>0x132</size>
         <input_file_ref idref="fl-da"/>
      </object_component>
      <object_component id="oc-366">
         <name>.debug_info</name>
         <load_address>0xd50d</load_address>
         <run_address>0xd50d</run_address>
         <size>0x132</size>
         <input_file_ref idref="fl-db"/>
      </object_component>
      <object_component id="oc-375">
         <name>.debug_info</name>
         <load_address>0xd63f</load_address>
         <run_address>0xd63f</run_address>
         <size>0x126</size>
         <input_file_ref idref="fl-dc"/>
      </object_component>
      <object_component id="oc-21f">
         <name>.debug_info</name>
         <load_address>0xd765</load_address>
         <run_address>0xd765</run_address>
         <size>0x147</size>
         <input_file_ref idref="fl-dd"/>
      </object_component>
      <object_component id="oc-37f">
         <name>.debug_info</name>
         <load_address>0xd8ac</load_address>
         <run_address>0xd8ac</run_address>
         <size>0x124</size>
         <input_file_ref idref="fl-de"/>
      </object_component>
      <object_component id="oc-3e4">
         <name>.debug_info</name>
         <load_address>0xd9d0</load_address>
         <run_address>0xd9d0</run_address>
         <size>0x2e6</size>
         <input_file_ref idref="fl-df"/>
      </object_component>
      <object_component id="oc-37a">
         <name>.debug_info</name>
         <load_address>0xdcb6</load_address>
         <run_address>0xdcb6</run_address>
         <size>0x1c2</size>
         <input_file_ref idref="fl-df"/>
      </object_component>
      <object_component id="oc-401">
         <name>.debug_info</name>
         <load_address>0xde78</load_address>
         <run_address>0xde78</run_address>
         <size>0x28b</size>
         <input_file_ref idref="fl-e0"/>
      </object_component>
      <object_component id="oc-3a3">
         <name>.debug_info</name>
         <load_address>0xe103</load_address>
         <run_address>0xe103</run_address>
         <size>0x1ab</size>
         <input_file_ref idref="fl-e0"/>
      </object_component>
      <object_component id="oc-3e8">
         <name>.debug_info</name>
         <load_address>0xe2ae</load_address>
         <run_address>0xe2ae</run_address>
         <size>0x2d9</size>
         <input_file_ref idref="fl-e1"/>
      </object_component>
      <object_component id="oc-389">
         <name>.debug_info</name>
         <load_address>0xe587</load_address>
         <run_address>0xe587</run_address>
         <size>0x18a</size>
         <input_file_ref idref="fl-e1"/>
      </object_component>
      <object_component id="oc-3e9">
         <name>.debug_info</name>
         <load_address>0xe711</load_address>
         <run_address>0xe711</run_address>
         <size>0x2c</size>
         <input_file_ref idref="fl-e1"/>
      </object_component>
      <object_component id="oc-3f8">
         <name>.debug_info</name>
         <load_address>0xe73d</load_address>
         <run_address>0xe73d</run_address>
         <size>0x316</size>
         <input_file_ref idref="fl-e2"/>
      </object_component>
      <object_component id="oc-390">
         <name>.debug_info</name>
         <load_address>0xea53</load_address>
         <run_address>0xea53</run_address>
         <size>0x1d5</size>
         <input_file_ref idref="fl-e2"/>
      </object_component>
      <object_component id="oc-209">
         <name>.debug_info</name>
         <load_address>0xec28</load_address>
         <run_address>0xec28</run_address>
         <size>0x145</size>
         <input_file_ref idref="fl-e3"/>
      </object_component>
      <object_component id="oc-3fa">
         <name>.debug_info</name>
         <load_address>0xed6d</load_address>
         <run_address>0xed6d</run_address>
         <size>0x28f</size>
         <input_file_ref idref="fl-e4"/>
      </object_component>
      <object_component id="oc-395">
         <name>.debug_info</name>
         <load_address>0xeffc</load_address>
         <run_address>0xeffc</run_address>
         <size>0x244</size>
         <input_file_ref idref="fl-e4"/>
      </object_component>
      <object_component id="oc-3dd">
         <name>.debug_info</name>
         <load_address>0xf240</load_address>
         <run_address>0xf240</run_address>
         <size>0x284</size>
         <input_file_ref idref="fl-e5"/>
      </object_component>
      <object_component id="oc-35d">
         <name>.debug_info</name>
         <load_address>0xf4c4</load_address>
         <run_address>0xf4c4</run_address>
         <size>0x22a</size>
         <input_file_ref idref="fl-e5"/>
      </object_component>
      <object_component id="oc-357">
         <name>.debug_info</name>
         <load_address>0xf6ee</load_address>
         <run_address>0xf6ee</run_address>
         <size>0x17d</size>
         <input_file_ref idref="fl-e6"/>
      </object_component>
      <object_component id="oc-3f5">
         <name>.debug_info</name>
         <load_address>0xf86b</load_address>
         <run_address>0xf86b</run_address>
         <size>0xf3</size>
         <input_file_ref idref="fl-e7"/>
      </object_component>
      <object_component id="oc-3f2">
         <name>.debug_info</name>
         <load_address>0xf95e</load_address>
         <run_address>0xf95e</run_address>
         <size>0x156</size>
         <input_file_ref idref="fl-e8"/>
      </object_component>
      <object_component id="oc-26a">
         <name>.debug_info</name>
         <load_address>0xfab4</load_address>
         <run_address>0xfab4</run_address>
         <size>0x57d</size>
         <input_file_ref idref="fl-e9"/>
      </object_component>
      <object_component id="oc-267">
         <name>.debug_info</name>
         <load_address>0x10031</load_address>
         <run_address>0x10031</run_address>
         <size>0x107</size>
         <input_file_ref idref="fl-e9"/>
      </object_component>
      <object_component id="oc-264">
         <name>.debug_info</name>
         <load_address>0x10138</load_address>
         <run_address>0x10138</run_address>
         <size>0x11e</size>
         <input_file_ref idref="fl-e9"/>
      </object_component>
      <object_component id="oc-106">
         <name>.debug_info</name>
         <load_address>0x10256</load_address>
         <run_address>0x10256</run_address>
         <size>0x1e6</size>
         <input_file_ref idref="fl-e9"/>
      </object_component>
      <object_component id="oc-272">
         <name>.debug_info</name>
         <load_address>0x1043c</load_address>
         <run_address>0x1043c</run_address>
         <size>0x53b</size>
         <input_file_ref idref="fl-ed"/>
      </object_component>
      <object_component id="oc-2c7">
         <name>.debug_info</name>
         <load_address>0x10977</load_address>
         <run_address>0x10977</run_address>
         <size>0x267</size>
         <input_file_ref idref="fl-ed"/>
      </object_component>
      <object_component id="oc-3bc">
         <name>.debug_info</name>
         <load_address>0x10bde</load_address>
         <run_address>0x10bde</run_address>
         <size>0x27e</size>
         <input_file_ref idref="fl-ed"/>
      </object_component>
      <object_component id="oc-3c2">
         <name>.debug_info</name>
         <load_address>0x10e5c</load_address>
         <run_address>0x10e5c</run_address>
         <size>0x2b4</size>
         <input_file_ref idref="fl-ed"/>
      </object_component>
[...]
         <value>0x4e2b</value>
         <object_component_ref idref="oc-18"/>
      </symbol>
      <symbol id="sm-31f">
         <name>__TI_zero_init</name>
         <value>0x4e51</value>
         <object_component_ref idref="oc-1e"/>
      </symbol>
      <symbol id="sm-340">
         <name>C$$EXIT</name>
         <value>0x4699</value>
         <object_component_ref idref="oc-75"/>
      </symbol>
      <symbol id="sm-341">
         <name>abort</name>
         <value>0x469d</value>
         <object_component_ref idref="oc-75"/>
      </symbol>
      <symbol id="sm-342">
         <name>exit</name>
         <value>0x46a5</value>
         <object_component_ref idref="oc-75"/>
      </symbol>
      <symbol id="sm-343">
         <name>__TI_dtors_ptr</name>
         <value>0x20000eac</value>
         <object_component_ref idref="oc-20f"/>
      </symbol>
      <symbol id="sm-344">
         <name>__TI_cleanup_ptr</name>
         <value>0x20000ea8</value>
         <object_component_ref idref="oc-20f"/>
      </symbol>
      <symbol id="sm-345">
         <name>__TI_enable_exit_profile_output</name>
         <value>0x20000eb0</value>
         <object_component_ref idref="oc-20f"/>
      </symbol>
      <symbol id="sm-360">
         <name>memcpy</name>
         <value>0x4011</value>
         <object_component_ref idref="oc-45"/>
      </symbol>
      <symbol id="sm-361">
         <name>__aeabi_memcpy</name>
         <value>0x4011</value>
         <object_component_ref idref="oc-45"/>
      </symbol>
      <symbol id="sm-362">
         <name>__aeabi_memcpy8</name>
         <value>0x4011</value>
         <object_component_ref idref="oc-45"/>
      </symbol>
      <symbol id="sm-363">
         <name>__aeabi_memcpy4</name>
         <value>0x4011</value>
         <object_component_ref idref="oc-45"/>
      </symbol>
      <symbol id="sm-372">
         <name>__aeabi_memset</name>
         <value>0x423b</value>
         <object_component_ref idref="oc-51"/>
      </symbol>
      <symbol id="sm-373">
         <name>memset</name>
         <value>0x4241</value>
         <object_component_ref idref="oc-51"/>
      </symbol>
      <symbol id="sm-374">
         <name>__aeabi_memset8</name>
         <value>0x423b</value>
         <object_component_ref idref="oc-51"/>
      </symbol>
      <symbol id="sm-375">
         <name>__aeabi_memset4</name>
         <value>0x423b</value>
         <object_component_ref idref="oc-51"/>
      </symbol>
      <symbol id="sm-376">
         <name>__aeabi_memclr8</name>
         <value>0x4239</value>
         <object_component_ref idref="oc-51"/>
      </symbol>
      <symbol id="sm-377">
         <name>__aeabi_memclr4</name>
         <value>0x4239</value>
         <object_component_ref idref="oc-51"/>
      </symbol>
      <symbol id="sm-378">
         <name>__aeabi_memclr</name>
         <value>0x4239</value>
         <object_component_ref idref="oc-51"/>
      </symbol>
      <symbol id="sm-382">
         <name>__mpu_init</name>
         <value>0x398b</value>
         <object_component_ref idref="oc-5d"/>
      </symbol>
      <symbol id="sm-38c">
         <name>_system_pre_init</name>
         <value>0x4ed9</value>
         <object_component_ref idref="oc-63"/>
      </symbol>
      <symbol id="sm-3a5">
         <name>sprintf</name>
         <value>0x4589</value>
         <object_component_ref idref="oc-1a7"/>
      </symbol>
      <symbol id="sm-3ad">
         <name>main_func_sp</name>
         <value>0x20000ec0</value>
         <object_component_ref idref="oc-7b"/>
      </symbol>
      <symbol id="sm-3bc">
         <name>__aeabi_uidivmod</name>
         <value>0x49d5</value>
         <object_component_ref idref="oc-86"/>
      </symbol>
      <symbol id="sm-3bd">
         <name>__aeabi_uidiv</name>
         <value>0x49d5</value>
         <object_component_ref idref="oc-86"/>
      </symbol>
      <symbol id="sm-3d6">
         <name>_nop</name>
         <value>0x4d9b</value>
         <object_component_ref idref="oc-2fc"/>
      </symbol>
      <symbol id="sm-3d7">
         <name>_lock</name>
         <value>0x20000eb4</value>
         <object_component_ref idref="oc-212"/>
      </symbol>
      <symbol id="sm-3d8">
         <name>_unlock</name>
         <value>0x20000eb8</value>
         <object_component_ref idref="oc-212"/>
      </symbol>
      <symbol id="sm-3d9">
         <name>_register_lock</name>
         <value>0x4d93</value>
         <object_component_ref idref="oc-2fc"/>
      </symbol>
      <symbol id="sm-3da">
         <name>_register_unlock</name>
         <value>0x4d8d</value>
         <object_component_ref idref="oc-2fc"/>
      </symbol>
      <symbol id="sm-4db">
         <name>__TI_printfi</name>
         <value>0x21ad</value>
         <object_component_ref idref="oc-2bd"/>
      </symbol>
      <symbol id="sm-4ef">
         <name>_args_main</name>
         <value>0x4cc5</value>
         <object_component_ref idref="oc-6f"/>
      </symbol>
      <symbol id="sm-505">
         <name>atoi</name>
         <value>0x478d</value>
         <object_component_ref idref="oc-39a"/>
      </symbol>
      <symbol id="sm-52f">
         <name>__TI_auto_init</name>
         <value>0x42b5</value>
         <object_component_ref idref="oc-69"/>
      </symbol>
      <symbol id="sm-549">
         <name>copy_in</name>
         <value>0x47d9</value>
         <object_component_ref idref="oc-1ff"/>
      </symbol>
      <symbol id="sm-554">
         <name>_ctypes_</name>
         <value>0x543b</value>
         <object_component_ref idref="oc-3fb"/>
      </symbol>
      <symbol id="sm-56b">
         <name>__aeabi_dsub</name>
         <value>0x356d</value>
         <object_component_ref idref="oc-383"/>
      </symbol>
      <symbol id="sm-56c">
         <name>__aeabi_dadd</name>
         <value>0x3577</value>
         <object_component_ref idref="oc-383"/>
      </symbol>
      <symbol id="sm-58e">
         <name>__aeabi_cdcmpeq</name>
         <value>0x40ad</value>
         <object_component_ref idref="oc-35f"/>
      </symbol>
      <symbol id="sm-58f">
         <name>__aeabi_cdcmple</name>
         <value>0x40ad</value>
         <object_component_ref idref="oc-35f"/>
      </symbol>
      <symbol id="sm-590">
         <name>__aeabi_cdrcmple</name>
         <value>0x4133</value>
         <object_component_ref idref="oc-36e"/>
      </symbol>
      <symbol id="sm-5a4">
         <name>__aeabi_ddiv</name>
         <value>0x3723</value>
         <object_component_ref idref="oc-369"/>
      </symbol>
      <symbol id="sm-5af">
         <name>__aeabi_dmul</name>
         <value>0x3a9d</value>
         <object_component_ref idref="oc-364"/>
      </symbol>
      <symbol id="sm-5b9">
         <name>__aeabi_d2iz</name>
         <value>0x48b9</value>
         <object_component_ref idref="oc-373"/>
      </symbol>
      <symbol id="sm-5c3">
         <name>__aeabi_idiv0</name>
         <value>0x2aa7</value>
         <object_component_ref idref="oc-21e"/>
      </symbol>
      <symbol id="sm-5cd">
         <name>__aeabi_i2d</name>
         <value>0x4b1f</value>
         <object_component_ref idref="oc-37e"/>
      </symbol>
      <symbol id="sm-5dc">
         <name>ltoa</name>
         <value>0x46ed</value>
         <object_component_ref idref="oc-378"/>
      </symbol>
      <symbol id="sm-5ec">
         <name>memccpy</name>
         <value>0x4ca7</value>
         <object_component_ref idref="oc-3a0"/>
      </symbol>
      <symbol id="sm-607">
         <name>frexpl</name>
         <value>0x44c5</value>
         <object_component_ref idref="oc-388"/>
      </symbol>
      <symbol id="sm-608">
         <name>frexp</name>
         <value>0x44c5</value>
         <object_component_ref idref="oc-388"/>
      </symbol>
      <symbol id="sm-625">
         <name>scalbn</name>
         <value>0x3b99</value>
         <object_component_ref idref="oc-38e"/>
      </symbol>
      <symbol id="sm-626">
         <name>scalbnl</name>
         <value>0x3b99</value>
         <object_component_ref idref="oc-38e"/>
      </symbol>
      <symbol id="sm-627">
         <name>ldexpl</name>
         <value>0x3b99</value>
         <object_component_ref idref="oc-38e"/>
      </symbol>
      <symbol id="sm-628">
         <name>ldexp</name>
         <value>0x3b99</value>
         <object_component_ref idref="oc-38e"/>
      </symbol>
      <symbol id="sm-632">
         <name>_system_post_cinit</name>
         <value>0x42b3</value>
         <object_component_ref idref="oc-205"/>
      </symbol>
      <symbol id="sm-642">
         <name>strchr</name>
         <value>0x4d39</value>
         <object_component_ref idref="oc-394"/>
      </symbol>
      <symbol id="sm-650">
         <name>strlen</name>
         <value>0x4db5</value>
         <object_component_ref idref="oc-359"/>
      </symbol>
      <symbol id="sm-66c">
         <name>__aeabi_uldivmod</name>
         <value>0x3379</value>
         <object_component_ref idref="oc-354"/>
      </symbol>
      <symbol id="sm-674">
         <name>errno</name>
         <value>0x20000ebc</value>
         <object_component_ref idref="oc-3f4"/>
      </symbol>
      <symbol id="sm-67e">
         <name>copysign</name>
         <value>0x4da1</value>
         <object_component_ref idref="oc-3ee"/>
      </symbol>
      <symbol id="sm-67f">
         <name>copysignl</name>
         <value>0x4da1</value>
         <object_component_ref idref="oc-3ee"/>
      </symbol>
      <symbol id="sm-69e">
         <name>GrContextInit</name>
         <value>0x4325</value>
         <object_component_ref idref="oc-105"/>
      </symbol>
      <symbol id="sm-69f">
         <name>g_psDefaultCodePointMapTable</name>
         <value>0x5998</value>
         <object_component_ref idref="oc-263"/>
      </symbol>
      <symbol id="sm-744">
         <name>GrFontInfoGet</name>
         <value>0x4bf9</value>
         <object_component_ref idref="oc-2d1"/>
      </symbol>
      <symbol id="sm-745">
         <name>GrDefaultStringRenderer</name>
         <value>0x3f51</value>
         <object_component_ref idref="oc-25d"/>
      </symbol>
      <symbol id="sm-746">
         <name>GrFontGlyphRender</name>
         <value>0x3125</value>
         <object_component_ref idref="oc-324"/>
      </symbol>
      <symbol id="sm-747">
         <name>GrContextFontSet</name>
         <value>0x4ebf</value>
         <object_component_ref idref="oc-10b"/>
      </symbol>
      <symbol id="sm-748">
         <name>GrFontGlyphDataGet</name>
         <value>0x4c45</value>
         <object_component_ref idref="oc-2cb"/>
      </symbol>
      <symbol id="sm-749">
         <name>GrStringDraw</name>
         <value>0x4d23</value>
         <object_component_ref idref="oc-1b9"/>
      </symbol>
      <symbol id="sm-74a">
         <name>GrFontCodepageGet</name>
         <value>0x4c89</value>
         <object_component_ref idref="oc-337"/>
      </symbol>
      <symbol id="sm-74b">
         <name>GrStringNextCharGet</name>
         <value>0x4af1</value>
         <object_component_ref idref="oc-2c5"/>
      </symbol>
      <symbol id="sm-74c">
         <name>GrStringWidthGet</name>
         <value>0x438d</value>
         <object_component_ref idref="oc-1ad"/>
      </symbol>
      <symbol id="sm-74d">
         <name>GrFontBaselineGet</name>
         <value>0x4b79</value>
         <object_component_ref idref="oc-1b3"/>
      </symbol>
      <symbol id="sm-760">
         <name>g_sFontCm12</name>
         <value>0x573c</value>
         <object_component_ref idref="oc-1a1"/>
      </symbol>
      <symbol id="sm-76d">
         <name>GrMapISO8859_1_Unicode</name>
         <value>0x4ea1</value>
         <object_component_ref idref="oc-32b"/>
      </symbol>
      <symbol id="sm-7a8">
         <name>GPIOPinConfigure</name>
         <value>0x4741</value>
         <object_component_ref idref="oc-129"/>
      </symbol>
      <symbol id="sm-7a9">
         <name>GPIOPinTypeUART</name>
         <value>0x4d0d</value>
         <object_component_ref idref="oc-123"/>
      </symbol>
      <symbol id="sm-7aa">
         <name>GPIOPinRead</name>
         <value>0x4eb9</value>
         <object_component_ref idref="oc-288"/>
      </symbol>
      <symbol id="sm-7ab">
         <name>GPIODirModeSet</name>
         <value>0x4b4d</value>
         <object_component_ref idref="oc-276"/>
      </symbol>
      <symbol id="sm-7ac">
         <name>GPIOPadConfigSet</name>
         <value>0x3859</value>
         <object_component_ref idref="oc-27c"/>
      </symbol>
      <symbol id="sm-7dd">
         <name>IntEnable</name>
         <value>0x43f5</value>
         <object_component_ref idref="oc-153"/>
      </symbol>
      <symbol id="sm-7de">
         <name>IntMasterDisable</name>
         <value>0x4ddb</value>
         <object_component_ref idref="oc-97"/>
      </symbol>
      <symbol id="sm-7df">
         <name>IntMasterEnable</name>
         <value>0x4deb</value>
         <object_component_ref idref="oc-9d"/>
      </symbol>
      <symbol id="sm-852">
         <name>SysCtlClockSet</name>
         <value>0x3c95</value>
         <object_component_ref idref="oc-db"/>
      </symbol>
      <symbol id="sm-853">
         <name>SysCtlPeripheralClockGating</name>
         <value>0x4871</value>
         <object_component_ref idref="oc-e1"/>
      </symbol>
      <symbol id="sm-854">
         <name>SysCtlDelay</name>
         <value>0x4ec5</value>
         <object_component_ref idref="oc-247"/>
      </symbol>
      <symbol id="sm-855">
         <name>SysCtlPeripheralEnable</name>
         <value>0x4a89</value>
         <object_component_ref idref="oc-111"/>
      </symbol>
      <symbol id="sm-856">
         <name>SysCtlClockGet</name>
         <value>0x398d</value>
         <object_component_ref idref="oc-e7"/>
      </symbol>
      <symbol id="sm-857">
         <name>SysCtlPeripheralSleepEnable</name>
         <value>0x4abd</value>
         <object_component_ref idref="oc-11d"/>
      </symbol>
      <symbol id="sm-858">
         <name>SysCtlPeripheralReady</name>
         <value>0x4a51</value>
         <object_component_ref idref="oc-117"/>
      </symbol>
      <symbol id="sm-87b">
         <name>SysTickEnable</name>
         <value>0x4d51</value>
         <object_component_ref idref="oc-f9"/>
      </symbol>
      <symbol id="sm-87c">
         <name>SysTickIntEnable</name>
         <value>0x4d65</value>
         <object_component_ref idref="oc-f3"/>
      </symbol>
      <symbol id="sm-87d">
         <name>SysTickPeriodSet</name>
         <value>0x4dfd</value>
         <object_component_ref idref="oc-ed"/>
      </symbol>
      <symbol id="sm-8b1">
         <name>TimerLoadSet</name>
         <value>0x4dc9</value>
         <object_component_ref idref="oc-183"/>
      </symbol>
      <symbol id="sm-8b2">
         <name>TimerEnable</name>
         <value>0x4e1d</value>
         <object_component_ref idref="oc-18f"/>
      </symbol>
      <symbol id="sm-8b3">
         <name>TimerIntEnable</name>
         <value>0x4ea9</value>
         <object_component_ref idref="oc-189"/>
      </symbol>
      <symbol id="sm-8b4">
         <name>TimerConfigure</name>
         <value>0x4529</value>
         <object_component_ref idref="oc-17d"/>
      </symbol>
      <symbol id="sm-8b5">
         <name>TimerIntClear</name>
         <value>0x4ed1</value>
         <object_component_ref idref="oc-91"/>
      </symbol>
      <symbol id="sm-8fe">
         <name>UARTDMAEnable</name>
         <value>0x4eb1</value>
         <object_component_ref idref="oc-14d"/>
      </symbol>
      <symbol id="sm-8ff">
         <name>UARTConfigSetExpClk</name>
         <value>0x4949</value>
         <object_component_ref idref="oc-135"/>
      </symbol>
      <symbol id="sm-900">
         <name>UARTDisable</name>
         <value>0x4c69</value>
         <object_component_ref idref="oc-293"/>
      </symbol>
      <symbol id="sm-901">
         <name>UARTEnable</name>
         <value>0x4d79</value>
         <object_component_ref idref="oc-147"/>
      </symbol>
      <symbol id="sm-902">
         <name>UARTFIFOEnable</name>
         <value>0x4e8d</value>
         <object_component_ref idref="oc-141"/>
      </symbol>
      <symbol id="sm-903">
         <name>UARTIntClear</name>
         <value>0x4ed5</value>
         <object_component_ref idref="oc-b8"/>
      </symbol>
      <symbol id="sm-904">
         <name>UARTIntStatus</name>
         <value>0x4e97</value>
         <object_component_ref idref="oc-b2"/>
      </symbol>
      <symbol id="sm-905">
         <name>UARTFIFOLevelSet</name>
         <value>0x4ecb</value>
         <object_component_ref idref="oc-13b"/>
      </symbol>
      <symbol id="sm-991">
         <name>uDMAChannelControlSet</name>
         <value>0x4c21</value>
         <object_component_ref idref="oc-177"/>
      </symbol>
      <symbol id="sm-992">
         <name>uDMAErrorStatusGet</name>
         <value>0x4e81</value>
         <object_component_ref idref="oc-a3"/>
      </symbol>
      <symbol id="sm-993">
         <name>uDMAChannelDisable</name>
         <value>0x4cdd</value>
         <object_component_ref idref="oc-cf"/>
      </symbol>
      <symbol id="sm-994">
         <name>uDMAChannelModeGet</name>
         <value>0x4bd1</value>
         <object_component_ref idref="oc-be"/>
      </symbol>
      <symbol id="sm-995">
         <name>uDMAChannelAttributeEnable</name>
         <value>0x4991</value>
         <object_component_ref idref="oc-171"/>
      </symbol>
      <symbol id="sm-996">
         <name>uDMAErrorStatusClear</name>
         <value>0x4e75</value>
         <object_component_ref idref="oc-a9"/>
      </symbol>
      <symbol id="sm-997">
         <name>uDMAChannelTransferSet</name>
         <value>0x41b9</value>
         <object_component_ref idref="oc-c9"/>
      </symbol>
      <symbol id="sm-998">
         <name>uDMAChannelAssign</name>
         <value>0x4ba5</value>
         <object_component_ref idref="oc-165"/>
      </symbol>
      <symbol id="sm-999">
         <name>uDMAEnable</name>
         <value>0x4e0d</value>
         <object_component_ref idref="oc-159"/>
      </symbol>
      <symbol id="sm-99a">
         <name>uDMAControlBaseSet</name>
         <value>0x4e69</value>
         <object_component_ref idref="oc-15f"/>
      </symbol>
      <symbol id="sm-99b">
         <name>uDMAChannelAttributeDisable</name>
         <value>0x4901</value>
         <object_component_ref idref="oc-16b"/>
      </symbol>
      <symbol id="sm-99c">
         <name>uDMAChannelEnable</name>
         <value>0x4cf5</value>
         <object_component_ref idref="oc-d5"/>
      </symbol>
      <symbol id="sm-9ae">
         <name>CPUcpsie</name>
         <value>0x4e45</value>
         <object_component_ref idref="oc-233"/>
      </symbol>
      <symbol id="sm-9af">
         <name>CPUcpsid</name>
         <value>0x4e39</value>
         <object_component_ref idref="oc-22c"/>
      </symbol>
      <symbol id="sm-9b0">
         <name>__TI_static_base__</name>
         <value>0x0</value>
      </symbol>
      <symbol id="sm-9b3">
         <name>SHT$$INIT_ARRAY$$Limit</name>
         <value>0x0</value>
      </symbol>
      <symbol id="sm-9b4">
         <name>SHT$$INIT_ARRAY$$Base</name>
         <value>0x0</value>
      </symbol>
   </symbol_table>
   <title>Link successful</title>
</link_info>
