******************************************************************************
                  TI ARM Linker PC v16.9.3                     
******************************************************************************
>> Linked Mon Sep 04 12:15:24 2017

OUTPUT FILE NAME:   <TreeArm.out>
ENTRY POINT SYMBOL: "_c_int00"  address: 000044d9


MEMORY CONFIGURATION

         name            origin    length      used     unused   attr    fill
----------------------  --------  ---------  --------  --------  ----  --------
  FLASH                 00000000   00040000  00005892  0003a76e  R  X
  SRAM                  20000000   00008000  00000ff0  00007010  RW X


SEGMENT ALLOCATION MAP

run origin  load origin   length   init length attrs members
----------  ----------- ---------- ----------- ----- -------
00000000    00000000    00005898   00005898    r-x
  00000000    00000000    0000026c   0000026c    r-- .intvecs
  0000026c    0000026c    00004afe   00004afe    r-x .text
  00004d6c    00004d6c    00000ad0   00000ad0    r-- .const
  00005840    00005840    00000058   00000058    r-- .cinit
20000000    20000000    00000ff0   00000000    rw-
  20000000    20000000    00000800   00000000    rw- .stack
  20000800    20000800    000007a8   00000000    rw- .bss
  20000fa8    20000fa8    00000048   00000000    rw- .data


SECTION ALLOCATION MAP

 output                                  attributes/
section   page    origin      length       input sections
--------  ----  ----------  ----------   ----------------
.intvecs   0    00000000    0000026c     
                  00000000    0000026c     tm4c123gh6pge_startup_ccs.obj (.intvecs)

.text      0    0000026c    00004afe     
                  0000026c    00001670     main.obj (.text)
                  000018dc    0000113e     rtsv7M4_T_le_v4SPD16_eabi.lib : _printfi.obj (.text)
                  00002a1a    00000002                                   : i_div0.obj (.text)
                  00002a1c    0000067c     cfal96x64x16.obj (.text)
                  00003098    00000254     grlib.lib : string.obj (.text:GrFontGlyphRender)
                  000032ec    000001f4     rtsv7M4_T_le_v4SPD16_eabi.lib : ull_div_t2.obj (.text)
                  000034e0    000001b6                                   : fd_add_t2.obj (.text)
                  00003696    00000136                                   : fd_div_t2.obj (.text)
                  000037cc    00000132     driverlib.lib : gpio.obj (.text:GPIOPadConfigSet)
                  000038fe    00000002     rtsv7M4_T_le_v4SPD16_eabi.lib : mpu_init.obj (.text)
                  00003900    00000110     driverlib.lib : sysctl.obj (.text:SysCtlClockGet)
                  00003a10    000000fc     rtsv7M4_T_le_v4SPD16_eabi.lib : fd_mul_t2.obj (.text)
                  00003b0c    000000fc                                   : s_scalbn.obj (.text)
                  00003c08    000000f4     driverlib.lib : sysctl.obj (.text:SysCtlClockSet)
                  00003cfc    000000e8     load_buffer.obj (.text)
                  00003de4    000000c0     grlib.lib : string.obj (.text:GrDefaultStringRenderer)
                  00003ea4    0000009c     rtsv7M4_T_le_v4SPD16_eabi.lib : memcpy_t2.obj (.text)
                  00003f40    00000086                                   : fd_cmp_t2.obj (.text:__aeabi_cdcmple)
                  00003fc6    00000086                                   : fd_cmp_t2.obj (.text:__aeabi_cdrcmple)
                  0000404c    00000080     driverlib.lib : udma.obj (.text:uDMAChannelTransferSet)
                  000040cc    0000007a     rtsv7M4_T_le_v4SPD16_eabi.lib : memset_t2.obj (.text)
                  00004146    00000002                                   : startup.obj (.text)
                  00004148    00000070                                   : autoinit.obj (.text)
                  000041b8    00000068     grlib.lib : context.obj (.text:GrContextInit)
                  00004220    00000068               : string.obj (.text:GrStringWidthGet)
                  00004288    00000068     driverlib.lib : interrupt.obj (.text:IntEnable)
                  000042f0    00000068     rtsv7M4_T_le_v4SPD16_eabi.lib : copy_decompress_lzss.obj (.text:decompress:lzss)
                  00004358    00000064                                   : s_frexp.obj (.text)
                  000043bc    00000060     driverlib.lib : timer.obj (.text:TimerConfigure)
                  0000441c    00000060     rtsv7M4_T_le_v4SPD16_eabi.lib : sprintf.obj (.text)
                  0000447c    0000005a     grlib.lib : string.obj (.text:FontWideGlyphDataGet)
                  000044d6    00000002     --HOLE-- [fill = 0]
                  000044d8    00000054     rtsv7M4_T_le_v4SPD16_eabi.lib : boot.obj (.text)
                  0000452c    00000054                                   : exit.obj (.text)
                  00004580    00000054                                   : ltoa.obj (.text)
                  000045d4    0000004c     driverlib.lib : gpio.obj (.text:GPIOPinConfigure)
                  00004620    0000004c     rtsv7M4_T_le_v4SPD16_eabi.lib : atoi.obj (.text)
                  0000466c    0000004c                                   : cpy_tbl.obj (.text)
                  000046b8    0000004a     grlib.lib : string.obj (.text:UpdateContextCharMapping)
                  00004702    00000002     --HOLE-- [fill = 0]
                  00004704    00000048     driverlib.lib : sysctl.obj (.text:SysCtlPeripheralClockGating)
                  0000474c    00000048     rtsv7M4_T_le_v4SPD16_eabi.lib : fd_toi_t2.obj (.text)
                  00004794    00000048     driverlib.lib : udma.obj (.text:uDMAChannelAttributeDisable)
                  000047dc    00000046                   : uart.obj (.text:UARTConfigSetExpClk)
                  00004822    00000002     --HOLE-- [fill = 0]
                  00004824    00000044                   : udma.obj (.text:uDMAChannelAttributeEnable)
                  00004868    00000040     rtsv7M4_T_le_v4SPD16_eabi.lib : u_divt2.obj (.text)
                  000048a8    0000003a     grlib.lib : string.obj (.text:FontGlyphDataGet)
                  000048e2    00000002     --HOLE-- [fill = 0]
                  000048e4    00000038     driverlib.lib : sysctl.obj (.text:SysCtlPeripheralReady)
                  0000491c    00000034                   : sysctl.obj (.text:SysCtlPeripheralEnable)
                  00004950    00000034                   : sysctl.obj (.text:SysCtlPeripheralSleepEnable)
                  00004984    0000002e     grlib.lib : string.obj (.text:GrStringNextCharGet)
                  000049b2    0000002e     rtsv7M4_T_le_v4SPD16_eabi.lib : i_tofd_t2.obj (.text)
                  000049e0    0000002c     driverlib.lib : gpio.obj (.text:GPIODirModeSet)
                  00004a0c    0000002c     grlib.lib : string.obj (.text:GrFontBaselineGet)
                  00004a38    0000002c     driverlib.lib : udma.obj (.text:uDMAChannelAssign)
                  00004a64    00000028                   : udma.obj (.text:uDMAChannelModeGet)
                  00004a8c    00000026     grlib.lib : string.obj (.text:GrFontInfoGet)
                  00004ab2    00000002     --HOLE-- [fill = 0]
                  00004ab4    00000024     driverlib.lib : udma.obj (.text:uDMAChannelControlSet)
                  00004ad8    00000022     grlib.lib : string.obj (.text:GrFontGlyphDataGet)
                  00004afa    00000002     --HOLE-- [fill = 0]
                  00004afc    00000020     driverlib.lib : uart.obj (.text:UARTDisable)
                  00004b1c    0000001e     grlib.lib : string.obj (.text:GrFontCodepageGet)
                  00004b3a    0000001c     rtsv7M4_T_le_v4SPD16_eabi.lib : memccpy.obj (.text)
                  00004b56    00000002     --HOLE-- [fill = 0]
                  00004b58    00000018                                   : args_main.obj (.text)
                  00004b70    00000018     driverlib.lib : udma.obj (.text:uDMAChannelDisable)
                  00004b88    00000018                   : udma.obj (.text:uDMAChannelEnable)
                  00004ba0    00000016                   : gpio.obj (.text:GPIOPinTypeUART)
                  00004bb6    00000016     grlib.lib : string.obj (.text:GrStringDraw)
                  00004bcc    00000016     rtsv7M4_T_le_v4SPD16_eabi.lib : strchr.obj (.text)
                  00004be2    00000002     --HOLE-- [fill = 0]
                  00004be4    00000014     driverlib.lib : systick.obj (.text:SysTickEnable)
                  00004bf8    00000014                   : systick.obj (.text:SysTickIntEnable)
                  00004c0c    00000014                   : uart.obj (.text:UARTEnable)
                  00004c20    00000014     rtsv7M4_T_le_v4SPD16_eabi.lib : _lock.obj (.text)
                  00004c34    00000014                                   : s_copysign.obj (.text)
                  00004c48    00000014                                   : strlen.obj (.text)
                  00004c5c    00000012     driverlib.lib : timer.obj (.text:TimerLoadSet)
                  00004c6e    00000010                   : interrupt.obj (.text:IntMasterDisable)
                  00004c7e    00000010                   : interrupt.obj (.text:IntMasterEnable)
                  00004c8e    00000002     --HOLE-- [fill = 0]
                  00004c90    00000010                   : systick.obj (.text:SysTickPeriodSet)
                  00004ca0    00000010                   : udma.obj (.text:uDMAEnable)
                  00004cb0    0000000e                   : timer.obj (.text:TimerEnable)
                  00004cbe    0000000e     rtsv7M4_T_le_v4SPD16_eabi.lib : copy_decompress_none.obj (.text:decompress:none)
                  00004ccc    0000000c     driverlib.lib : cpu.obj (.text:CPUcpsid)
                  00004cd8    0000000c                   : cpu.obj (.text:CPUcpsie)
                  00004ce4    0000000c     rtsv7M4_T_le_v4SPD16_eabi.lib : copy_zero_init.obj (.text:decompress:ZI)
                  00004cf0    0000000c     tm4c123gh6pge_startup_ccs.obj (.text)
                  00004cfc    0000000c     driverlib.lib : udma.obj (.text:uDMAControlBaseSet)
                  00004d08    0000000c                   : udma.obj (.text:uDMAErrorStatusClear)
                  00004d14    0000000c                   : udma.obj (.text:uDMAErrorStatusGet)
                  00004d20    0000000a                   : uart.obj (.text:UARTFIFOEnable)
                  00004d2a    0000000a                   : uart.obj (.text:UARTIntStatus)
                  00004d34    00000008     grlib.lib : charmap.obj (.text:GrMapISO8859_1_Unicode)
                  00004d3c    00000008     driverlib.lib : timer.obj (.text:TimerIntEnable)
                  00004d44    00000008                   : uart.obj (.text:UARTDMAEnable)
                  00004d4c    00000006     grlib.lib : string.obj (.text:GrContextFontSet)
                  00004d52    00000006     driverlib.lib : sysctl.obj (.text:SysCtlDelay)
                  00004d58    00000006                   : uart.obj (.text:UARTFIFOLevelSet)
                  00004d5e    00000004                   : timer.obj (.text:TimerIntClear)
                  00004d62    00000004                   : uart.obj (.text:UARTIntClear)
                  00004d66    00000004     rtsv7M4_T_le_v4SPD16_eabi.lib : pre_init.obj (.text)

.const     0    00004d6c    00000ad0     
                  00004d6c    0000055f     grlib.lib : fontcm12.obj (.const:.string:g_pui8Cm12Data)
                  000052cb    00000101     rtsv7M4_T_le_v4SPD16_eabi.lib : ctype.obj (.const:.string:_ctypes_)
                  000053cc    00000100     main.obj (.const:.string:gamma)
                  000054cc    00000100     main.obj (.const:.string:sine_wave)
                  000055cc    000000c8     grlib.lib : fontcm12.obj (.const:g_sFontCm12)
                  00005694    00000090     driverlib.lib : gpio.obj (.const:g_pui32GPIOBaseAddrs)
                  00005724    0000006c                   : sysctl.obj (.const:g_pui32Xtals)
                  00005790    00000030     main.obj (.const:g_psDaysToMonth)
                  000057c0    00000028     cfal96x64x16.obj (.const:g_sCFAL96x64x16)
                  000057e8    00000018     main.obj (.const:g_pfExponents)
                  00005800    00000014     driverlib.lib : interrupt.obj (.const:g_pui32EnRegs)
                  00005814    00000012     main.obj (.const:.string)
                  00005826    00000002     --HOLE-- [fill = 0]
                  00005828    00000010     grlib.lib : context.obj (.const:g_psDefaultCodePointMapTable)
                  00005838    00000004     main.obj (.const)

.cinit     0    00005840    00000058     
                  00005840    00000032     (.cinit..data.load) [load image, compression = lzss]
                  00005872    00000002     --HOLE-- [fill = 0]
                  00005874    0000000c     (__TI_handler_table)
                  00005880    00000008     (.cinit..bss.load) [load image, compression = zero_init]
                  00005888    00000010     (__TI_cinit_table)

.init_array 
*          0    00000000    00000000     UNINITIALIZED

.stack     0    20000000    00000800     UNINITIALIZED
                  20000000    00000800     --HOLE--

.bss       0    20000800    000007a8     UNINITIALIZED
                  20000800    00000400     (.common:ui8ControlTable)
                  20000c00    0000012c     main.obj (.bss:LEDBufA)
                  20000d2c    0000012c     main.obj (.bss:LEDBufB)
                  20000e58    00000060     main.obj (.bss:TxBufA)
                  20000eb8    00000060     main.obj (.bss:TxBufB)
                  20000f18    00000040     main.obj (.bss:g_pui32RandomEntropy)
                  20000f58    0000002c     main.obj (.bss:sContext)
                  20000f84    00000020     main.obj (.bss:str)
                  20000fa4    00000004     grlib.lib : context.obj (.bss)

.data      0    20000fa8    00000048     UNINITIALIZED
                  20000fa8    00000018     main.obj (.data)
                  20000fc0    00000013     cfal96x64x16.obj (.data:g_ui8DisplayInitCommands)
                  20000fd3    00000001     --HOLE--
                  20000fd4    0000000c     rtsv7M4_T_le_v4SPD16_eabi.lib : exit.obj (.data:$O1$$)
                  20000fe0    00000008                                   : _lock.obj (.data:$O1$$)
                  20000fe8    00000004                                   : errno.obj (.data)
                  20000fec    00000004                                   : stkdepth_vars.obj (.data)

MODULE SUMMARY

       Module                          code    ro data   rw data
       ------                          ----    -------   -------
    .\
       main.obj                        5744    606       1980   
       tm4c123gh6pge_startup_ccs.obj   12      620       0      
       load_buffer.obj                 232     0         0      
    +--+-------------------------------+-------+---------+---------+
       Total:                          5988    1226      1980   
                                                                
    .\drivers\
       cfal96x64x16.obj                1660    40        19     
    +--+-------------------------------+-------+---------+---------+
       Total:                          1660    40        19     
                                                                
    C:/ti/TivaWare_C_Series-2.1.4.178/driverlib/ccs/Debug/driverlib.lib
       sysctl.obj                      754     108       0      
       gpio.obj                        448     144       0      
       udma.obj                        488     0         0      
       uart.obj                        160     0         0      
       interrupt.obj                   136     20        0      
       timer.obj                       140     0         0      
       systick.obj                     56      0         0      
       cpu.obj                         24      0         0      
    +--+-------------------------------+-------+---------+---------+
       Total:                          2206    272       0      
                                                                
    C:/ti/TivaWare_C_Series-2.1.4.178/grlib/ccs/Debug/grlib.lib
       fontcm12.obj                    0       1575      0      
       string.obj                      1334    0         0      
       context.obj                     104     16        4      
       charmap.obj                     8       0         0      
    +--+-------------------------------+-------+---------+---------+
       Total:                          1446    1591      4      
                                                                
    C:\ti\ccsv7\tools\compiler\ti-cgt-arm_16.9.3.LTS\lib\rtsv7M4_T_le_v4SPD16_eabi.lib
       _printfi.obj                    4414    0         0      
       ull_div_t2.obj                  500     0         0      
       fd_add_t2.obj                   438     0         0      
       fd_div_t2.obj                   310     0         0      
       fd_cmp_t2.obj                   268     0         0      
       ctype.obj                       0       257       0      
       fd_mul_t2.obj                   252     0         0      
       s_scalbn.obj                    252     0         0      
       memcpy_t2.obj                   156     0         0      
       memset_t2.obj                   122     0         0      
       autoinit.obj                    112     0         0      
       copy_decompress_lzss.obj        104     0         0      
       s_frexp.obj                     100     0         0      
       exit.obj                        84      0         12     
       sprintf.obj                     96      0         0      
       boot.obj                        84      0         0      
       ltoa.obj                        84      0         0      
       atoi.obj                        76      0         0      
       cpy_tbl.obj                     76      0         0      
       fd_toi_t2.obj                   72      0         0      
       u_divt2.obj                     64      0         0      
       i_tofd_t2.obj                   46      0         0      
       _lock.obj                       20      0         8      
       memccpy.obj                     28      0         0      
       args_main.obj                   24      0         0      
       strchr.obj                      22      0         0      
       s_copysign.obj                  20      0         0      
       strlen.obj                      20      0         0      
       copy_decompress_none.obj        14      0         0      
       copy_zero_init.obj              12      0         0      
       errno.obj                       0       0         4      
       pre_init.obj                    4       0         0      
       stkdepth_vars.obj               0       0         4      
       i_div0.obj                      2       0         0      
       mpu_init.obj                    2       0         0      
       startup.obj                     2       0         0      
    +--+-------------------------------+-------+---------+---------+
       Total:                          7880    257       28     
                                                                
       Stack:                          0       0         2048   
       Linker Generated:               0       86        0      
    +--+-------------------------------+-------+---------+---------+
       Grand Total:                    19180   3472      4079   


LINKER GENERATED COPY TABLES

__TI_cinit_table @ 00005888 records: 2, size/record: 8, table size: 16
	.data: load addr=00005840, load size=00000032 bytes, run addr=20000fa8, run size=00000048 bytes, compression=lzss
	.bss: load addr=00005880, load size=00000008 bytes, run addr=20000800, run size=000007a8 bytes, compression=zero_init


LINKER GENERATED HANDLER TABLE

__TI_handler_table @ 00005874 records: 3, size/record: 4, table size: 12
	index: 0, handler: __TI_decompress_lzss
	index: 1, handler: __TI_decompress_none
	index: 2, handler: __TI_zero_init


GLOBAL SYMBOLS: SORTED ALPHABETICALLY BY Name 

address   name                           
-------   ----                           
0000452d  C$$EXIT                        
00002edf  CFAL96x64x16Init               
00004ccd  CPUcpsid                       
00004cd9  CPUcpsie                       
000049e1  GPIODirModeSet                 
000037cd  GPIOPadConfigSet               
000045d5  GPIOPinConfigure               
00004ba1  GPIOPinTypeUART                
00004d4d  GrContextFontSet               
000041b9  GrContextInit                  
00003de5  GrDefaultStringRenderer        
00004a0d  GrFontBaselineGet              
00004b1d  GrFontCodepageGet              
00004ad9  GrFontGlyphDataGet             
00003099  GrFontGlyphRender              
00004a8d  GrFontInfoGet                  
00004d35  GrMapISO8859_1_Unicode         
00004bb7  GrStringDraw                   
00004985  GrStringNextCharGet            
00004221  GrStringWidthGet               
00004289  IntEnable                      
00004c6f  IntMasterDisable               
00004c7f  IntMasterEnable                
0000026d  RandomAddEntropy               
00000299  RandomSeed                     
00004cf1  ResetISR                       
UNDEFED   SHT$$INIT_ARRAY$$Base          
UNDEFED   SHT$$INIT_ARRAY$$Limit         
20000fb0  Service_SysTick                
20000fb1  Service_Timer0                 
00003901  SysCtlClockGet                 
00003c09  SysCtlClockSet                 
00004d53  SysCtlDelay                    
00004705  SysCtlPeripheralClockGating    
0000491d  SysCtlPeripheralEnable         
000048e5  SysCtlPeripheralReady          
00004951  SysCtlPeripheralSleepEnable    
00004be5  SysTickEnable                  
000011f1  SysTickHandler                 
00004bf9  SysTickIntEnable               
00004c91  SysTickPeriodSet               
000011d7  Timer0IntHandler               
000043bd  TimerConfigure                 
00004cb1  TimerEnable                    
00004d5f  TimerIntClear                  
00004d3d  TimerIntEnable                 
00004c5d  TimerLoadSet                   
00001229  UART4IntHandler                
000047dd  UARTConfigSetExpClk            
00004d45  UARTDMAEnable                  
00004afd  UARTDisable                    
00004c0d  UARTEnable                     
00004d21  UARTFIFOEnable                 
00004d59  UARTFIFOLevelSet               
00004d63  UARTIntClear                   
00004d2b  UARTIntStatus                  
20000800  __STACK_END                    
00000800  __STACK_SIZE                   
20000200  __STACK_TOP                    
00005888  __TI_CINIT_Base                
00005898  __TI_CINIT_Limit               
00005874  __TI_Handler_Table_Base        
00005880  __TI_Handler_Table_Limit       
00004149  __TI_auto_init                 
20000fd4  __TI_cleanup_ptr               
000042f1  __TI_decompress_lzss           
00004cbf  __TI_decompress_none           
20000fd8  __TI_dtors_ptr                 
20000fdc  __TI_enable_exit_profile_output
ffffffff  __TI_pprof_out_hndl            
00002121  __TI_printfi                   
ffffffff  __TI_prof_data_size            
ffffffff  __TI_prof_data_start           
00000000  __TI_static_base__             
00004ce5  __TI_zero_init                 
00003f41  __aeabi_cdcmpeq                
00003f41  __aeabi_cdcmple                
00003fc7  __aeabi_cdrcmple               
0000474d  __aeabi_d2iz                   
000034eb  __aeabi_dadd                   
00003697  __aeabi_ddiv                   
00003a11  __aeabi_dmul                   
000034e1  __aeabi_dsub                   
000049b3  __aeabi_i2d                    
00002a1b  __aeabi_idiv0                  
000040cd  __aeabi_memclr                 
000040cd  __aeabi_memclr4                
000040cd  __aeabi_memclr8                
00003ea5  __aeabi_memcpy                 
00003ea5  __aeabi_memcpy4                
00003ea5  __aeabi_memcpy8                
000040cf  __aeabi_memset                 
000040cf  __aeabi_memset4                
000040cf  __aeabi_memset8                
00004869  __aeabi_uidiv                  
00004869  __aeabi_uidivmod               
000032ed  __aeabi_uldivmod               
ffffffff  __binit__                      
ffffffff  __c_args__                     
00003cfd  __load_buffer                  
000038ff  __mpu_init                     
20000000  __stack                        
00004b59  _args_main                     
000044d9  _c_int00                       
000052cb  _ctypes_                       
20000fe0  _lock                          
00004c2f  _nop                           
00004c27  _register_lock                 
00004c21  _register_unlock               
00004147  _system_post_cinit             
00004d67  _system_pre_init               
20000fe4  _unlock                        
00004531  abort                          
00004621  atoi                           
ffffffff  binit                          
0000466d  copy_in                        
00004c35  copysign                       
00004c35  copysignl                      
20000fe8  errno                          
00004539  exit                           
00004359  frexp                          
00004359  frexpl                         
00000000  g_pfnVectors                   
00005828  g_psDefaultCodePointMapTable   
000057c0  g_sCFAL96x64x16                
000055cc  g_sFontCm12                    
000053cc  gamma                          
000014fd  init_LEDS                      
000013f7  init_UART                      
00001375  init_clock                     
0000139b  init_display                   
000013cf  init_gpio                      
000014a1  init_timer                     
00001445  init_uDMA                      
00003b0d  ldexp                          
00003b0d  ldexpl                         
00004581  ltoa                           
000015ad  main                           
20000fec  main_func_sp                   
00004b3b  memccpy                        
00003ea5  memcpy                         
000040d5  memset                         
00003b0d  scalbn                         
00003b0d  scalbnl                        
000012f9  send_frame                     
000054cc  sine_wave                      
0000441d  sprintf                        
00004bcd  strchr                         
00004c49  strlen                         
00004a39  uDMAChannelAssign              
00004795  uDMAChannelAttributeDisable    
00004825  uDMAChannelAttributeEnable     
00004ab5  uDMAChannelControlSet          
00004b71  uDMAChannelDisable             
00004b89  uDMAChannelEnable              
00004a65  uDMAChannelModeGet             
0000404d  uDMAChannelTransferSet         
00004cfd  uDMAControlBaseSet             
00004ca1  uDMAEnable                     
0000120b  uDMAErrorHandler               
00004d09  uDMAErrorStatusClear           
00004d15  uDMAErrorStatusGet             
20000800  ui8ControlTable                
00000a49  ulocaltime                     
00000c47  umktime                        
000011c1  urand                          
00000a19  usnprintf                      
000009e7  usprintf                       
000011b1  usrand                         
00001129  ustrcasecmp                    
0000119d  ustrcmp                        
0000102d  ustrlen                        
00001085  ustrncasecmp                   
0000113d  ustrncmp                       
00000559  ustrncpy                       
0000104f  ustrstr                        
00000df5  ustrtof                        
00000cbd  ustrtoul                       
000005bd  uvsnprintf                     


GLOBAL SYMBOLS: SORTED BY Symbol Address 

address   name                           
-------   ----                           
00000000  __TI_static_base__             
00000000  g_pfnVectors                   
0000026d  RandomAddEntropy               
00000299  RandomSeed                     
00000559  ustrncpy                       
000005bd  uvsnprintf                     
00000800  __STACK_SIZE                   
000009e7  usprintf                       
00000a19  usnprintf                      
00000a49  ulocaltime                     
00000c47  umktime                        
00000cbd  ustrtoul                       
00000df5  ustrtof                        
0000102d  ustrlen                        
0000104f  ustrstr                        
00001085  ustrncasecmp                   
00001129  ustrcasecmp                    
0000113d  ustrncmp                       
0000119d  ustrcmp                        
000011b1  usrand                         
000011c1  urand                          
000011d7  Timer0IntHandler               
000011f1  SysTickHandler                 
0000120b  uDMAErrorHandler               
00001229  UART4IntHandler                
000012f9  send_frame                     
00001375  init_clock                     
0000139b  init_display                   
000013cf  init_gpio                      
000013f7  init_UART                      
00001445  init_uDMA                      
000014a1  init_timer                     
000014fd  init_LEDS                      
000015ad  main                           
00002121  __TI_printfi                   
00002a1b  __aeabi_idiv0                  
00002edf  CFAL96x64x16Init               
00003099  GrFontGlyphRender              
000032ed  __aeabi_uldivmod               
000034e1  __aeabi_dsub                   
000034eb  __aeabi_dadd                   
00003697  __aeabi_ddiv                   
000037cd  GPIOPadConfigSet               
000038ff  __mpu_init                     
00003901  SysCtlClockGet                 
00003a11  __aeabi_dmul                   
00003b0d  ldexp                          
00003b0d  ldexpl                         
00003b0d  scalbn                         
00003b0d  scalbnl                        
00003c09  SysCtlClockSet                 
00003cfd  __load_buffer                  
00003de5  GrDefaultStringRenderer        
00003ea5  __aeabi_memcpy                 
00003ea5  __aeabi_memcpy4                
00003ea5  __aeabi_memcpy8                
00003ea5  memcpy                         
00003f41  __aeabi_cdcmpeq                
00003f41  __aeabi_cdcmple                
00003fc7  __aeabi_cdrcmple               
0000404d  uDMAChannelTransferSet         
000040cd  __aeabi_memclr                 
000040cd  __aeabi_memclr4                
000040cd  __aeabi_memclr8                
000040cf  __aeabi_memset                 
000040cf  __aeabi_memset4                
000040cf  __aeabi_memset8                
000040d5  memset                         
00004147  _system_post_cinit             
00004149  __TI_auto_init                 
000041b9  GrContextInit                  
00004221  GrStringWidthGet               
00004289  IntEnable                      
000042f1  __TI_decompress_lzss           
00004359  frexp                          
00004359  frexpl                         
000043bd  TimerConfigure                 
0000441d  sprintf                        
000044d9  _c_int00                       
0000452d  C$$EXIT                        
00004531  abort                          
00004539  exit                           
00004581  ltoa                           
000045d5  GPIOPinConfigure               
00004621  atoi                           
0000466d  copy_in                        
00004705  SysCtlPeripheralClockGating    
0000474d  __aeabi_d2iz                   
00004795  uDMAChannelAttributeDisable    
000047dd  UARTConfigSetExpClk            
00004825  uDMAChannelAttributeEnable     
00004869  __aeabi_uidiv                  
00004869  __aeabi_uidivmod               
000048e5  SysCtlPeripheralReady          
0000491d  SysCtlPeripheralEnable         
00004951  SysCtlPeripheralSleepEnable    
00004985  GrStringNextCharGet            
000049b3  __aeabi_i2d                    
000049e1  GPIODirModeSet                 
00004a0d  GrFontBaselineGet              
00004a39  uDMAChannelAssign              
00004a65  uDMAChannelModeGet             
00004a8d  GrFontInfoGet                  
00004ab5  uDMAChannelControlSet          
00004ad9  GrFontGlyphDataGet             
00004afd  UARTDisable                    
00004b1d  GrFontCodepageGet              
00004b3b  memccpy                        
00004b59  _args_main                     
00004b71  uDMAChannelDisable             
00004b89  uDMAChannelEnable              
00004ba1  GPIOPinTypeUART                
00004bb7  GrStringDraw                   
00004bcd  strchr                         
00004be5  SysTickEnable                  
00004bf9  SysTickIntEnable               
00004c0d  UARTEnable                     
00004c21  _register_unlock               
00004c27  _register_lock                 
00004c2f  _nop                           
00004c35  copysign                       
00004c35  copysignl                      
00004c49  strlen                         
00004c5d  TimerLoadSet                   
00004c6f  IntMasterDisable               
00004c7f  IntMasterEnable                
00004c91  SysTickPeriodSet               
00004ca1  uDMAEnable                     
00004cb1  TimerEnable                    
00004cbf  __TI_decompress_none           
00004ccd  CPUcpsid                       
00004cd9  CPUcpsie                       
00004ce5  __TI_zero_init                 
00004cf1  ResetISR                       
00004cfd  uDMAControlBaseSet             
00004d09  uDMAErrorStatusClear           
00004d15  uDMAErrorStatusGet             
00004d21  UARTFIFOEnable                 
00004d2b  UARTIntStatus                  
00004d35  GrMapISO8859_1_Unicode         
00004d3d  TimerIntEnable                 
00004d45  UARTDMAEnable                  
00004d4d  GrContextFontSet               
00004d53  SysCtlDelay                    
00004d59  UARTFIFOLevelSet               
00004d5f  TimerIntClear                  
00004d63  UARTIntClear                   
00004d67  _system_pre_init               
000052cb  _ctypes_                       
000053cc  gamma                          
000054cc  sine_wave                      
000055cc  g_sFontCm12                    
000057c0  g_sCFAL96x64x16                
00005828  g_psDefaultCodePointMapTable   
00005874  __TI_Handler_Table_Base        
00005880  __TI_Handler_Table_Limit       
00005888  __TI_CINIT_Base                
00005898  __TI_CINIT_Limit               
20000000  __stack                        
20000200  __STACK_TOP                    
20000800  __STACK_END                    
20000800  ui8ControlTable                
20000fb0  Service_SysTick                
20000fb1  Service_Timer0                 
20000fd4  __TI_cleanup_ptr               
20000fd8  __TI_dtors_ptr                 
20000fdc  __TI_enable_exit_profile_output
20000fe0  _lock                          
20000fe4  _unlock                        
20000fe8  errno                          
20000fec  main_func_sp                   
ffffffff  __TI_pprof_out_hndl            
ffffffff  __TI_prof_data_size            
ffffffff  __TI_prof_data_start           
ffffffff  __binit__                      
ffffffff  __c_args__                     
ffffffff  binit                          
UNDEFED   SHT$$INIT_ARRAY$$Base          
UNDEFED   SHT$$INIT_ARRAY$$Limit         

[179 symbols]
