<?xml version="1.0"?>
<link_info>
   <banner>TI ARM Linker PC v16.9.3.LTS</banner>
   <copyright>Copyright (c) 1996-2017 Texas Instruments Incorporated</copyright>
   <link_time>0x599f8463</link_time>
   <link_errors>0x0</link_errors>
   <output_file>TreeArm.out</output_file>
   <entry_point>
      <name>_c_int00</name>
      <address>0x40d5</address>
   </entry_point>
   <input_file_list>
      <input_file id="fl-2">
         <path>.\</path>
         <kind>object</kind>
         <file>main.obj</file>
         <name>main.obj</name>
      </input_file>
      <input_file id="fl-3">
         <path>.\</path>
         <kind>object</kind>
         <file>tm4c123gh6pge_startup_ccs.obj</file>
         <name>tm4c123gh6pge_startup_ccs.obj</name>
      </input_file>
      <input_file id="fl-4">
         <path>.\drivers\</path>
         <kind>object</kind>
         <file>cfal96x64x16.obj</file>
         <name>cfal96x64x16.obj</name>
      </input_file>
      <input_file id="fl-a">
         <kind>object</kind>
         <file>&lt;internal&gt;</file>
         <name>&lt;internal&gt;</name>
      </input_file>
      <input_file id="fl-c0">
         <path>C:\ti\ccsv7\tools\compiler\ti-cgt-arm_16.9.3.LTS\lib\</path>
         <kind>archive</kind>
         <file>rtsv7M4_T_le_v4SPD16_eabi.lib</file>
         <name>boot.obj</name>
      </input_file>
      <input_file id="fl-c1">
         <path>C:\ti\ccsv7\tools\compiler\ti-cgt-arm_16.9.3.LTS\lib\</path>
         <kind>archive</kind>
         <file>rtsv7M4_T_le_v4SPD16_eabi.lib</file>
         <name>copy_decompress_lzss.obj</name>
      </input_file>
      <input_file id="fl-c2">
         <path>C:\ti\ccsv7\tools\compiler\ti-cgt-arm_16.9.3.LTS\lib\</path>
         <kind>archive</kind>
         <file>rtsv7M4_T_le_v4SPD16_eabi.lib</file>
         <name>copy_decompress_none.obj</name>
      </input_file>
      <input_file id="fl-c3">
         <path>C:\ti\ccsv7\tools\compiler\ti-cgt-arm_16.9.3.LTS\lib\</path>
         <kind>archive</kind>
         <file>rtsv7M4_T_le_v4SPD16_eabi.lib</file>
         <name>copy_zero_init.obj</name>
      </input_file>
      <input_file id="fl-c4">
         <path>C:\ti\ccsv7\tools\compiler\ti-cgt-arm_16.9.3.LTS\lib\</path>
         <kind>archive</kind>
         <file>rtsv7M4_T_le_v4SPD16_eabi.lib</file>
         <name>exit.obj</name>
      </input_file>
      <input_file id="fl-c5">
         <path>C:\ti\ccsv7\tools\compiler\ti-cgt-arm_16.9.3.LTS\lib\</path>
         <kind>archive</kind>
         <file>rtsv7M4_T_le_v4SPD16_eabi.lib</file>
         <name>memcpy_t2.obj</name>
      </input_file>
      <input_file id="fl-c6">
         <path>C:\ti\ccsv7\tools\compiler\ti-cgt-arm_16.9.3.LTS\lib\</path>
         <kind>archive</kind>
         <file>rtsv7M4_T_le_v4SPD16_eabi.lib</file>
         <name>memset_t2.obj</name>
      </input_file>
      <input_file id="fl-c7">
         <path>C:\ti\ccsv7\tools\compiler\ti-cgt-arm_16.9.3.LTS\lib\</path>
         <kind>archive</kind>
         <file>rtsv7M4_T_le_v4SPD16_eabi.lib</file>
         <name>mpu_init.obj</name>
      </input_file>
      <input_file id="fl-c8">
         <path>C:\ti\ccsv7\tools\compiler\ti-cgt-arm_16.9.3.LTS\lib\</path>
         <kind>archive</kind>
         <file>rtsv7M4_T_le_v4SPD16_eabi.lib</file>
         <name>pre_init.obj</name>
      </input_file>
      <input_file id="fl-c9">
         <path>C:\ti\ccsv7\tools\compiler\ti-cgt-arm_16.9.3.LTS\lib\</path>
         <kind>archive</kind>
         <file>rtsv7M4_T_le_v4SPD16_eabi.lib</file>
         <name>sprintf.obj</name>
      </input_file>
      <input_file id="fl-ca">
         <path>C:\ti\ccsv7\tools\compiler\ti-cgt-arm_16.9.3.LTS\lib\</path>
         <kind>archive</kind>
         <file>rtsv7M4_T_le_v4SPD16_eabi.lib</file>
         <name>stkdepth_vars.obj</name>
      </input_file>
      <input_file id="fl-cb">
         <path>C:\ti\ccsv7\tools\compiler\ti-cgt-arm_16.9.3.LTS\lib\</path>
         <kind>archive</kind>
         <file>rtsv7M4_T_le_v4SPD16_eabi.lib</file>
         <name>u_divt2.obj</name>
      </input_file>
      <input_file id="fl-cc">
         <path>C:\ti\ccsv7\tools\compiler\ti-cgt-arm_16.9.3.LTS\lib\</path>
         <kind>archive</kind>
         <file>rtsv7M4_T_le_v4SPD16_eabi.lib</file>
         <name>_lock.obj</name>
      </input_file>
      <input_file id="fl-cd">
         <path>C:\ti\ccsv7\tools\compiler\ti-cgt-arm_16.9.3.LTS\lib\</path>
         <kind>archive</kind>
         <file>rtsv7M4_T_le_v4SPD16_eabi.lib</file>
         <name>_printfi.obj</name>
      </input_file>
      <input_file id="fl-ce">
         <path>C:\ti\ccsv7\tools\compiler\ti-cgt-arm_16.9.3.LTS\lib\</path>
         <kind>archive</kind>
         <file>rtsv7M4_T_le_v4SPD16_eabi.lib</file>
         <name>args_main.obj</name>
      </input_file>
      <input_file id="fl-cf">
         <path>C:\ti\ccsv7\tools\compiler\ti-cgt-arm_16.9.3.LTS\lib\</path>
         <kind>archive</kind>
         <file>rtsv7M4_T_le_v4SPD16_eabi.lib</file>
         <name>atoi.obj</name>
      </input_file>
      <input_file id="fl-d0">
         <path>C:\ti\ccsv7\tools\compiler\ti-cgt-arm_16.9.3.LTS\lib\</path>
         <kind>archive</kind>
         <file>rtsv7M4_T_le_v4SPD16_eabi.lib</file>
         <name>autoinit.obj</name>
      </input_file>
      <input_file id="fl-d1">
         <path>C:\ti\ccsv7\tools\compiler\ti-cgt-arm_16.9.3.LTS\lib\</path>
         <kind>archive</kind>
         <file>rtsv7M4_T_le_v4SPD16_eabi.lib</file>
         <name>cpy_tbl.obj</name>
      </input_file>
      <input_file id="fl-d2">
         <path>C:\ti\ccsv7\tools\compiler\ti-cgt-arm_16.9.3.LTS\lib\</path>
         <kind>archive</kind>
         <file>rtsv7M4_T_le_v4SPD16_eabi.lib</file>
         <name>ctype.obj</name>
      </input_file>
      <input_file id="fl-d3">
         <path>C:\ti\ccsv7\tools\compiler\ti-cgt-arm_16.9.3.LTS\lib\</path>
         <kind>archive</kind>
         <file>rtsv7M4_T_le_v4SPD16_eabi.lib</file>
         <name>fd_add_t2.obj</name>
      </input_file>
      <input_file id="fl-d4">
         <path>C:\ti\ccsv7\tools\compiler\ti-cgt-arm_16.9.3.LTS\lib\</path>
         <kind>archive</kind>
         <file>rtsv7M4_T_le_v4SPD16_eabi.lib</file>
         <name>fd_cmp_t2.obj</name>
      </input_file>
      <input_file id="fl-d5">
         <path>C:\ti\ccsv7\tools\compiler\ti-cgt-arm_16.9.3.LTS\lib\</path>
         <kind>archive</kind>
         <file>rtsv7M4_T_le_v4SPD16_eabi.lib</file>
         <name>fd_div_t2.obj</name>
      </input_file>
      <input_file id="fl-d6">
         <path>C:\ti\ccsv7\tools\compiler\ti-cgt-arm_16.9.3.LTS\lib\</path>
         <kind>archive</kind>
         <file>rtsv7M4_T_le_v4SPD16_eabi.lib</file>
         <name>fd_mul_t2.obj</name>
      </input_file>
      <input_file id="fl-d7">
         <path>C:\ti\ccsv7\tools\compiler\ti-cgt-arm_16.9.3.LTS\lib\</path>
         <kind>archive</kind>
         <file>rtsv7M4_T_le_v4SPD16_eabi.lib</file>
         <name>fd_toi_t2.obj</name>
      </input_file>
      <input_file id="fl-d8">
         <path>C:\ti\ccsv7\tools\compiler\ti-cgt-arm_16.9.3.LTS\lib\</path>
         <kind>archive</kind>
         <file>rtsv7M4_T_le_v4SPD16_eabi.lib</file>
         <name>i_div0.obj</name>
      </input_file>
      <input_file id="fl-d9">
         <path>C:\ti\ccsv7\tools\compiler\ti-cgt-arm_16.9.3.LTS\lib\</path>
         <kind>archive</kind>
         <file>rtsv7M4_T_le_v4SPD16_eabi.lib</file>
         <name>i_tofd_t2.obj</name>
      </input_file>
      <input_file id="fl-da">
         <path>C:\ti\ccsv7\tools\compiler\ti-cgt-arm_16.9.3.LTS\lib\</path>
         <kind>archive</kind>
         <file>rtsv7M4_T_le_v4SPD16_eabi.lib</file>
         <name>ltoa.obj</name>
      </input_file>
      <input_file id="fl-db">
         <path>C:\ti\ccsv7\tools\compiler\ti-cgt-arm_16.9.3.LTS\lib\</path>
         <kind>archive</kind>
         <file>rtsv7M4_T_le_v4SPD16_eabi.lib</file>
         <name>memccpy.obj</name>
      </input_file>
      <input_file id="fl-dc">
         <path>C:\ti\ccsv7\tools\compiler\ti-cgt-arm_16.9.3.LTS\lib\</path>
         <kind>archive</kind>
         <file>rtsv7M4_T_le_v4SPD16_eabi.lib</file>
         <name>s_frexp.obj</name>
      </input_file>
      <input_file id="fl-dd">
         <path>C:\ti\ccsv7\tools\compiler\ti-cgt-arm_16.9.3.LTS\lib\</path>
         <kind>archive</kind>
         <file>rtsv7M4_T_le_v4SPD16_eabi.lib</file>
         <name>s_scalbn.obj</name>
      </input_file>
      <input_file id="fl-de">
         <path>C:\ti\ccsv7\tools\compiler\ti-cgt-arm_16.9.3.LTS\lib\</path>
         <kind>archive</kind>
         <file>rtsv7M4_T_le_v4SPD16_eabi.lib</file>
         <name>startup.obj</name>
      </input_file>
      <input_file id="fl-df">
         <path>C:\ti\ccsv7\tools\compiler\ti-cgt-arm_16.9.3.LTS\lib\</path>
         <kind>archive</kind>
         <file>rtsv7M4_T_le_v4SPD16_eabi.lib</file>
         <name>strchr.obj</name>
      </input_file>
      <input_file id="fl-e0">
         <path>C:\ti\ccsv7\tools\compiler\ti-cgt-arm_16.9.3.LTS\lib\</path>
         <kind>archive</kind>
         <file>rtsv7M4_T_le_v4SPD16_eabi.lib</file>
         <name>strlen.obj</name>
      </input_file>
      <input_file id="fl-e1">
         <path>C:\ti\ccsv7\tools\compiler\ti-cgt-arm_16.9.3.LTS\lib\</path>
         <kind>archive</kind>
         <file>rtsv7M4_T_le_v4SPD16_eabi.lib</file>
         <name>ull_div_t2.obj</name>
      </input_file>
      <input_file id="fl-e2">
         <path>C:\ti\ccsv7\tools\compiler\ti-cgt-arm_16.9.3.LTS\lib\</path>
         <kind>archive</kind>
         <file>rtsv7M4_T_le_v4SPD16_eabi.lib</file>
         <name>errno.obj</name>
      </input_file>
      <input_file id="fl-e3">
         <path>C:\ti\ccsv7\tools\compiler\ti-cgt-arm_16.9.3.LTS\lib\</path>
         <kind>archive</kind>
         <file>rtsv7M4_T_le_v4SPD16_eabi.lib</file>
         <name>s_copysign.obj</name>
      </input_file>
      <input_file id="fl-e4">
         <path>C:\ti\TivaWare_C_Series-2.1.4.178\grlib\ccs\Debug\</path>
         <kind>archive</kind>
         <file>grlib.lib</file>
         <name>context.obj</name>
      </input_file>
      <input_file id="fl-e5">
         <path>C:\ti\TivaWare_C_Series-2.1.4.178\grlib\ccs\Debug\</path>
         <kind>archive</kind>
         <file>grlib.lib</file>
         <name>string.obj</name>
      </input_file>
      <input_file id="fl-e6">
         <path>C:\ti\TivaWare_C_Series-2.1.4.178\grlib\ccs\Debug\</path>
         <kind>archive</kind>
         <file>grlib.lib</file>
         <name>fontcm12.obj</name>
      </input_file>
      <input_file id="fl-e7">
         <path>C:\ti\TivaWare_C_Series-2.1.4.178\grlib\ccs\Debug\</path>
         <kind>archive</kind>
         <file>grlib.lib</file>
         <name>charmap.obj</name>
      </input_file>
      <input_file id="fl-e8">
         <path>C:\ti\TivaWare_C_Series-2.1.4.178\driverlib\ccs\Debug\</path>
         <kind>archive</kind>
         <file>driverlib.lib</file>
         <name>gpio.obj</name>
      </input_file>
      <input_file id="fl-e9">
         <path>C:\ti\TivaWare_C_Series-2.1.4.178\driverlib\ccs\Debug\</path>
         <kind>archive</kind>
         <file>driverlib.lib</file>
         <name>interrupt.obj</name>
      </input_file>
      <input_file id="fl-ea">
         <path>C:\ti\TivaWare_C_Series-2.1.4.178\driverlib\ccs\Debug\</path>
         <kind>archive</kind>
         <file>driverlib.lib</file>
         <name>sysctl.obj</name>
      </input_file>
      <input_file id="fl-eb">
         <path>C:\ti\TivaWare_C_Series-2.1.4.178\driverlib\ccs\Debug\</path>
         <kind>archive</kind>
         <file>driverlib.lib</file>
         <name>systick.obj</name>
      </input_file>
      <input_file id="fl-ec">
         <path>C:\ti\TivaWare_C_Series-2.1.4.178\driverlib\ccs\Debug\</path>
         <kind>archive</kind>
         <file>driverlib.lib</file>
         <name>timer.obj</name>
      </input_file>
      <input_file id="fl-ed">
         <path>C:\ti\TivaWare_C_Series-2.1.4.178\driverlib\ccs\Debug\</path>
         <kind>archive</kind>
         <file>driverlib.lib</file>
         <name>uart.obj</name>
      </input_file>
      <input_file id="fl-ee">
         <path>C:\ti\TivaWare_C_Series-2.1.4.178\driverlib\ccs\Debug\</path>
         <kind>archive</kind>
         <file>driverlib.lib</file>
         <name>udma.obj</name>
      </input_file>
      <input_file id="fl-ef">
         <path>C:\ti\TivaWare_C_Series-2.1.4.178\driverlib\ccs\Debug\</path>
         <kind>archive</kind>
         <file>driverlib.lib</file>
         <name>cpu.obj</name>
      </input_file>
   </input_file_list>
   <object_component_list>
      <object_component id="oc-f">
         <name>.intvecs</name>
         <load_address>0x0</load_address>
         <run_address>0x0</run_address>
         <size>0x26c</size>
         <input_file_ref idref="fl-3"/>
      </object_component>
      <object_component id="oc-31">
         <name>.text</name>
         <load_address>0x26c</load_address>
         <run_address>0x26c</run_address>
         <size>0x1354</size>
         <input_file_ref idref="fl-2"/>
      </object_component>
      <object_component id="oc-27f">
         <name>.text</name>
         <load_address>0x15c0</load_address>
         <run_address>0x15c0</run_address>
         <size>0x113e</size>
         <input_file_ref idref="fl-cd"/>
      </object_component>
      <object_component id="oc-1fe">
         <name>.text</name>
         <load_address>0x26fe</load_address>
         <run_address>0x26fe</run_address>
         <size>0x2</size>
         <input_file_ref idref="fl-d8"/>
      </object_component>
      <object_component id="oc-f4">
         <name>.text</name>
         <load_address>0x2700</load_address>
         <run_address>0x2700</run_address>
         <size>0x67c</size>
         <input_file_ref idref="fl-4"/>
      </object_component>
      <object_component id="oc-2f0">
         <name>.text:GrFontGlyphRender</name>
         <load_address>0x2d7c</load_address>
         <run_address>0x2d7c</run_address>
         <size>0x254</size>
         <input_file_ref idref="fl-e5"/>
      </object_component>
      <object_component id="oc-315">
         <name>.text</name>
         <load_address>0x2fd0</load_address>
         <run_address>0x2fd0</run_address>
         <size>0x1f4</size>
         <input_file_ref idref="fl-e1"/>
      </object_component>
      <object_component id="oc-344">
         <name>.text</name>
         <load_address>0x31c4</load_address>
         <run_address>0x31c4</run_address>
         <size>0x1b6</size>
         <input_file_ref idref="fl-d3"/>
      </object_component>
      <object_component id="oc-32a">
         <name>.text</name>
         <load_address>0x337a</load_address>
         <run_address>0x337a</run_address>
         <size>0x136</size>
         <input_file_ref idref="fl-d5"/>
      </object_component>
      <object_component id="oc-25a">
         <name>.text:GPIOPadConfigSet</name>
         <load_address>0x34b0</load_address>
         <run_address>0x34b0</run_address>
         <size>0x132</size>
         <input_file_ref idref="fl-e8"/>
      </object_component>
      <object_component id="oc-5d">
         <name>.text</name>
         <load_address>0x35e2</load_address>
         <run_address>0x35e2</run_address>
         <size>0x2</size>
         <input_file_ref idref="fl-c7"/>
      </object_component>
      <object_component id="oc-dc">
         <name>.text:SysCtlClockGet</name>
         <load_address>0x35e4</load_address>
         <run_address>0x35e4</run_address>
         <size>0x110</size>
         <input_file_ref idref="fl-ea"/>
      </object_component>
      <object_component id="oc-325">
         <name>.text</name>
         <load_address>0x36f4</load_address>
         <run_address>0x36f4</run_address>
         <size>0xfc</size>
         <input_file_ref idref="fl-d6"/>
      </object_component>
      <object_component id="oc-34f">
         <name>.text</name>
         <load_address>0x37f0</load_address>
         <run_address>0x37f0</run_address>
         <size>0xfc</size>
         <input_file_ref idref="fl-dd"/>
      </object_component>
      <object_component id="oc-d0">
         <name>.text:SysCtlClockSet</name>
         <load_address>0x38ec</load_address>
         <run_address>0x38ec</run_address>
         <size>0xf4</size>
         <input_file_ref idref="fl-ea"/>
      </object_component>
      <object_component id="oc-23b">
         <name>.text:GrDefaultStringRenderer</name>
         <load_address>0x39e0</load_address>
         <run_address>0x39e0</run_address>
         <size>0xc0</size>
         <input_file_ref idref="fl-e5"/>
      </object_component>
      <object_component id="oc-45">
         <name>.text</name>
         <load_address>0x3aa0</load_address>
         <run_address>0x3aa0</run_address>
         <size>0x9c</size>
         <input_file_ref idref="fl-c5"/>
      </object_component>
      <object_component id="oc-320">
         <name>.text:__aeabi_cdcmple</name>
         <load_address>0x3b3c</load_address>
         <run_address>0x3b3c</run_address>
         <size>0x86</size>
         <input_file_ref idref="fl-d4"/>
      </object_component>
      <object_component id="oc-32f">
         <name>.text:__aeabi_cdrcmple</name>
         <load_address>0x3bc2</load_address>
         <run_address>0x3bc2</run_address>
         <size>0x86</size>
         <input_file_ref idref="fl-d4"/>
      </object_component>
      <object_component id="oc-c4">
         <name>.text:uDMAChannelTransferSet</name>
         <load_address>0x3c48</load_address>
         <run_address>0x3c48</run_address>
         <size>0x80</size>
         <input_file_ref idref="fl-ee"/>
      </object_component>
      <object_component id="oc-51">
         <name>.text</name>
         <load_address>0x3cc8</load_address>
         <run_address>0x3cc8</run_address>
         <size>0x7a</size>
         <input_file_ref idref="fl-c6"/>
      </object_component>
      <object_component id="oc-1e5">
         <name>.text</name>
         <load_address>0x3d42</load_address>
         <run_address>0x3d42</run_address>
         <size>0x2</size>
         <input_file_ref idref="fl-de"/>
      </object_component>
      <object_component id="oc-69">
         <name>.text</name>
         <load_address>0x3d44</load_address>
         <run_address>0x3d44</run_address>
         <size>0x70</size>
         <input_file_ref idref="fl-d0"/>
      </object_component>
      <object_component id="oc-fa">
         <name>.text:GrContextInit</name>
         <load_address>0x3db4</load_address>
         <run_address>0x3db4</run_address>
         <size>0x68</size>
         <input_file_ref idref="fl-e4"/>
      </object_component>
      <object_component id="oc-184">
         <name>.text:GrStringWidthGet</name>
         <load_address>0x3e1c</load_address>
         <run_address>0x3e1c</run_address>
         <size>0x68</size>
         <input_file_ref idref="fl-e5"/>
      </object_component>
      <object_component id="oc-13c">
         <name>.text:IntEnable</name>
         <load_address>0x3e84</load_address>
         <run_address>0x3e84</run_address>
         <size>0x68</size>
         <input_file_ref idref="fl-e9"/>
      </object_component>
      <object_component id="oc-12">
         <name>.text:decompress:lzss</name>
         <load_address>0x3eec</load_address>
         <run_address>0x3eec</run_address>
         <size>0x68</size>
         <input_file_ref idref="fl-c1"/>
      </object_component>
      <object_component id="oc-349">
         <name>.text</name>
         <load_address>0x3f54</load_address>
         <run_address>0x3f54</run_address>
         <size>0x64</size>
         <input_file_ref idref="fl-dc"/>
      </object_component>
      <object_component id="oc-166">
         <name>.text:TimerConfigure</name>
         <load_address>0x3fb8</load_address>
         <run_address>0x3fb8</run_address>
         <size>0x60</size>
         <input_file_ref idref="fl-ec"/>
      </object_component>
      <object_component id="oc-17e">
         <name>.text</name>
         <load_address>0x4018</load_address>
         <run_address>0x4018</run_address>
         <size>0x60</size>
         <input_file_ref idref="fl-c9"/>
      </object_component>
      <object_component id="oc-37b">
         <name>.text:FontWideGlyphDataGet</name>
         <load_address>0x4078</load_address>
         <run_address>0x4078</run_address>
         <size>0x5a</size>
         <input_file_ref idref="fl-e5"/>
      </object_component>
      <object_component id="oc-24">
         <name>.text</name>
         <load_address>0x40d4</load_address>
         <run_address>0x40d4</run_address>
         <size>0x54</size>
         <input_file_ref idref="fl-c0"/>
      </object_component>
      <object_component id="oc-75">
         <name>.text</name>
         <load_address>0x4128</load_address>
         <run_address>0x4128</run_address>
         <size>0x54</size>
         <input_file_ref idref="fl-c4"/>
      </object_component>
      <object_component id="oc-339">
         <name>.text</name>
         <load_address>0x417c</load_address>
         <run_address>0x417c</run_address>
         <size>0x54</size>
         <input_file_ref idref="fl-da"/>
      </object_component>
      <object_component id="oc-11e">
         <name>.text:GPIOPinConfigure</name>
         <load_address>0x41d0</load_address>
         <run_address>0x41d0</run_address>
         <size>0x4c</size>
         <input_file_ref idref="fl-e8"/>
      </object_component>
      <object_component id="oc-35b">
         <name>.text</name>
         <load_address>0x421c</load_address>
         <run_address>0x421c</run_address>
         <size>0x4c</size>
         <input_file_ref idref="fl-cf"/>
      </object_component>
      <object_component id="oc-1df">
         <name>.text</name>
         <load_address>0x4268</load_address>
         <run_address>0x4268</run_address>
         <size>0x4c</size>
         <input_file_ref idref="fl-d1"/>
      </object_component>
      <object_component id="oc-248">
         <name>.text:UpdateContextCharMapping</name>
         <load_address>0x42b4</load_address>
         <run_address>0x42b4</run_address>
         <size>0x4a</size>
         <input_file_ref idref="fl-e5"/>
      </object_component>
      <object_component id="oc-d6">
         <name>.text:SysCtlPeripheralClockGating</name>
         <load_address>0x4300</load_address>
         <run_address>0x4300</run_address>
         <size>0x48</size>
         <input_file_ref idref="fl-ea"/>
      </object_component>
      <object_component id="oc-334">
         <name>.text</name>
         <load_address>0x4348</load_address>
         <run_address>0x4348</run_address>
         <size>0x48</size>
         <input_file_ref idref="fl-d7"/>
      </object_component>
      <object_component id="oc-154">
         <name>.text:uDMAChannelAttributeDisable</name>
         <load_address>0x4390</load_address>
         <run_address>0x4390</run_address>
         <size>0x48</size>
         <input_file_ref idref="fl-ee"/>
      </object_component>
      <object_component id="oc-124">
         <name>.text:UARTConfigSetExpClk</name>
         <load_address>0x43d8</load_address>
         <run_address>0x43d8</run_address>
         <size>0x46</size>
         <input_file_ref idref="fl-ed"/>
      </object_component>
      <object_component id="oc-15a">
         <name>.text:uDMAChannelAttributeEnable</name>
         <load_address>0x4420</load_address>
         <run_address>0x4420</run_address>
         <size>0x44</size>
         <input_file_ref idref="fl-ee"/>
      </object_component>
      <object_component id="oc-86">
         <name>.text</name>
         <load_address>0x4464</load_address>
         <run_address>0x4464</run_address>
         <size>0x40</size>
         <input_file_ref idref="fl-cb"/>
      </object_component>
      <object_component id="oc-381">
         <name>.text:FontGlyphDataGet</name>
         <load_address>0x44a4</load_address>
         <run_address>0x44a4</run_address>
         <size>0x3a</size>
         <input_file_ref idref="fl-e5"/>
      </object_component>
      <object_component id="oc-10c">
         <name>.text:SysCtlPeripheralReady</name>
         <load_address>0x44e0</load_address>
         <run_address>0x44e0</run_address>
         <size>0x38</size>
         <input_file_ref idref="fl-ea"/>
      </object_component>
      <object_component id="oc-106">
         <name>.text:SysCtlPeripheralEnable</name>
         <load_address>0x4518</load_address>
         <run_address>0x4518</run_address>
         <size>0x34</size>
         <input_file_ref idref="fl-ea"/>
      </object_component>
      <object_component id="oc-112">
         <name>.text:SysCtlPeripheralSleepEnable</name>
         <load_address>0x454c</load_address>
         <run_address>0x454c</run_address>
         <size>0x34</size>
         <input_file_ref idref="fl-ea"/>
      </object_component>
      <object_component id="oc-287">
         <name>.text:GrStringNextCharGet</name>
         <load_address>0x4580</load_address>
         <run_address>0x4580</run_address>
         <size>0x2e</size>
         <input_file_ref idref="fl-e5"/>
      </object_component>
      <object_component id="oc-33f">
         <name>.text</name>
         <load_address>0x45ae</load_address>
         <run_address>0x45ae</run_address>
         <size>0x2e</size>
         <input_file_ref idref="fl-d9"/>
      </object_component>
      <object_component id="oc-254">
         <name>.text:GPIODirModeSet</name>
         <load_address>0x45dc</load_address>
         <run_address>0x45dc</run_address>
         <size>0x2c</size>
         <input_file_ref idref="fl-e8"/>
      </object_component>
      <object_component id="oc-18a">
         <name>.text:GrFontBaselineGet</name>
         <load_address>0x4608</load_address>
         <run_address>0x4608</run_address>
         <size>0x2c</size>
         <input_file_ref idref="fl-e5"/>
      </object_component>
      <object_component id="oc-14e">
         <name>.text:uDMAChannelAssign</name>
         <load_address>0x4634</load_address>
         <run_address>0x4634</run_address>
         <size>0x2c</size>
         <input_file_ref idref="fl-ee"/>
      </object_component>
      <object_component id="oc-be">
         <name>.text:uDMAChannelModeGet</name>
         <load_address>0x4660</load_address>
         <run_address>0x4660</run_address>
         <size>0x28</size>
         <input_file_ref idref="fl-ee"/>
      </object_component>
      <object_component id="oc-293">
         <name>.text:GrFontInfoGet</name>
         <load_address>0x4688</load_address>
         <run_address>0x4688</run_address>
         <size>0x26</size>
         <input_file_ref idref="fl-e5"/>
      </object_component>
      <object_component id="oc-160">
         <name>.text:uDMAChannelControlSet</name>
         <load_address>0x46b0</load_address>
         <run_address>0x46b0</run_address>
         <size>0x24</size>
         <input_file_ref idref="fl-ee"/>
      </object_component>
      <object_component id="oc-28d">
         <name>.text:GrFontGlyphDataGet</name>
         <load_address>0x46d4</load_address>
         <run_address>0x46d4</run_address>
         <size>0x22</size>
         <input_file_ref idref="fl-e5"/>
      </object_component>
      <object_component id="oc-266">
         <name>.text:UARTDisable</name>
         <load_address>0x46f8</load_address>
         <run_address>0x46f8</run_address>
         <size>0x20</size>
         <input_file_ref idref="fl-ed"/>
      </object_component>
      <object_component id="oc-301">
         <name>.text:GrFontCodepageGet</name>
         <load_address>0x4718</load_address>
         <run_address>0x4718</run_address>
         <size>0x1e</size>
         <input_file_ref idref="fl-e5"/>
      </object_component>
      <object_component id="oc-361">
         <name>.text</name>
         <load_address>0x4736</load_address>
         <run_address>0x4736</run_address>
         <size>0x1c</size>
         <input_file_ref idref="fl-db"/>
      </object_component>
      <object_component id="oc-6f">
         <name>.text</name>
         <load_address>0x4754</load_address>
         <run_address>0x4754</run_address>
         <size>0x18</size>
         <input_file_ref idref="fl-ce"/>
      </object_component>
      <object_component id="oc-ca">
         <name>.text:uDMAChannelEnable</name>
         <load_address>0x476c</load_address>
         <run_address>0x476c</run_address>
         <size>0x18</size>
         <input_file_ref idref="fl-ee"/>
      </object_component>
      <object_component id="oc-118">
         <name>.text:GPIOPinTypeUART</name>
         <load_address>0x4784</load_address>
         <run_address>0x4784</run_address>
         <size>0x16</size>
         <input_file_ref idref="fl-e8"/>
      </object_component>
      <object_component id="oc-190">
         <name>.text:GrStringDraw</name>
         <load_address>0x479a</load_address>
         <run_address>0x479a</run_address>
         <size>0x16</size>
         <input_file_ref idref="fl-e5"/>
      </object_component>
      <object_component id="oc-355">
         <name>.text</name>
         <load_address>0x47b0</load_address>
         <run_address>0x47b0</run_address>
         <size>0x16</size>
         <input_file_ref idref="fl-df"/>
      </object_component>
      <object_component id="oc-ee">
         <name>.text:SysTickEnable</name>
         <load_address>0x47c8</load_address>
         <run_address>0x47c8</run_address>
         <size>0x14</size>
         <input_file_ref idref="fl-eb"/>
      </object_component>
      <object_component id="oc-e8">
         <name>.text:SysTickIntEnable</name>
         <load_address>0x47dc</load_address>
         <run_address>0x47dc</run_address>
         <size>0x14</size>
         <input_file_ref idref="fl-eb"/>
      </object_component>
      <object_component id="oc-130">
         <name>.text:UARTEnable</name>
         <load_address>0x47f0</load_address>
         <run_address>0x47f0</run_address>
         <size>0x14</size>
         <input_file_ref idref="fl-ed"/>
      </object_component>
      <object_component id="oc-2c8">
         <name>.text</name>
         <load_address>0x4804</load_address>
         <run_address>0x4804</run_address>
         <size>0x14</size>
         <input_file_ref idref="fl-cc"/>
      </object_component>
      <object_component id="oc-3b3">
         <name>.text</name>
         <load_address>0x4818</load_address>
         <run_address>0x4818</run_address>
         <size>0x14</size>
         <input_file_ref idref="fl-e3"/>
      </object_component>
      <object_component id="oc-31a">
         <name>.text</name>
         <load_address>0x482c</load_address>
         <run_address>0x482c</run_address>
         <size>0x14</size>
         <input_file_ref idref="fl-e0"/>
      </object_component>
      <object_component id="oc-16c">
         <name>.text:TimerLoadSet</name>
         <load_address>0x4840</load_address>
         <run_address>0x4840</run_address>
         <size>0x12</size>
         <input_file_ref idref="fl-ec"/>
      </object_component>
      <object_component id="oc-97">
         <name>.text:IntMasterDisable</name>
         <load_address>0x4852</load_address>
         <run_address>0x4852</run_address>
         <size>0x10</size>
         <input_file_ref idref="fl-e9"/>
      </object_component>
      <object_component id="oc-9d">
         <name>.text:IntMasterEnable</name>
         <load_address>0x4862</load_address>
         <run_address>0x4862</run_address>
         <size>0x10</size>
         <input_file_ref idref="fl-e9"/>
      </object_component>
      <object_component id="oc-e2">
         <name>.text:SysTickPeriodSet</name>
         <load_address>0x4874</load_address>
         <run_address>0x4874</run_address>
         <size>0x10</size>
         <input_file_ref idref="fl-eb"/>
      </object_component>
      <object_component id="oc-142">
         <name>.text:uDMAEnable</name>
         <load_address>0x4884</load_address>
         <run_address>0x4884</run_address>
         <size>0x10</size>
         <input_file_ref idref="fl-ee"/>
      </object_component>
      <object_component id="oc-178">
         <name>.text:TimerEnable</name>
         <load_address>0x4894</load_address>
         <run_address>0x4894</run_address>
         <size>0xe</size>
         <input_file_ref idref="fl-ec"/>
      </object_component>
      <object_component id="oc-18">
         <name>.text:decompress:none</name>
         <load_address>0x48a2</load_address>
         <run_address>0x48a2</run_address>
         <size>0xe</size>
         <input_file_ref idref="fl-c2"/>
      </object_component>
      <object_component id="oc-20c">
         <name>.text:CPUcpsid</name>
         <load_address>0x48b0</load_address>
         <run_address>0x48b0</run_address>
         <size>0xc</size>
         <input_file_ref idref="fl-ef"/>
      </object_component>
      <object_component id="oc-213">
         <name>.text:CPUcpsie</name>
         <load_address>0x48bc</load_address>
         <run_address>0x48bc</run_address>
         <size>0xc</size>
         <input_file_ref idref="fl-ef"/>
      </object_component>
      <object_component id="oc-1e">
         <name>.text:decompress:ZI</name>
         <load_address>0x48c8</load_address>
         <run_address>0x48c8</run_address>
         <size>0xc</size>
         <input_file_ref idref="fl-c3"/>
      </object_component>
      <object_component id="oc-2b">
         <name>.text</name>
         <load_address>0x48d4</load_address>
         <run_address>0x48d4</run_address>
         <size>0xc</size>
         <input_file_ref idref="fl-3"/>
      </object_component>
      <object_component id="oc-148">
         <name>.text:uDMAControlBaseSet</name>
         <load_address>0x48e0</load_address>
         <run_address>0x48e0</run_address>
         <size>0xc</size>
         <input_file_ref idref="fl-ee"/>
      </object_component>
      <object_component id="oc-a9">
         <name>.text:uDMAErrorStatusClear</name>
         <load_address>0x48ec</load_address>
         <run_address>0x48ec</run_address>
         <size>0xc</size>
         <input_file_ref idref="fl-ee"/>
      </object_component>
      <object_component id="oc-a3">
         <name>.text:uDMAErrorStatusGet</name>
         <load_address>0x48f8</load_address>
         <run_address>0x48f8</run_address>
         <size>0xc</size>
         <input_file_ref idref="fl-ee"/>
      </object_component>
      <object_component id="oc-b2">
         <name>.text:UARTIntStatus</name>
         <load_address>0x4904</load_address>
         <run_address>0x4904</run_address>
         <size>0xa</size>
         <input_file_ref idref="fl-ed"/>
      </object_component>
      <object_component id="oc-2f7">
         <name>.text:GrMapISO8859_1_Unicode</name>
         <load_address>0x490e</load_address>
         <run_address>0x490e</run_address>
         <size>0x8</size>
         <input_file_ref idref="fl-e7"/>
      </object_component>
      <object_component id="oc-172">
         <name>.text:TimerIntEnable</name>
         <load_address>0x4916</load_address>
         <run_address>0x4916</run_address>
         <size>0x8</size>
         <input_file_ref idref="fl-ec"/>
      </object_component>
      <object_component id="oc-136">
         <name>.text:UARTDMAEnable</name>
         <load_address>0x491e</load_address>
         <run_address>0x491e</run_address>
         <size>0x8</size>
         <input_file_ref idref="fl-ed"/>
      </object_component>
      <object_component id="oc-100">
         <name>.text:GrContextFontSet</name>
         <load_address>0x4926</load_address>
         <run_address>0x4926</run_address>
         <size>0x6</size>
         <input_file_ref idref="fl-e5"/>
      </object_component>
      <object_component id="oc-225">
         <name>.text:SysCtlDelay</name>
         <load_address>0x492c</load_address>
         <run_address>0x492c</run_address>
         <size>0x6</size>
         <input_file_ref idref="fl-ea"/>
      </object_component>
      <object_component id="oc-12a">
         <name>.text:UARTFIFOLevelSet</name>
         <load_address>0x4932</load_address>
         <run_address>0x4932</run_address>
         <size>0x6</size>
         <input_file_ref idref="fl-ed"/>
      </object_component>
      <object_component id="oc-91">
         <name>.text:TimerIntClear</name>
         <load_address>0x4938</load_address>
         <run_address>0x4938</run_address>
         <size>0x4</size>
         <input_file_ref idref="fl-ec"/>
      </object_component>
      <object_component id="oc-b8">
         <name>.text:UARTIntClear</name>
         <load_address>0x493c</load_address>
         <run_address>0x493c</run_address>
         <size>0x4</size>
         <input_file_ref idref="fl-ed"/>
      </object_component>
      <object_component id="oc-63">
         <name>.text</name>
         <load_address>0x4940</load_address>
         <run_address>0x4940</run_address>
         <size>0x4</size>
         <input_file_ref idref="fl-c8"/>
      </object_component>
      <object_component id="oc-2a4">
         <name>.const:.string:g_pui8Cm12Data</name>
         <load_address>0x4944</load_address>
         <run_address>0x4944</run_address>
         <size>0x55f</size>
         <input_file_ref idref="fl-e6"/>
      </object_component>
      <object_component id="oc-3c0">
         <name>.const:.string:_ctypes_</name>
         <load_address>0x4ea3</load_address>
         <run_address>0x4ea3</run_address>
         <size>0x101</size>
         <input_file_ref idref="fl-d2"/>
      </object_component>
      <object_component id="oc-1a2">
         <name>.const:g_sFontCm12</name>
         <load_address>0x4fa4</load_address>
         <run_address>0x4fa4</run_address>
         <size>0xc8</size>
         <input_file_ref idref="fl-e6"/>
      </object_component>
      <object_component id="oc-262">
         <name>.const:g_pui32GPIOBaseAddrs</name>
         <load_address>0x506c</load_address>
         <run_address>0x506c</run_address>
         <size>0x90</size>
         <input_file_ref idref="fl-e8"/>
      </object_component>
      <object_component id="oc-229">
         <name>.const:g_pui32Xtals</name>
         <load_address>0x50fc</load_address>
         <run_address>0x50fc</run_address>
         <size>0x6c</size>
         <input_file_ref idref="fl-ea"/>
      </object_component>
      <object_component id="oc-8e">
         <name>.const:g_psDaysToMonth</name>
         <load_address>0x5168</load_address>
         <run_address>0x5168</run_address>
         <size>0x30</size>
         <input_file_ref idref="fl-2"/>
      </object_component>
      <object_component id="oc-19f">
         <name>.const:g_sCFAL96x64x16</name>
         <load_address>0x5198</load_address>
         <run_address>0x5198</run_address>
         <size>0x28</size>
         <input_file_ref idref="fl-4"/>
      </object_component>
      <object_component id="oc-af">
         <name>.const:g_pfExponents</name>
         <load_address>0x51c0</load_address>
         <run_address>0x51c0</run_address>
         <size>0x18</size>
         <input_file_ref idref="fl-2"/>
      </object_component>
      <object_component id="oc-270">
         <name>.const:g_pui32EnRegs</name>
         <load_address>0x51d8</load_address>
         <run_address>0x51d8</run_address>
         <size>0x14</size>
         <input_file_ref idref="fl-e9"/>
      </object_component>
      <object_component id="oc-205">
         <name>.const:.string</name>
         <load_address>0x51ec</load_address>
         <run_address>0x51ec</run_address>
         <size>0x12</size>
         <input_file_ref idref="fl-2"/>
      </object_component>
      <object_component id="oc-241">
         <name>.const</name>
         <load_address>0x5200</load_address>
         <run_address>0x5200</run_address>
         <size>0x10</size>
         <input_file_ref idref="fl-e4"/>
      </object_component>
      <object_component id="oc-8b">
         <name>.const</name>
         <load_address>0x5210</load_address>
         <run_address>0x5210</run_address>
         <size>0x4</size>
         <input_file_ref idref="fl-2"/>
      </object_component>
      <object_component id="oc-409">
         <name>.cinit..data.load</name>
         <load_address>0x5218</load_address>
         <run_address>0x5218</run_address>
         <size>0x32</size>
      </object_component>
      <object_component id="oc-407">
         <name>__TI_handler_table</name>
         <load_address>0x524c</load_address>
         <run_address>0x524c</run_address>
         <size>0xc</size>
      </object_component>
      <object_component id="oc-40a">
         <name>.cinit..bss.load</name>
         <load_address>0x5258</load_address>
         <run_address>0x5258</run_address>
         <size>0x8</size>
      </object_component>
      <object_component id="oc-408">
         <name>__TI_cinit_table</name>
         <load_address>0x5260</load_address>
         <run_address>0x5260</run_address>
         <size>0x10</size>
      </object_component>
      <object_component id="oc-80">
         <name>.data</name>
         <load_address>0x20000d50</load_address>
         <run_address>0x20000d50</run_address>
         <size>0x14</size>
         <input_file_ref idref="fl-2"/>
      </object_component>
      <object_component id="oc-231">
         <name>.data:g_ui8DisplayInitCommands</name>
         <load_address>0x20000d64</load_address>
         <run_address>0x20000d64</run_address>
         <size>0x13</size>
         <input_file_ref idref="fl-4"/>
      </object_component>
      <object_component id="oc-1ef">
         <name>.data:$O1$$</name>
         <load_address>0x20000d78</load_address>
         <run_address>0x20000d78</run_address>
         <size>0xc</size>
         <input_file_ref idref="fl-c4"/>
      </object_component>
      <object_component id="oc-7b">
         <name>.data</name>
         <load_address>0x20000d90</load_address>
         <run_address>0x20000d90</run_address>
         <size>0x4</size>
         <input_file_ref idref="fl-ca"/>
      </object_component>
      <object_component id="oc-1f2">
         <name>.data:$O1$$</name>
         <load_address>0x20000d84</load_address>
         <run_address>0x20000d84</run_address>
         <size>0x8</size>
         <input_file_ref idref="fl-cc"/>
      </object_component>
      <object_component id="oc-3b9">
         <name>.data</name>
         <load_address>0x20000d8c</load_address>
         <run_address>0x20000d8c</run_address>
         <size>0x4</size>
         <input_file_ref idref="fl-e2"/>
      </object_component>
      <object_component id="oc-83">
         <name>.bss:g_pui32RandomEntropy</name>
         <uninitialized>true</uninitialized>
         <run_address>0x20000cc0</run_address>
         <size>0x40</size>
         <input_file_ref idref="fl-2"/>
      </object_component>
      <object_component id="oc-196">
         <name>.bss:TxBufA</name>
         <uninitialized>true</uninitialized>
         <run_address>0x20000c00</run_address>
         <size>0x60</size>
         <input_file_ref idref="fl-2"/>
      </object_component>
      <object_component id="oc-199">
         <name>.bss:TxBufB</name>
         <uninitialized>true</uninitialized>
         <run_address>0x20000c60</run_address>
         <size>0x60</size>
         <input_file_ref idref="fl-2"/>
      </object_component>
      <object_component id="oc-1a8">
         <name>.bss:str</name>
         <uninitialized>true</uninitialized>
         <run_address>0x20000d2c</run_address>
         <size>0x20</size>
         <input_file_ref idref="fl-2"/>
      </object_component>
      <object_component id="oc-19c">
         <name>.bss:sContext</name>
         <uninitialized>true</uninitialized>
         <run_address>0x20000d00</run_address>
         <size>0x2c</size>
         <input_file_ref idref="fl-2"/>
      </object_component>
      <object_component id="oc-1a5">
         <name>.common:ui8ControlTable</name>
         <uninitialized>true</uninitialized>
         <run_address>0x20000800</run_address>
         <size>0x400</size>
      </object_component>
      <object_component id="oc-244">
         <name>.common:g_psGrLibDefaults</name>
         <uninitialized>true</uninitialized>
         <run_address>0x20000d4c</run_address>
         <size>0x4</size>
      </object_component>
      <object_component id="oc-2a">
         <name>.stack</name>
         <uninitialized>true</uninitialized>
         <run_address>0x20000000</run_address>
         <size>0x0</size>
         <input_file_ref idref="fl-c0"/>
      </object_component>
      <object_component id="oc-40b">
         <name>.stack</name>
         <uninitialized>true</uninitialized>
         <run_address>0x20000000</run_address>
         <size>0x0</size>
      </object_component>
      <object_component id="oc-1a6">
         <name>.debug_info</name>
         <load_address>0x0</load_address>
         <run_address>0x0</run_address>
         <size>0xedb</size>
         <input_file_ref idref="fl-2"/>
      </object_component>
      <object_component id="oc-84">
         <name>.debug_info</name>
         <load_address>0xedb</load_address>
         <run_address>0xedb</run_address>
         <size>0xed</size>
         <input_file_ref idref="fl-2"/>
      </object_component>
      <object_component id="oc-81">
         <name>.debug_info</name>
         <load_address>0xfc8</load_address>
         <run_address>0xfc8</run_address>
         <size>0x181</size>
         <input_file_ref idref="fl-2"/>
      </object_component>
      <object_component id="oc-8c">
         <name>.debug_info</name>
         <load_address>0x1149</load_address>
         <run_address>0x1149</run_address>
         <size>0xd3</size>
         <input_file_ref idref="fl-2"/>
      </object_component>
      <object_component id="oc-8f">
         <name>.debug_info</name>
         <load_address>0x121c</load_address>
         <run_address>0x121c</run_address>
         <size>0xe4</size>
         <input_file_ref idref="fl-2"/>
      </object_component>
      <object_component id="oc-b0">
         <name>.debug_info</name>
         <load_address>0x1300</load_address>
         <run_address>0x1300</run_address>
         <size>0xe0</size>
         <input_file_ref idref="fl-2"/>
      </object_component>
      <object_component id="oc-197">
         <name>.debug_info</name>
         <load_address>0x13e0</load_address>
         <run_address>0x13e0</run_address>
         <size>0xd1</size>
         <input_file_ref idref="fl-2"/>
      </object_component>
      <object_component id="oc-19a">
         <name>.debug_info</name>
         <load_address>0x14b1</load_address>
         <run_address>0x14b1</run_address>
         <size>0xd1</size>
         <input_file_ref idref="fl-2"/>
      </object_component>
      <object_component id="oc-1a9">
         <name>.debug_info</name>
         <load_address>0x1582</load_address>
         <run_address>0x1582</run_address>
         <size>0xcb</size>
         <input_file_ref idref="fl-2"/>
      </object_component>
      <object_component id="oc-19d">
         <name>.debug_info</name>
         <load_address>0x164d</load_address>
         <run_address>0x164d</run_address>
         <size>0xd5</size>
         <input_file_ref idref="fl-2"/>
      </object_component>
      <object_component id="oc-32">
         <name>.debug_info</name>
         <load_address>0x1722</load_address>
         <run_address>0x1722</run_address>
         <size>0x206c</size>
         <input_file_ref idref="fl-2"/>
      </object_component>
      <object_component id="oc-236">
         <name>.debug_info</name>
         <load_address>0x378e</load_address>
         <run_address>0x378e</run_address>
         <size>0x6bd</size>
         <input_file_ref idref="fl-2"/>
      </object_component>
      <object_component id="oc-1b6">
         <name>.debug_info</name>
         <load_address>0x3e4b</load_address>
         <run_address>0x3e4b</run_address>
         <size>0x110</size>
         <input_file_ref idref="fl-2"/>
      </object_component>
      <object_component id="oc-2dd">
         <name>.debug_info</name>
         <load_address>0x3f5b</load_address>
         <run_address>0x3f5b</run_address>
         <size>0x86</size>
         <input_file_ref idref="fl-2"/>
      </object_component>
      <object_component id="oc-1c0">
         <name>.debug_info</name>
         <load_address>0x3fe1</load_address>
         <run_address>0x3fe1</run_address>
         <size>0x189</size>
         <input_file_ref idref="fl-2"/>
      </object_component>
      <object_component id="oc-1b1">
         <name>.debug_info</name>
         <load_address>0x416a</load_address>
         <run_address>0x416a</run_address>
         <size>0x8b</size>
         <input_file_ref idref="fl-2"/>
      </object_component>
      <object_component id="oc-1ac">
         <name>.debug_info</name>
         <load_address>0x41f5</load_address>
         <run_address>0x41f5</run_address>
         <size>0x18b</size>
         <input_file_ref idref="fl-2"/>
      </object_component>
      <object_component id="oc-1bb">
         <name>.debug_info</name>
         <load_address>0x4380</load_address>
         <run_address>0x4380</run_address>
         <size>0x4e</size>
         <input_file_ref idref="fl-2"/>
      </object_component>
      <object_component id="oc-39">
         <name>.debug_info</name>
         <load_address>0x43ce</load_address>
         <run_address>0x43ce</run_address>
         <size>0x33c</size>
         <input_file_ref idref="fl-3"/>
      </object_component>
      <object_component id="oc-10">
         <name>.debug_info</name>
         <load_address>0x470a</load_address>
         <run_address>0x470a</run_address>
         <size>0xf3</size>
         <input_file_ref idref="fl-3"/>
      </object_component>
      <object_component id="oc-2e">
         <name>.debug_info</name>
         <load_address>0x47fd</load_address>
         <run_address>0x47fd</run_address>
         <size>0x277</size>
         <input_file_ref idref="fl-3"/>
      </object_component>
      <object_component id="oc-40">
         <name>.debug_info</name>
         <load_address>0x4a74</load_address>
         <run_address>0x4a74</run_address>
         <size>0x84</size>
         <input_file_ref idref="fl-3"/>
      </object_component>
      <object_component id="oc-235">
         <name>.debug_info</name>
         <load_address>0x4af8</load_address>
         <run_address>0x4af8</run_address>
         <size>0x4e7</size>
         <input_file_ref idref="fl-4"/>
      </object_component>
      <object_component id="oc-232">
         <name>.debug_info</name>
         <load_address>0x4fdf</load_address>
         <run_address>0x4fdf</run_address>
         <size>0x140</size>
         <input_file_ref idref="fl-4"/>
      </object_component>
      <object_component id="oc-1a0">
         <name>.debug_info</name>
         <load_address>0x511f</load_address>
         <run_address>0x511f</run_address>
         <size>0x130</size>
         <input_file_ref idref="fl-4"/>
      </object_component>
      <object_component id="oc-f5">
         <name>.debug_info</name>
         <load_address>0x524f</load_address>
         <run_address>0x524f</run_address>
         <size>0x1424</size>
         <input_file_ref idref="fl-4"/>
      </object_component>
      <object_component id="oc-25">
         <name>.debug_info</name>
         <load_address>0x6673</load_address>
         <run_address>0x6673</run_address>
         <size>0x160</size>
         <input_file_ref idref="fl-c0"/>
      </object_component>
      <object_component id="oc-1cc">
         <name>.debug_info</name>
         <load_address>0x67d3</load_address>
         <run_address>0x67d3</run_address>
         <size>0x293</size>
         <input_file_ref idref="fl-c1"/>
      </object_component>
      <object_component id="oc-14">
         <name>.debug_info</name>
         <load_address>0x6a66</load_address>
         <run_address>0x6a66</run_address>
         <size>0x245</size>
         <input_file_ref idref="fl-c1"/>
      </object_component>
      <object_component id="oc-3b">
         <name>.debug_info</name>
         <load_address>0x6cab</load_address>
         <run_address>0x6cab</run_address>
         <size>0x60</size>
         <input_file_ref idref="fl-c1"/>
      </object_component>
      <object_component id="oc-1c7">
         <name>.debug_info</name>
         <load_address>0x6d0b</load_address>
         <run_address>0x6d0b</run_address>
         <size>0x46</size>
         <input_file_ref idref="fl-c1"/>
      </object_component>
      <object_component id="oc-50">
         <name>.debug_info</name>
         <load_address>0x6d51</load_address>
         <run_address>0x6d51</run_address>
         <size>0x2da</size>
         <input_file_ref idref="fl-c2"/>
      </object_component>
      <object_component id="oc-1a">
         <name>.debug_info</name>
         <load_address>0x702b</load_address>
         <run_address>0x702b</run_address>
         <size>0x1df</size>
         <input_file_ref idref="fl-c2"/>
      </object_component>
      <object_component id="oc-4b">
         <name>.debug_info</name>
         <load_address>0x720a</load_address>
         <run_address>0x720a</run_address>
         <size>0x46</size>
         <input_file_ref idref="fl-c2"/>
      </object_component>
      <object_component id="oc-1ce">
         <name>.debug_info</name>
         <load_address>0x7250</load_address>
         <run_address>0x7250</run_address>
         <size>0x2c</size>
         <input_file_ref idref="fl-c2"/>
      </object_component>
      <object_component id="oc-5c">
         <name>.debug_info</name>
         <load_address>0x727c</load_address>
         <run_address>0x727c</run_address>
         <size>0x2c9</size>
         <input_file_ref idref="fl-c3"/>
      </object_component>
      <object_component id="oc-21">
         <name>.debug_info</name>
         <load_address>0x7545</load_address>
         <run_address>0x7545</run_address>
         <size>0x1aa</size>
         <input_file_ref idref="fl-c3"/>
      </object_component>
      <object_component id="oc-57">
         <name>.debug_info</name>
         <load_address>0x76ef</load_address>
         <run_address>0x76ef</run_address>
         <size>0x46</size>
         <input_file_ref idref="fl-c3"/>
      </object_component>
      <object_component id="oc-1d6">
         <name>.debug_info</name>
         <load_address>0x7735</load_address>
         <run_address>0x7735</run_address>
         <size>0x2c</size>
         <input_file_ref idref="fl-c3"/>
      </object_component>
      <object_component id="oc-1f6">
         <name>.debug_info</name>
         <load_address>0x7761</load_address>
         <run_address>0x7761</run_address>
         <size>0x3ce</size>
         <input_file_ref idref="fl-c4"/>
      </object_component>
      <object_component id="oc-1f0">
         <name>.debug_info</name>
         <load_address>0x7b2f</load_address>
         <run_address>0x7b2f</run_address>
         <size>0x185</size>
         <input_file_ref idref="fl-c4"/>
      </object_component>
      <object_component id="oc-79">
         <name>.debug_info</name>
         <load_address>0x7cb4</load_address>
         <run_address>0x7cb4</run_address>
         <size>0x214</size>
         <input_file_ref idref="fl-c4"/>
      </object_component>
      <object_component id="oc-46">
         <name>.debug_info</name>
         <load_address>0x7ec8</load_address>
         <run_address>0x7ec8</run_address>
         <size>0x111</size>
         <input_file_ref idref="fl-c5"/>
      </object_component>
      <object_component id="oc-54">
         <name>.debug_info</name>
         <load_address>0x7fd9</load_address>
         <run_address>0x7fd9</run_address>
         <size>0x13f</size>
         <input_file_ref idref="fl-c6"/>
      </object_component>
      <object_component id="oc-5f">
         <name>.debug_info</name>
         <load_address>0x8118</load_address>
         <run_address>0x8118</run_address>
         <size>0x138</size>
         <input_file_ref idref="fl-c7"/>
      </object_component>
      <object_component id="oc-67">
         <name>.debug_info</name>
         <load_address>0x8250</load_address>
         <run_address>0x8250</run_address>
         <size>0x148</size>
         <input_file_ref idref="fl-c8"/>
      </object_component>
      <object_component id="oc-286">
         <name>.debug_info</name>
         <load_address>0x8398</load_address>
         <run_address>0x8398</run_address>
         <size>0x355</size>
         <input_file_ref idref="fl-c9"/>
      </object_component>
      <object_component id="oc-180">
         <name>.debug_info</name>
         <load_address>0x86ed</load_address>
         <run_address>0x86ed</run_address>
         <size>0x2e4</size>
         <input_file_ref idref="fl-c9"/>
      </object_component>
      <object_component id="oc-373">
         <name>.debug_info</name>
         <load_address>0x89d1</load_address>
         <run_address>0x89d1</run_address>
         <size>0x2c</size>
         <input_file_ref idref="fl-c9"/>
      </object_component>
      <object_component id="oc-7c">
         <name>.debug_info</name>
         <load_address>0x89fd</load_address>
         <run_address>0x89fd</run_address>
         <size>0x109</size>
         <input_file_ref idref="fl-ca"/>
      </object_component>
      <object_component id="oc-87">
         <name>.debug_info</name>
         <load_address>0x8b06</load_address>
         <run_address>0x8b06</run_address>
         <size>0x13a</size>
         <input_file_ref idref="fl-cb"/>
      </object_component>
      <object_component id="oc-2d0">
         <name>.debug_info</name>
         <load_address>0x8c40</load_address>
         <run_address>0x8c40</run_address>
         <size>0x2be</size>
         <input_file_ref idref="fl-cc"/>
      </object_component>
      <object_component id="oc-1f3">
         <name>.debug_info</name>
         <load_address>0x8efe</load_address>
         <run_address>0x8efe</run_address>
         <size>0x113</size>
         <input_file_ref idref="fl-cc"/>
      </object_component>
      <object_component id="oc-2ca">
         <name>.debug_info</name>
         <load_address>0x9011</load_address>
         <run_address>0x9011</run_address>
         <size>0x21f</size>
         <input_file_ref idref="fl-cc"/>
      </object_component>
      <object_component id="oc-368">
         <name>.debug_info</name>
         <load_address>0x9230</load_address>
         <run_address>0x9230</run_address>
         <size>0x51f</size>
         <input_file_ref idref="fl-cd"/>
      </object_component>
      <object_component id="oc-280">
         <name>.debug_info</name>
         <load_address>0x974f</load_address>
         <run_address>0x974f</run_address>
         <size>0x1543</size>
         <input_file_ref idref="fl-cd"/>
      </object_component>
      <object_component id="oc-369">
         <name>.debug_info</name>
         <load_address>0xac92</load_address>
         <run_address>0xac92</run_address>
         <size>0x86</size>
         <input_file_ref idref="fl-cd"/>
      </object_component>
      <object_component id="oc-3c9">
         <name>.debug_info</name>
         <load_address>0xad18</load_address>
         <run_address>0xad18</run_address>
         <size>0x46</size>
         <input_file_ref idref="fl-cd"/>
      </object_component>
      <object_component id="oc-36e">
         <name>.debug_info</name>
         <load_address>0xad5e</load_address>
         <run_address>0xad5e</run_address>
         <size>0x39</size>
         <input_file_ref idref="fl-cd"/>
      </object_component>
      <object_component id="oc-1ee">
         <name>.debug_info</name>
         <load_address>0xad97</load_address>
         <run_address>0xad97</run_address>
         <size>0x300</size>
         <input_file_ref idref="fl-ce"/>
      </object_component>
      <object_component id="oc-70">
         <name>.debug_info</name>
         <load_address>0xb097</load_address>
         <run_address>0xb097</run_address>
         <size>0x167</size>
         <input_file_ref idref="fl-ce"/>
      </object_component>
      <object_component id="oc-2c1">
         <name>.debug_info</name>
         <load_address>0xb1fe</load_address>
         <run_address>0xb1fe</run_address>
         <size>0x5e</size>
         <input_file_ref idref="fl-ce"/>
      </object_component>
      <object_component id="oc-3c4">
         <name>.debug_info</name>
         <load_address>0xb25c</load_address>
         <run_address>0xb25c</run_address>
         <size>0x2ae</size>
         <input_file_ref idref="fl-cf"/>
      </object_component>
      <object_component id="oc-35f">
         <name>.debug_info</name>
         <load_address>0xb50a</load_address>
         <run_address>0xb50a</run_address>
         <size>0x171</size>
         <input_file_ref idref="fl-cf"/>
      </object_component>
      <object_component id="oc-1ec">
         <name>.debug_info</name>
         <load_address>0xb67b</load_address>
         <run_address>0xb67b</run_address>
         <size>0x483</size>
         <input_file_ref idref="fl-d0"/>
      </object_component>
      <object_component id="oc-6c">
         <name>.debug_info</name>
         <load_address>0xbafe</load_address>
         <run_address>0xbafe</run_address>
         <size>0x190</size>
         <input_file_ref idref="fl-d0"/>
      </object_component>
      <object_component id="oc-2b5">
         <name>.debug_info</name>
         <load_address>0xbc8e</load_address>
         <run_address>0xbc8e</run_address>
         <size>0x39</size>
         <input_file_ref idref="fl-d0"/>
      </object_component>
      <object_component id="oc-394">
         <name>.debug_info</name>
         <load_address>0xbcc7</load_address>
         <run_address>0xbcc7</run_address>
         <size>0x39</size>
         <input_file_ref idref="fl-d0"/>
      </object_component>
      <object_component id="oc-2ba">
         <name>.debug_info</name>
         <load_address>0xbd00</load_address>
         <run_address>0xbd00</run_address>
         <size>0xcd</size>
         <input_file_ref idref="fl-d0"/>
      </object_component>
      <object_component id="oc-2b1">
         <name>.debug_info</name>
         <load_address>0xbdcd</load_address>
         <run_address>0xbdcd</run_address>
         <size>0x37a</size>
         <input_file_ref idref="fl-d1"/>
      </object_component>
      <object_component id="oc-1e2">
         <name>.debug_info</name>
         <load_address>0xc147</load_address>
         <run_address>0xc147</run_address>
         <size>0x183</size>
         <input_file_ref idref="fl-d1"/>
      </object_component>
      <object_component id="oc-38f">
         <name>.debug_info</name>
         <load_address>0xc2ca</load_address>
         <run_address>0xc2ca</run_address>
         <size>0x2c</size>
         <input_file_ref idref="fl-d1"/>
      </object_component>
      <object_component id="oc-3e1">
         <name>.debug_info</name>
         <load_address>0xc2f6</load_address>
         <run_address>0xc2f6</run_address>
         <size>0xee</size>
         <input_file_ref idref="fl-d2"/>
      </object_component>
      <object_component id="oc-3c1">
         <name>.debug_info</name>
         <load_address>0xc3e4</load_address>
         <run_address>0xc3e4</run_address>
         <size>0xfa</size>
         <input_file_ref idref="fl-d2"/>
      </object_component>
      <object_component id="oc-347">
         <name>.debug_info</name>
         <load_address>0xc4de</load_address>
         <run_address>0xc4de</run_address>
         <size>0x144</size>
         <input_file_ref idref="fl-d3"/>
      </object_component>
      <object_component id="oc-323">
         <name>.debug_info</name>
         <load_address>0xc622</load_address>
         <run_address>0xc622</run_address>
         <size>0x120</size>
         <input_file_ref idref="fl-d4"/>
      </object_component>
      <object_component id="oc-330">
         <name>.debug_info</name>
         <load_address>0xc742</load_address>
         <run_address>0xc742</run_address>
         <size>0x122</size>
         <input_file_ref idref="fl-d4"/>
      </object_component>
      <object_component id="oc-32b">
         <name>.debug_info</name>
         <load_address>0xc864</load_address>
         <run_address>0xc864</run_address>
         <size>0x132</size>
         <input_file_ref idref="fl-d5"/>
      </object_component>
      <object_component id="oc-326">
         <name>.debug_info</name>
         <load_address>0xc996</load_address>
         <run_address>0xc996</run_address>
         <size>0x132</size>
         <input_file_ref idref="fl-d6"/>
      </object_component>
      <object_component id="oc-337">
         <name>.debug_info</name>
         <load_address>0xcac8</load_address>
         <run_address>0xcac8</run_address>
         <size>0x126</size>
         <input_file_ref idref="fl-d7"/>
      </object_component>
      <object_component id="oc-201">
         <name>.debug_info</name>
         <load_address>0xcbee</load_address>
         <run_address>0xcbee</run_address>
         <size>0x147</size>
         <input_file_ref idref="fl-d8"/>
      </object_component>
      <object_component id="oc-341">
         <name>.debug_info</name>
         <load_address>0xcd35</load_address>
         <run_address>0xcd35</run_address>
         <size>0x124</size>
         <input_file_ref idref="fl-d9"/>
      </object_component>
      <object_component id="oc-3a9">
         <name>.debug_info</name>
         <load_address>0xce59</load_address>
         <run_address>0xce59</run_address>
         <size>0x2e6</size>
         <input_file_ref idref="fl-da"/>
      </object_component>
      <object_component id="oc-33c">
         <name>.debug_info</name>
         <load_address>0xd13f</load_address>
         <run_address>0xd13f</run_address>
         <size>0x1c2</size>
         <input_file_ref idref="fl-da"/>
      </object_component>
      <object_component id="oc-3c6">
         <name>.debug_info</name>
         <load_address>0xd301</load_address>
         <run_address>0xd301</run_address>
         <size>0x28b</size>
         <input_file_ref idref="fl-db"/>
      </object_component>
      <object_component id="oc-362">
         <name>.debug_info</name>
         <load_address>0xd58c</load_address>
         <run_address>0xd58c</run_address>
         <size>0x1ab</size>
         <input_file_ref idref="fl-db"/>
      </object_component>
      <object_component id="oc-3ad">
         <name>.debug_info</name>
         <load_address>0xd737</load_address>
         <run_address>0xd737</run_address>
         <size>0x2d9</size>
         <input_file_ref idref="fl-dc"/>
      </object_component>
      <object_component id="oc-34d">
         <name>.debug_info</name>
         <load_address>0xda10</load_address>
         <run_address>0xda10</run_address>
         <size>0x18a</size>
         <input_file_ref idref="fl-dc"/>
      </object_component>
      <object_component id="oc-3ae">
         <name>.debug_info</name>
         <load_address>0xdb9a</load_address>
         <run_address>0xdb9a</run_address>
         <size>0x2c</size>
         <input_file_ref idref="fl-dc"/>
      </object_component>
      <object_component id="oc-3bd">
         <name>.debug_info</name>
         <load_address>0xdbc6</load_address>
         <run_address>0xdbc6</run_address>
         <size>0x316</size>
         <input_file_ref idref="fl-dd"/>
      </object_component>
      <object_component id="oc-350">
         <name>.debug_info</name>
         <load_address>0xdedc</load_address>
         <run_address>0xdedc</run_address>
         <size>0x1d5</size>
         <input_file_ref idref="fl-dd"/>
      </object_component>
      <object_component id="oc-1e6">
         <name>.debug_info</name>
         <load_address>0xe0b1</load_address>
         <run_address>0xe0b1</run_address>
         <size>0x145</size>
         <input_file_ref idref="fl-de"/>
      </object_component>
      <object_component id="oc-3bf">
         <name>.debug_info</name>
         <load_address>0xe1f6</load_address>
         <run_address>0xe1f6</run_address>
         <size>0x28f</size>
         <input_file_ref idref="fl-df"/>
      </object_component>
      <object_component id="oc-358">
         <name>.debug_info</name>
         <load_address>0xe485</load_address>
         <run_address>0xe485</run_address>
         <size>0x244</size>
         <input_file_ref idref="fl-df"/>
      </object_component>
      <object_component id="oc-3a2">
         <name>.debug_info</name>
         <load_address>0xe6c9</load_address>
         <run_address>0xe6c9</run_address>
         <size>0x284</size>
         <input_file_ref idref="fl-e0"/>
      </object_component>
      <object_component id="oc-31c">
         <name>.debug_info</name>
         <load_address>0xe94d</load_address>
         <run_address>0xe94d</run_address>
         <size>0x22a</size>
         <input_file_ref idref="fl-e0"/>
      </object_component>
      <object_component id="oc-318">
         <name>.debug_info</name>
         <load_address>0xeb77</load_address>
         <run_address>0xeb77</run_address>
         <size>0x17d</size>
         <input_file_ref idref="fl-e1"/>
      </object_component>
      <object_component id="oc-3ba">
         <name>.debug_info</name>
         <load_address>0xecf4</load_address>
         <run_address>0xecf4</run_address>
         <size>0xf3</size>
         <input_file_ref idref="fl-e2"/>
      </object_component>
      <object_component id="oc-3b6">
         <name>.debug_info</name>
         <load_address>0xede7</load_address>
         <run_address>0xede7</run_address>
         <size>0x156</size>
         <input_file_ref idref="fl-e3"/>
      </object_component>
      <object_component id="oc-245">
         <name>.debug_info</name>
         <load_address>0xef3d</load_address>
         <run_address>0xef3d</run_address>
         <size>0x464</size>
         <input_file_ref idref="fl-e4"/>
      </object_component>
      <object_component id="oc-242">
         <name>.debug_info</name>
         <load_address>0xf3a1</load_address>
         <run_address>0xf3a1</run_address>
         <size>0x167</size>
         <input_file_ref idref="fl-e4"/>
      </object_component>
      <object_component id="oc-fc">
         <name>.debug_info</name>
         <load_address>0xf508</load_address>
         <run_address>0xf508</run_address>
         <size>0x27d</size>
         <input_file_ref idref="fl-e4"/>
      </object_component>
      <object_component id="oc-24f">
         <name>.debug_info</name>
         <load_address>0xf785</load_address>
         <run_address>0xf785</run_address>
         <size>0x51c</size>
         <input_file_ref idref="fl-e5"/>
      </object_component>
      <object_component id="oc-288">
         <name>.debug_info</name>
         <load_address>0xfca1</load_address>
         <run_address>0xfca1</run_address>
         <size>0x2fe</size>
         <input_file_ref idref="fl-e5"/>
      </object_component>
      <object_component id="oc-37c">
         <name>.debug_info</name>
         <load_address>0xff9f</load_address>
         <run_address>0xff9f</run_address>
         <size>0x315</size>
         <input_file_ref idref="fl-e5"/>
      </object_component>
      <object_component id="oc-382">
         <name>.debug_info</name>
         <load_address>0x102b4</load_address>
         <run_address>0x102b4</run_address>
         <size>0x34b</size>
         <input_file_ref idref="fl-e5"/>
      </object_component>
      <object_component id="oc-28e">
         <name>.debug_info</name>
         <load_address>0x105ff</load_address>
         <run_address>0x105ff</run_address>
         <size>0x2cc</size>
         <input_file_ref idref="fl-e5"/>
      </object_component>
      <object_component id="oc-294">
         <name>.debug_info</name>
         <load_address>0x108cb</load_address>
         <run_address>0x108cb</run_address>
         <size>0x341</size>
         <input_file_ref idref="fl-e5"/>
      </object_component>
      <object_component id="oc-185">
         <name>.debug_info</name>
         <load_address>0x10c0c</load_address>
         <run_address>0x10c0c</run_address>
         <size>0x450</size>
         <input_file_ref idref="fl-e5"/>
      </object_component>
      <object_component id="oc-191">
         <name>.debug_info</name>
         <load_address>0x1105c</load_address>
         <run_address>0x1105c</run_address>
         <size>0x2b7</size>
         <input_file_ref idref="fl-e5"/>
      </object_component>
      <object_component id="oc-302">
         <name>.debug_info</name>
         <load_address>0x11313</load_address>
         <run_address>0x11313</run_address>
         <size>0x254</size>
         <input_file_ref idref="fl-e5"/>
      </object_component>
      <object_component id="oc-249">
         <name>.debug_info</name>
         <load_address>0x11567</load_address>
         <run_address>0x11567</run_address>
         <size>0x2b6</size>
         <input_file_ref idref="fl-e5"/>
      </object_component>
      <object_component id="oc-2f1">
         <name>.debug_info</name>
         <load_address>0x1181d</load_address>
         <run_address>0x1181d</run_address>
         <size>0x47f</size>
         <input_file_ref idref="fl-e5"/>
      </object_component>
      <object_component id="oc-18b">
         <name>.debug_info</name>
         <load_address>0x11c9c</load_address>
         <run_address>0x11c9c</run_address>
         <size>0x2c0</size>
         <input_file_ref idref="fl-e5"/>
      </object_component>
      <object_component id="oc-23c">
         <name>.debug_info</name>
         <load_address>0x11f5c</load_address>
         <run_address>0x11f5c</run_address>
         <size>0x4bd</size>
         <input_file_ref idref="fl-e5"/>
      </object_component>
      <object_component id="oc-101">
         <name>.debug_info</name>
         <load_address>0x12419</load_address>
         <run_address>0x12419</run_address>
         <size>0x28d</size>
         <input_file_ref idref="fl-e5"/>
      </object_component>
      <object_component id="oc-2a9">
         <name>.debug_info</name>
         <load_address>0x126a6</load_address>
         <run_address>0x126a6</run_address>
         <size>0x35e</size>
         <input_file_ref idref="fl-e6"/>
      </object_component>
      <object_component id="oc-2a5">
         <name>.debug_info</name>
         <load_address>0x12a04</load_address>
         <run_address>0x12a04</run_address>
         <size>0x151</size>
         <input_file_ref idref="fl-e6"/>
      </object_component>
      <object_component id="oc-1a3">
         <name>.debug_info</name>
         <load_address>0x12b55</load_address>
         <run_address>0x12b55</run_address>
         <size>0x14c</size>
         <input_file_ref idref="fl-e6"/>
      </object_component>
      <object_component id="oc-39e">
         <name>.debug_info</name>
         <load_address>0x12ca1</load_address>
         <run_address>0x12ca1</run_address>
         <size>0x3cd</size>
         <input_file_ref idref="fl-e7"/>
      </object_component>
      <object_component id="oc-2f8">
         <name>.debug_info</name>
         <load_address>0x1306e</load_address>
         <run_address>0x1306e</run_address>
         <size>0x2b1</size>
         <input_file_ref idref="fl-e7"/>
      </object_component>
      <object_component id="oc-261">
         <name>.debug_info</name>
         <load_address>0x1331f</load_address>
         <run_address>0x1331f</run_address>
         <size>0x385</size>
         <input_file_ref idref="fl-e8"/>
      </object_component>
      <object_component id="oc-263">
         <name>.debug_info</name>
         <load_address>0x136a4</load_address>
         <run_address>0x136a4</run_address>
         <size>0x112</size>
         <input_file_ref idref="fl-e8"/>
      </object_component>
      <object_component id="oc-255">
         <name>.debug_info</name>
         <load_address>0x137b6</load_address>
         <run_address>0x137b6</run_address>
         <size>0x21c</size>
         <input_file_ref idref="fl-e8"/>
      </object_component>
      <object_component id="oc-25b">
         <name>.debug_info</name>
         <load_address>0x139d2</load_address>
         <run_address>0x139d2</run_address>
         <size>0x27f</size>
         <input_file_ref idref="fl-e8"/>
      </object_component>
      <object_component id="oc-119">
         <name>.debug_info</name>
         <load_address>0x13c51</load_address>
         <run_address>0x13c51</run_address>
         <size>0x1fb</size>
         <input_file_ref idref="fl-e8"/>
      </object_component>
      <object_component id="oc-11f">
         <name>.debug_info</name>
         <load_address>0x13e4c</load_address>
         <run_address>0x13e4c</run_address>
         <size>0x1e9</size>
         <input_file_ref idref="fl-e8"/>
      </object_component>
      <object_component id="oc-274">
         <name>.debug_info</name>
         <load_address>0x14035</load_address>
         <run_address>0x14035</run_address>
         <size>0x353</size>
         <input_file_ref idref="fl-e9"/>
      </object_component>
      <object_component id="oc-271">
         <name>.debug_info</name>
         <load_address>0x14388</load_address>
         <run_address>0x14388</run_address>
         <size>0x109</size>
         <input_file_ref idref="fl-e9"/>
      </object_component>
      <object_component id="oc-9e">
         <name>.debug_info</name>
         <load_address>0x14491</load_address>
         <run_address>0x14491</run_address>
         <size>0x1a7</size>
         <input_file_ref idref="fl-e9"/>
      </object_component>
      <object_component id="oc-98">
         <name>.debug_info</name>
[...]
         <value>0x40d5</value>
         <object_component_ref idref="oc-24"/>
      </symbol>
      <symbol id="sm-25b">
         <name>__stack</name>
         <value>0x20000000</value>
         <object_component_ref idref="oc-2a"/>
      </symbol>
      <symbol id="sm-279">
         <name>__TI_decompress_lzss</name>
         <value>0x3eed</value>
         <object_component_ref idref="oc-12"/>
      </symbol>
      <symbol id="sm-290">
         <name>__TI_decompress_none</name>
         <value>0x48a3</value>
         <object_component_ref idref="oc-18"/>
      </symbol>
      <symbol id="sm-2a7">
         <name>__TI_zero_init</name>
         <value>0x48c9</value>
         <object_component_ref idref="oc-1e"/>
      </symbol>
      <symbol id="sm-2c8">
         <name>C$$EXIT</name>
         <value>0x4129</value>
         <object_component_ref idref="oc-75"/>
      </symbol>
      <symbol id="sm-2c9">
         <name>abort</name>
         <value>0x412d</value>
         <object_component_ref idref="oc-75"/>
      </symbol>
      <symbol id="sm-2ca">
         <name>exit</name>
         <value>0x4135</value>
         <object_component_ref idref="oc-75"/>
      </symbol>
      <symbol id="sm-2cb">
         <name>__TI_dtors_ptr</name>
         <value>0x20000d7c</value>
         <object_component_ref idref="oc-1ef"/>
      </symbol>
      <symbol id="sm-2cc">
         <name>__TI_cleanup_ptr</name>
         <value>0x20000d78</value>
         <object_component_ref idref="oc-1ef"/>
      </symbol>
      <symbol id="sm-2cd">
         <name>__TI_enable_exit_profile_output</name>
         <value>0x20000d80</value>
         <object_component_ref idref="oc-1ef"/>
      </symbol>
      <symbol id="sm-2e8">
         <name>memcpy</name>
         <value>0x3aa1</value>
         <object_component_ref idref="oc-45"/>
      </symbol>
      <symbol id="sm-2e9">
         <name>__aeabi_memcpy</name>
         <value>0x3aa1</value>
         <object_component_ref idref="oc-45"/>
      </symbol>
      <symbol id="sm-2ea">
         <name>__aeabi_memcpy8</name>
         <value>0x3aa1</value>
         <object_component_ref idref="oc-45"/>
      </symbol>
      <symbol id="sm-2eb">
         <name>__aeabi_memcpy4</name>
         <value>0x3aa1</value>
         <object_component_ref idref="oc-45"/>
      </symbol>
      <symbol id="sm-2fa">
         <name>__aeabi_memset</name>
         <value>0x3ccb</value>
         <object_component_ref idref="oc-51"/>
      </symbol>
      <symbol id="sm-2fb">
         <name>memset</name>
         <value>0x3cd1</value>
         <object_component_ref idref="oc-51"/>
      </symbol>
      <symbol id="sm-2fc">
         <name>__aeabi_memset8</name>
         <value>0x3ccb</value>
         <object_component_ref idref="oc-51"/>
      </symbol>
      <symbol id="sm-2fd">
         <name>__aeabi_memset4</name>
         <value>0x3ccb</value>
         <object_component_ref idref="oc-51"/>
      </symbol>
      <symbol id="sm-2fe">
         <name>__aeabi_memclr8</name>
         <value>0x3cc9</value>
         <object_component_ref idref="oc-51"/>
      </symbol>
      <symbol id="sm-2ff">
         <name>__aeabi_memclr4</name>
         <value>0x3cc9</value>
         <object_component_ref idref="oc-51"/>
      </symbol>
      <symbol id="sm-300">
         <name>__aeabi_memclr</name>
         <value>0x3cc9</value>
         <object_component_ref idref="oc-51"/>
      </symbol>
      <symbol id="sm-30a">
         <name>__mpu_init</name>
         <value>0x35e3</value>
         <object_component_ref idref="oc-5d"/>
      </symbol>
      <symbol id="sm-314">
         <name>_system_pre_init</name>
         <value>0x4941</value>
         <object_component_ref idref="oc-63"/>
      </symbol>
      <symbol id="sm-32d">
         <name>sprintf</name>
         <value>0x4019</value>
         <object_component_ref idref="oc-17e"/>
      </symbol>
      <symbol id="sm-335">
         <name>main_func_sp</name>
         <value>0x20000d90</value>
         <object_component_ref idref="oc-7b"/>
      </symbol>
      <symbol id="sm-344">
         <name>__aeabi_uidivmod</name>
         <value>0x4465</value>
         <object_component_ref idref="oc-86"/>
      </symbol>
      <symbol id="sm-345">
         <name>__aeabi_uidiv</name>
         <value>0x4465</value>
         <object_component_ref idref="oc-86"/>
      </symbol>
      <symbol id="sm-35e">
         <name>_nop</name>
         <value>0x4813</value>
         <object_component_ref idref="oc-2c8"/>
      </symbol>
      <symbol id="sm-35f">
         <name>_lock</name>
         <value>0x20000d84</value>
         <object_component_ref idref="oc-1f2"/>
      </symbol>
      <symbol id="sm-360">
         <name>_unlock</name>
         <value>0x20000d88</value>
         <object_component_ref idref="oc-1f2"/>
      </symbol>
      <symbol id="sm-361">
         <name>_register_lock</name>
         <value>0x480b</value>
         <object_component_ref idref="oc-2c8"/>
      </symbol>
      <symbol id="sm-362">
         <name>_register_unlock</name>
         <value>0x4805</value>
         <object_component_ref idref="oc-2c8"/>
      </symbol>
      <symbol id="sm-463">
         <name>__TI_printfi</name>
         <value>0x1e05</value>
         <object_component_ref idref="oc-27f"/>
      </symbol>
      <symbol id="sm-477">
         <name>_args_main</name>
         <value>0x4755</value>
         <object_component_ref idref="oc-6f"/>
      </symbol>
      <symbol id="sm-48d">
         <name>atoi</name>
         <value>0x421d</value>
         <object_component_ref idref="oc-35b"/>
      </symbol>
      <symbol id="sm-4b7">
         <name>__TI_auto_init</name>
         <value>0x3d45</value>
         <object_component_ref idref="oc-69"/>
      </symbol>
      <symbol id="sm-4d1">
         <name>copy_in</name>
         <value>0x4269</value>
         <object_component_ref idref="oc-1df"/>
      </symbol>
      <symbol id="sm-4dc">
         <name>_ctypes_</name>
         <value>0x4ea3</value>
         <object_component_ref idref="oc-3c0"/>
      </symbol>
      <symbol id="sm-4f3">
         <name>__aeabi_dsub</name>
         <value>0x31c5</value>
         <object_component_ref idref="oc-344"/>
      </symbol>
      <symbol id="sm-4f4">
         <name>__aeabi_dadd</name>
         <value>0x31cf</value>
         <object_component_ref idref="oc-344"/>
      </symbol>
      <symbol id="sm-516">
         <name>__aeabi_cdcmpeq</name>
         <value>0x3b3d</value>
         <object_component_ref idref="oc-320"/>
      </symbol>
      <symbol id="sm-517">
         <name>__aeabi_cdcmple</name>
         <value>0x3b3d</value>
         <object_component_ref idref="oc-320"/>
      </symbol>
      <symbol id="sm-518">
         <name>__aeabi_cdrcmple</name>
         <value>0x3bc3</value>
         <object_component_ref idref="oc-32f"/>
      </symbol>
      <symbol id="sm-52c">
         <name>__aeabi_ddiv</name>
         <value>0x337b</value>
         <object_component_ref idref="oc-32a"/>
      </symbol>
      <symbol id="sm-537">
         <name>__aeabi_dmul</name>
         <value>0x36f5</value>
         <object_component_ref idref="oc-325"/>
      </symbol>
      <symbol id="sm-541">
         <name>__aeabi_d2iz</name>
         <value>0x4349</value>
         <object_component_ref idref="oc-334"/>
      </symbol>
      <symbol id="sm-54b">
         <name>__aeabi_idiv0</name>
         <value>0x26ff</value>
         <object_component_ref idref="oc-1fe"/>
      </symbol>
      <symbol id="sm-555">
         <name>__aeabi_i2d</name>
         <value>0x45af</value>
         <object_component_ref idref="oc-33f"/>
      </symbol>
      <symbol id="sm-564">
         <name>ltoa</name>
         <value>0x417d</value>
         <object_component_ref idref="oc-339"/>
      </symbol>
      <symbol id="sm-574">
         <name>memccpy</name>
         <value>0x4737</value>
         <object_component_ref idref="oc-361"/>
      </symbol>
      <symbol id="sm-58f">
         <name>frexpl</name>
         <value>0x3f55</value>
         <object_component_ref idref="oc-349"/>
      </symbol>
      <symbol id="sm-590">
         <name>frexp</name>
         <value>0x3f55</value>
         <object_component_ref idref="oc-349"/>
      </symbol>
      <symbol id="sm-5ad">
         <name>scalbn</name>
         <value>0x37f1</value>
         <object_component_ref idref="oc-34f"/>
      </symbol>
      <symbol id="sm-5ae">
         <name>scalbnl</name>
         <value>0x37f1</value>
         <object_component_ref idref="oc-34f"/>
      </symbol>
      <symbol id="sm-5af">
         <name>ldexpl</name>
         <value>0x37f1</value>
         <object_component_ref idref="oc-34f"/>
      </symbol>
      <symbol id="sm-5b0">
         <name>ldexp</name>
         <value>0x37f1</value>
         <object_component_ref idref="oc-34f"/>
      </symbol>
      <symbol id="sm-5ba">
         <name>_system_post_cinit</name>
         <value>0x3d43</value>
         <object_component_ref idref="oc-1e5"/>
      </symbol>
      <symbol id="sm-5ca">
         <name>strchr</name>
         <value>0x47b1</value>
         <object_component_ref idref="oc-355"/>
      </symbol>
      <symbol id="sm-5d8">
         <name>strlen</name>
         <value>0x482d</value>
         <object_component_ref idref="oc-31a"/>
      </symbol>
      <symbol id="sm-5f4">
         <name>__aeabi_uldivmod</name>
         <value>0x2fd1</value>
         <object_component_ref idref="oc-315"/>
      </symbol>
      <symbol id="sm-5fc">
         <name>errno</name>
         <value>0x20000d8c</value>
         <object_component_ref idref="oc-3b9"/>
      </symbol>
      <symbol id="sm-606">
         <name>copysign</name>
         <value>0x4819</value>
         <object_component_ref idref="oc-3b3"/>
      </symbol>
      <symbol id="sm-607">
         <name>copysignl</name>
         <value>0x4819</value>
         <object_component_ref idref="oc-3b3"/>
      </symbol>
      <symbol id="sm-622">
         <name>GrContextInit</name>
         <value>0x3db5</value>
         <object_component_ref idref="oc-fa"/>
      </symbol>
      <symbol id="sm-623">
         <name>g_psDefaultCodePointMapTable</name>
         <value>0x5200</value>
         <object_component_ref idref="oc-241"/>
      </symbol>
      <symbol id="sm-6c6">
         <name>GrFontInfoGet</name>
         <value>0x4689</value>
         <object_component_ref idref="oc-293"/>
      </symbol>
      <symbol id="sm-6c7">
         <name>GrDefaultStringRenderer</name>
         <value>0x39e1</value>
         <object_component_ref idref="oc-23b"/>
      </symbol>
      <symbol id="sm-6c8">
         <name>GrFontGlyphRender</name>
         <value>0x2d7d</value>
         <object_component_ref idref="oc-2f0"/>
      </symbol>
      <symbol id="sm-6c9">
         <name>GrContextFontSet</name>
         <value>0x4927</value>
         <object_component_ref idref="oc-100"/>
      </symbol>
      <symbol id="sm-6ca">
         <name>GrFontGlyphDataGet</name>
         <value>0x46d5</value>
         <object_component_ref idref="oc-28d"/>
      </symbol>
      <symbol id="sm-6cb">
         <name>GrStringDraw</name>
         <value>0x479b</value>
         <object_component_ref idref="oc-190"/>
      </symbol>
      <symbol id="sm-6cc">
         <name>GrFontCodepageGet</name>
         <value>0x4719</value>
         <object_component_ref idref="oc-301"/>
      </symbol>
      <symbol id="sm-6cd">
         <name>GrStringNextCharGet</name>
         <value>0x4581</value>
         <object_component_ref idref="oc-287"/>
      </symbol>
      <symbol id="sm-6ce">
         <name>GrStringWidthGet</name>
         <value>0x3e1d</value>
         <object_component_ref idref="oc-184"/>
      </symbol>
      <symbol id="sm-6cf">
         <name>GrFontBaselineGet</name>
         <value>0x4609</value>
         <object_component_ref idref="oc-18a"/>
      </symbol>
      <symbol id="sm-6e1">
         <name>g_sFontCm12</name>
         <value>0x4fa4</value>
         <object_component_ref idref="oc-1a2"/>
      </symbol>
      <symbol id="sm-6ee">
         <name>GrMapISO8859_1_Unicode</name>
         <value>0x490f</value>
         <object_component_ref idref="oc-2f7"/>
      </symbol>
      <symbol id="sm-721">
         <name>GPIOPinConfigure</name>
         <value>0x41d1</value>
         <object_component_ref idref="oc-11e"/>
      </symbol>
      <symbol id="sm-722">
         <name>GPIOPinTypeUART</name>
         <value>0x4785</value>
         <object_component_ref idref="oc-118"/>
      </symbol>
      <symbol id="sm-723">
         <name>GPIODirModeSet</name>
         <value>0x45dd</value>
         <object_component_ref idref="oc-254"/>
      </symbol>
      <symbol id="sm-724">
         <name>GPIOPadConfigSet</name>
         <value>0x34b1</value>
         <object_component_ref idref="oc-25a"/>
      </symbol>
      <symbol id="sm-755">
         <name>IntEnable</name>
         <value>0x3e85</value>
         <object_component_ref idref="oc-13c"/>
      </symbol>
      <symbol id="sm-756">
         <name>IntMasterDisable</name>
         <value>0x4853</value>
         <object_component_ref idref="oc-97"/>
      </symbol>
      <symbol id="sm-757">
         <name>IntMasterEnable</name>
         <value>0x4863</value>
         <object_component_ref idref="oc-9d"/>
      </symbol>
      <symbol id="sm-7ca">
         <name>SysCtlClockSet</name>
         <value>0x38ed</value>
         <object_component_ref idref="oc-d0"/>
      </symbol>
      <symbol id="sm-7cb">
         <name>SysCtlPeripheralClockGating</name>
         <value>0x4301</value>
         <object_component_ref idref="oc-d6"/>
      </symbol>
      <symbol id="sm-7cc">
         <name>SysCtlDelay</name>
         <value>0x492d</value>
         <object_component_ref idref="oc-225"/>
      </symbol>
      <symbol id="sm-7cd">
         <name>SysCtlPeripheralEnable</name>
         <value>0x4519</value>
         <object_component_ref idref="oc-106"/>
      </symbol>
      <symbol id="sm-7ce">
         <name>SysCtlClockGet</name>
         <value>0x35e5</value>
         <object_component_ref idref="oc-dc"/>
      </symbol>
      <symbol id="sm-7cf">
         <name>SysCtlPeripheralSleepEnable</name>
         <value>0x454d</value>
         <object_component_ref idref="oc-112"/>
      </symbol>
      <symbol id="sm-7d0">
         <name>SysCtlPeripheralReady</name>
         <value>0x44e1</value>
         <object_component_ref idref="oc-10c"/>
      </symbol>
      <symbol id="sm-7f3">
         <name>SysTickEnable</name>
         <value>0x47c9</value>
         <object_component_ref idref="oc-ee"/>
      </symbol>
      <symbol id="sm-7f4">
         <name>SysTickIntEnable</name>
         <value>0x47dd</value>
         <object_component_ref idref="oc-e8"/>
      </symbol>
      <symbol id="sm-7f5">
         <name>SysTickPeriodSet</name>
         <value>0x4875</value>
         <object_component_ref idref="oc-e2"/>
      </symbol>
      <symbol id="sm-829">
         <name>TimerLoadSet</name>
         <value>0x4841</value>
         <object_component_ref idref="oc-16c"/>
      </symbol>
      <symbol id="sm-82a">
         <name>TimerEnable</name>
         <value>0x4895</value>
         <object_component_ref idref="oc-178"/>
      </symbol>
      <symbol id="sm-82b">
         <name>TimerIntEnable</name>
         <value>0x4917</value>
         <object_component_ref idref="oc-172"/>
      </symbol>
      <symbol id="sm-82c">
         <name>TimerConfigure</name>
         <value>0x3fb9</value>
         <object_component_ref idref="oc-166"/>
      </symbol>
      <symbol id="sm-82d">
         <name>TimerIntClear</name>
         <value>0x4939</value>
         <object_component_ref idref="oc-91"/>
      </symbol>
      <symbol id="sm-86e">
         <name>UARTDMAEnable</name>
         <value>0x491f</value>
         <object_component_ref idref="oc-136"/>
      </symbol>
      <symbol id="sm-86f">
         <name>UARTConfigSetExpClk</name>
         <value>0x43d9</value>
         <object_component_ref idref="oc-124"/>
      </symbol>
      <symbol id="sm-870">
         <name>UARTDisable</name>
         <value>0x46f9</value>
         <object_component_ref idref="oc-266"/>
      </symbol>
      <symbol id="sm-871">
         <name>UARTEnable</name>
         <value>0x47f1</value>
         <object_component_ref idref="oc-130"/>
      </symbol>
      <symbol id="sm-872">
         <name>UARTIntClear</name>
         <value>0x493d</value>
         <object_component_ref idref="oc-b8"/>
      </symbol>
      <symbol id="sm-873">
         <name>UARTIntStatus</name>
         <value>0x4905</value>
         <object_component_ref idref="oc-b2"/>
      </symbol>
      <symbol id="sm-874">
         <name>UARTFIFOLevelSet</name>
         <value>0x4933</value>
         <object_component_ref idref="oc-12a"/>
      </symbol>
      <symbol id="sm-8f6">
         <name>uDMAChannelControlSet</name>
         <value>0x46b1</value>
         <object_component_ref idref="oc-160"/>
      </symbol>
      <symbol id="sm-8f7">
         <name>uDMAErrorStatusGet</name>
         <value>0x48f9</value>
         <object_component_ref idref="oc-a3"/>
      </symbol>
      <symbol id="sm-8f8">
         <name>uDMAChannelModeGet</name>
         <value>0x4661</value>
         <object_component_ref idref="oc-be"/>
      </symbol>
      <symbol id="sm-8f9">
         <name>uDMAChannelAttributeEnable</name>
         <value>0x4421</value>
         <object_component_ref idref="oc-15a"/>
      </symbol>
      <symbol id="sm-8fa">
         <name>uDMAErrorStatusClear</name>
         <value>0x48ed</value>
         <object_component_ref idref="oc-a9"/>
      </symbol>
      <symbol id="sm-8fb">
         <name>uDMAChannelTransferSet</name>
         <value>0x3c49</value>
         <object_component_ref idref="oc-c4"/>
      </symbol>
      <symbol id="sm-8fc">
         <name>uDMAChannelAssign</name>
         <value>0x4635</value>
         <object_component_ref idref="oc-14e"/>
      </symbol>
      <symbol id="sm-8fd">
         <name>uDMAEnable</name>
         <value>0x4885</value>
         <object_component_ref idref="oc-142"/>
      </symbol>
      <symbol id="sm-8fe">
         <name>uDMAControlBaseSet</name>
         <value>0x48e1</value>
         <object_component_ref idref="oc-148"/>
      </symbol>
      <symbol id="sm-8ff">
         <name>uDMAChannelAttributeDisable</name>
         <value>0x4391</value>
         <object_component_ref idref="oc-154"/>
      </symbol>
      <symbol id="sm-900">
         <name>uDMAChannelEnable</name>
         <value>0x476d</value>
         <object_component_ref idref="oc-ca"/>
      </symbol>
      <symbol id="sm-912">
         <name>CPUcpsie</name>
         <value>0x48bd</value>
         <object_component_ref idref="oc-213"/>
      </symbol>
      <symbol id="sm-913">
         <name>CPUcpsid</name>
         <value>0x48b1</value>
         <object_component_ref idref="oc-20c"/>
      </symbol>
      <symbol id="sm-914">
         <name>__TI_static_base__</name>
         <value>0x0</value>
      </symbol>
      <symbol id="sm-917">
         <name>SHT$$INIT_ARRAY$$Limit</name>
         <value>0x0</value>
      </symbol>
      <symbol id="sm-918">
         <name>SHT$$INIT_ARRAY$$Base</name>
         <value>0x0</value>
      </symbol>
   </symbol_table>
   <title>Link successful</title>
</link_info>
